******************************************************************************
             TMS320C2000 Linker PC v15.12.3                    
******************************************************************************
>> Linked Fri Jun 15 21:19:40 2018

OUTPUT FILE NAME:   <SDU_Lab_1.out>
ENTRY POINT SYMBOL: "_c_int00"  address: 000092b6


MEMORY CONFIGURATION

         name            origin    length      used     unused   attr    fill
----------------------  --------  ---------  --------  --------  ----  --------
PAGE 0:
  BEGIN                 00000000   00000002  00000002  00000000  RWIX
  RAMM0                 00000050   000003b0  00000000  000003b0  RWIX
  RAML0                 00008000   00001000  0000002d  00000fd3  RWIX
  RAML1                 00009000   00001000  000004a7  00000b59  RWIX
  RAML2                 0000a000   00001000  00000000  00001000  RWIX
  RAML3                 0000b000   00001000  00000000  00001000  RWIX
  ZONE7A                00200000   0000fc00  00000000  0000fc00  RWIX
  CSM_RSVD              0033ff80   00000076  00000000  00000076  RWIX
  CSM_PWL               0033fff8   00000008  00000000  00000008  RWIX
  ADC_CAL               00380080   00000009  00000007  00000002  RWIX
  IQTABLES              003fe000   00000b50  00000b50  00000000  RWIX
  IQTABLES2             003feb50   0000008c  00000000  0000008c  RWIX
  FPUTABLES             003febdc   000006a0  00000000  000006a0  RWIX
  BOOTROM               003ff27c   00000d44  00000000  00000d44  RWIX
  RESET                 003fffc0   00000002  00000000  00000002  RWIX

PAGE 1:
  BOOT_RSVD             00000002   0000004e  00000000  0000004e  RWIX
  RAMM1                 00000400   00000400  00000300  00000100  RWIX
  DEV_EMU               00000880   00000180  000000d0  000000b0  RWIX
  FLASH_REGS            00000a80   00000060  00000008  00000058  RWIX
  CSM                   00000ae0   00000010  00000010  00000000  RWIX
  ADC_MIRROR            00000b00   00000010  00000010  00000000  RWIX
  XINTF                 00000b20   00000020  0000001e  00000002  RWIX
  CPU_TIMER0            00000c00   00000008  00000008  00000000  RWIX
  CPU_TIMER1            00000c08   00000008  00000008  00000000  RWIX
  CPU_TIMER2            00000c10   00000008  00000008  00000000  RWIX
  PIE_CTRL              00000ce0   00000020  0000001a  00000006  RWIX
  PIE_VECT              00000d00   00000100  00000100  00000000  RWIX
  DMA                   00001000   00000200  000000e0  00000120  RWIX
  MCBSPA                00005000   00000040  00000025  0000001b  RWIX
  MCBSPB                00005040   00000040  00000025  0000001b  RWIX
  ECANA                 00006000   00000040  00000034  0000000c  RWIX
  ECANA_LAM             00006040   00000040  00000040  00000000  RWIX
  ECANA_MOTS            00006080   00000040  00000040  00000000  RWIX
  ECANA_MOTO            000060c0   00000040  00000040  00000000  RWIX
  ECANA_MBOX            00006100   00000100  00000100  00000000  RWIX
  ECANB                 00006200   00000040  00000034  0000000c  RWIX
  ECANB_LAM             00006240   00000040  00000040  00000000  RWIX
  ECANB_MOTS            00006280   00000040  00000040  00000000  RWIX
  ECANB_MOTO            000062c0   00000040  00000040  00000000  RWIX
  ECANB_MBOX            00006300   00000100  00000100  00000000  RWIX
  EPWM1                 00006800   00000022  00000022  00000000  RWIX
  EPWM2                 00006840   00000022  00000022  00000000  RWIX
  EPWM3                 00006880   00000022  00000022  00000000  RWIX
  EPWM4                 000068c0   00000022  00000022  00000000  RWIX
  EPWM5                 00006900   00000022  00000022  00000000  RWIX
  EPWM6                 00006940   00000022  00000022  00000000  RWIX
  ECAP1                 00006a00   00000020  00000020  00000000  RWIX
  ECAP2                 00006a20   00000020  00000020  00000000  RWIX
  ECAP3                 00006a40   00000020  00000020  00000000  RWIX
  ECAP4                 00006a60   00000020  00000020  00000000  RWIX
  ECAP5                 00006a80   00000020  00000020  00000000  RWIX
  ECAP6                 00006aa0   00000020  00000020  00000000  RWIX
  EQEP1                 00006b00   00000040  00000040  00000000  RWIX
  EQEP2                 00006b40   00000040  00000040  00000000  RWIX
  GPIOCTRL              00006f80   00000040  0000002e  00000012  RWIX
  GPIODAT               00006fc0   00000020  00000020  00000000  RWIX
  GPIOINT               00006fe0   00000020  0000000a  00000016  RWIX
  SYSTEM                00007010   00000020  00000020  00000000  RWIX
  SPIA                  00007040   00000010  00000010  00000000  RWIX
  SCIA                  00007050   00000010  00000010  00000000  RWIX
  XINTRUPT              00007070   00000010  00000010  00000000  RWIX
  ADC                   00007100   00000020  0000001e  00000002  RWIX
  SCIB                  00007750   00000010  00000010  00000000  RWIX
  SCIC                  00007770   00000010  00000010  00000000  RWIX
  I2CA                  00007900   00000040  00000022  0000001e  RWIX
  RAML4                 0000c000   00001000  00000014  00000fec  RWIX
  RAML5                 0000d000   00001000  00000004  00000ffc  RWIX
  RAML6                 0000e000   00001000  00000000  00001000  RWIX
  RAML7                 0000f000   00001000  00000000  00001000  RWIX
  ZONE7B                0020fc00   00000400  00000000  00000400  RWIX
  CSM_PWL               0033fff8   00000008  00000008  00000000  RWIX
  PARTID                00380090   00000001  00000001  00000000  RWIX


SECTION ALLOCATION MAP

 output                                  attributes/
section   page    origin      length       input sections
--------  ----  ----------  ----------   ----------------
codestart 
*          0    00000000    00000002     
                  00000000    00000002     DSP2833x_CodeStartBranch.obj (codestart)

.cinit     0    00008000    00000029     
                  00008000    0000000f     SDU_lab_2_1_priprema_2017_2018.obj (.cinit)
                  0000800f    0000000e     rts2800_fpu32.lib : exit.obj (.cinit)
                  0000801d    00000005                       : _lock.obj (.cinit:__lock)
                  00008022    00000005                       : _lock.obj (.cinit:__unlock)
                  00008027    00000002     --HOLE-- [fill = 0]

ramfuncs   0    00008029    00000004     
                  00008029    00000004     DSP2833x_usDelay.obj (ramfuncs)

.text      0    00009000    00000419     
                  00009000    00000164     SDU_lab_2_1_priprema_2017_2018.obj (.text)
                  00009164    000000cf     PWMconfig.obj (.text)
                  00009233    00000083     rts2800_fpu32.lib : fd_mpy.obj (.text)
                  000092b6    00000056                       : boot.obj (.text)
                  0000930c    00000046                       : cpy_tbl.obj (.text)
                  00009352    00000029                       : exit.obj (.text)
                  0000937b    0000001f                       : fd_tol.obj (.text)
                  0000939a    0000001c                       : fs_tofd.obj (.text)
                  000093b6    0000001c                       : l_tofd.obj (.text)
                  000093d2    0000001a                       : cpy_utils.obj (.text)
                  000093ec    00000019                       : args_main.obj (.text)
                  00009405    00000009                       : _lock.obj (.text)
                  0000940e    00000008     DSP2833x_CodeStartBranch.obj (.text)
                  00009416    00000002     rts2800_fpu32.lib : pre_init.obj (.text)
                  00009418    00000001                       : startup.obj (.text)

.pinit     0    00008000    00000000     UNINITIALIZED

IQmath     0    00009419    0000008e     
                  00009419    00000047     IQmath_fpu32.lib : IQ18div.obj (IQmath)
                  00009460    00000031                      : IQ18sin.obj (IQmath)
                  00009491    00000016                      : IQ18toF.obj (IQmath)

.adc_cal   0    00380080    00000007     NOLOAD SECTION
                  00380080    00000007     DSP2833x_ADC_cal.obj (.adc_cal)

IQmathTables 
*          0    003fe000    00000b50     NOLOAD SECTION
                  003fe000    00000b50     IQmath_fpu32.lib : IQmathTables.obj (IQmathTables)

.stack     1    00000400    00000300     UNINITIALIZED
                  00000400    00000300     --HOLE--

DevEmuRegsFile 
*          1    00000880    000000d0     UNINITIALIZED
                  00000880    000000d0     DSP2833x_GlobalVariableDefs.obj (DevEmuRegsFile)

FlashRegsFile 
*          1    00000a80    00000008     UNINITIALIZED
                  00000a80    00000008     DSP2833x_GlobalVariableDefs.obj (FlashRegsFile)

CsmRegsFile 
*          1    00000ae0    00000010     UNINITIALIZED
                  00000ae0    00000010     DSP2833x_GlobalVariableDefs.obj (CsmRegsFile)

AdcMirrorFile 
*          1    00000b00    00000010     UNINITIALIZED
                  00000b00    00000010     DSP2833x_GlobalVariableDefs.obj (AdcMirrorFile)

XintfRegsFile 
*          1    00000b20    0000001e     UNINITIALIZED
                  00000b20    0000001e     DSP2833x_GlobalVariableDefs.obj (XintfRegsFile)

CpuTimer0RegsFile 
*          1    00000c00    00000008     UNINITIALIZED
                  00000c00    00000008     DSP2833x_GlobalVariableDefs.obj (CpuTimer0RegsFile)

CpuTimer1RegsFile 
*          1    00000c08    00000008     UNINITIALIZED
                  00000c08    00000008     DSP2833x_GlobalVariableDefs.obj (CpuTimer1RegsFile)

CpuTimer2RegsFile 
*          1    00000c10    00000008     UNINITIALIZED
                  00000c10    00000008     DSP2833x_GlobalVariableDefs.obj (CpuTimer2RegsFile)

PieCtrlRegsFile 
*          1    00000ce0    0000001a     UNINITIALIZED
                  00000ce0    0000001a     DSP2833x_GlobalVariableDefs.obj (PieCtrlRegsFile)

PieVectTableFile 
*          1    00000d00    00000100     UNINITIALIZED
                  00000d00    00000100     DSP2833x_GlobalVariableDefs.obj (PieVectTableFile)

DmaRegsFile 
*          1    00001000    000000e0     UNINITIALIZED
                  00001000    000000e0     DSP2833x_GlobalVariableDefs.obj (DmaRegsFile)

McbspaRegsFile 
*          1    00005000    00000025     UNINITIALIZED
                  00005000    00000025     DSP2833x_GlobalVariableDefs.obj (McbspaRegsFile)

McbspbRegsFile 
*          1    00005040    00000025     UNINITIALIZED
                  00005040    00000025     DSP2833x_GlobalVariableDefs.obj (McbspbRegsFile)

ECanaRegsFile 
*          1    00006000    00000034     UNINITIALIZED
                  00006000    00000034     DSP2833x_GlobalVariableDefs.obj (ECanaRegsFile)

ECanaLAMRegsFile 
*          1    00006040    00000040     UNINITIALIZED
                  00006040    00000040     DSP2833x_GlobalVariableDefs.obj (ECanaLAMRegsFile)

ECanaMOTSRegsFile 
*          1    00006080    00000040     UNINITIALIZED
                  00006080    00000040     DSP2833x_GlobalVariableDefs.obj (ECanaMOTSRegsFile)

ECanaMOTORegsFile 
*          1    000060c0    00000040     UNINITIALIZED
                  000060c0    00000040     DSP2833x_GlobalVariableDefs.obj (ECanaMOTORegsFile)

ECanaMboxesFile 
*          1    00006100    00000100     UNINITIALIZED
                  00006100    00000100     DSP2833x_GlobalVariableDefs.obj (ECanaMboxesFile)

ECanbRegsFile 
*          1    00006200    00000034     UNINITIALIZED
                  00006200    00000034     DSP2833x_GlobalVariableDefs.obj (ECanbRegsFile)

ECanbLAMRegsFile 
*          1    00006240    00000040     UNINITIALIZED
                  00006240    00000040     DSP2833x_GlobalVariableDefs.obj (ECanbLAMRegsFile)

ECanbMOTSRegsFile 
*          1    00006280    00000040     UNINITIALIZED
                  00006280    00000040     DSP2833x_GlobalVariableDefs.obj (ECanbMOTSRegsFile)

ECanbMOTORegsFile 
*          1    000062c0    00000040     UNINITIALIZED
                  000062c0    00000040     DSP2833x_GlobalVariableDefs.obj (ECanbMOTORegsFile)

ECanbMboxesFile 
*          1    00006300    00000100     UNINITIALIZED
                  00006300    00000100     DSP2833x_GlobalVariableDefs.obj (ECanbMboxesFile)

EPwm1RegsFile 
*          1    00006800    00000022     UNINITIALIZED
                  00006800    00000022     DSP2833x_GlobalVariableDefs.obj (EPwm1RegsFile)

EPwm2RegsFile 
*          1    00006840    00000022     UNINITIALIZED
                  00006840    00000022     DSP2833x_GlobalVariableDefs.obj (EPwm2RegsFile)

EPwm3RegsFile 
*          1    00006880    00000022     UNINITIALIZED
                  00006880    00000022     DSP2833x_GlobalVariableDefs.obj (EPwm3RegsFile)

EPwm4RegsFile 
*          1    000068c0    00000022     UNINITIALIZED
                  000068c0    00000022     DSP2833x_GlobalVariableDefs.obj (EPwm4RegsFile)

EPwm5RegsFile 
*          1    00006900    00000022     UNINITIALIZED
                  00006900    00000022     DSP2833x_GlobalVariableDefs.obj (EPwm5RegsFile)

EPwm6RegsFile 
*          1    00006940    00000022     UNINITIALIZED
                  00006940    00000022     DSP2833x_GlobalVariableDefs.obj (EPwm6RegsFile)

ECap1RegsFile 
*          1    00006a00    00000020     UNINITIALIZED
                  00006a00    00000020     DSP2833x_GlobalVariableDefs.obj (ECap1RegsFile)

ECap2RegsFile 
*          1    00006a20    00000020     UNINITIALIZED
                  00006a20    00000020     DSP2833x_GlobalVariableDefs.obj (ECap2RegsFile)

ECap3RegsFile 
*          1    00006a40    00000020     UNINITIALIZED
                  00006a40    00000020     DSP2833x_GlobalVariableDefs.obj (ECap3RegsFile)

ECap4RegsFile 
*          1    00006a60    00000020     UNINITIALIZED
                  00006a60    00000020     DSP2833x_GlobalVariableDefs.obj (ECap4RegsFile)

ECap5RegsFile 
*          1    00006a80    00000020     UNINITIALIZED
                  00006a80    00000020     DSP2833x_GlobalVariableDefs.obj (ECap5RegsFile)

ECap6RegsFile 
*          1    00006aa0    00000020     UNINITIALIZED
                  00006aa0    00000020     DSP2833x_GlobalVariableDefs.obj (ECap6RegsFile)

EQep1RegsFile 
*          1    00006b00    00000040     UNINITIALIZED
                  00006b00    00000040     DSP2833x_GlobalVariableDefs.obj (EQep1RegsFile)

EQep2RegsFile 
*          1    00006b40    00000040     UNINITIALIZED
                  00006b40    00000040     DSP2833x_GlobalVariableDefs.obj (EQep2RegsFile)

GpioCtrlRegsFile 
*          1    00006f80    0000002e     UNINITIALIZED
                  00006f80    0000002e     DSP2833x_GlobalVariableDefs.obj (GpioCtrlRegsFile)

GpioDataRegsFile 
*          1    00006fc0    00000020     UNINITIALIZED
                  00006fc0    00000020     DSP2833x_GlobalVariableDefs.obj (GpioDataRegsFile)

GpioIntRegsFile 
*          1    00006fe0    0000000a     UNINITIALIZED
                  00006fe0    0000000a     DSP2833x_GlobalVariableDefs.obj (GpioIntRegsFile)

SysCtrlRegsFile 
*          1    00007010    00000020     UNINITIALIZED
                  00007010    00000020     DSP2833x_GlobalVariableDefs.obj (SysCtrlRegsFile)

SpiaRegsFile 
*          1    00007040    00000010     UNINITIALIZED
                  00007040    00000010     DSP2833x_GlobalVariableDefs.obj (SpiaRegsFile)

SciaRegsFile 
*          1    00007050    00000010     UNINITIALIZED
                  00007050    00000010     DSP2833x_GlobalVariableDefs.obj (SciaRegsFile)

XIntruptRegsFile 
*          1    00007070    00000010     UNINITIALIZED
                  00007070    00000010     DSP2833x_GlobalVariableDefs.obj (XIntruptRegsFile)

AdcRegsFile 
*          1    00007100    0000001e     UNINITIALIZED
                  00007100    0000001e     DSP2833x_GlobalVariableDefs.obj (AdcRegsFile)

ScibRegsFile 
*          1    00007750    00000010     UNINITIALIZED
                  00007750    00000010     DSP2833x_GlobalVariableDefs.obj (ScibRegsFile)

ScicRegsFile 
*          1    00007770    00000010     UNINITIALIZED
                  00007770    00000010     DSP2833x_GlobalVariableDefs.obj (ScicRegsFile)

I2caRegsFile 
*          1    00007900    00000022     UNINITIALIZED
                  00007900    00000022     DSP2833x_GlobalVariableDefs.obj (I2caRegsFile)

.ebss      1    0000c000    00000014     UNINITIALIZED
                  0000c000    0000000a     SDU_lab_2_1_priprema_2017_2018.obj (.ebss)
                  0000c00a    00000006     rts2800_fpu32.lib : exit.obj (.ebss)
                  0000c010    00000002                       : _lock.obj (.ebss:__lock)
                  0000c012    00000002                       : _lock.obj (.ebss:__unlock)

.econst    1    0000d000    00000004     
                  0000d000    00000004     SDU_lab_2_1_priprema_2017_2018.obj (.econst)

.reset     0    003fffc0    00000002     DSECT
                  003fffc0    00000002     rts2800_fpu32.lib : boot.obj (.reset)

csm_rsvd   0    0033ff80    00000000     DSECT

csmpasswds 
*          0    0033fff8    00000000     DSECT

CsmPwlFile 
*          1    0033fff8    00000008     UNINITIALIZED
                  0033fff8    00000008     DSP2833x_GlobalVariableDefs.obj (CsmPwlFile)

PartIdRegsFile 
*          1    00380090    00000001     UNINITIALIZED
                  00380090    00000001     DSP2833x_GlobalVariableDefs.obj (PartIdRegsFile)

MODULE SUMMARY

       Module                               code   ro data   rw data
       ------                               ----   -------   -------
    .\
       DSP2833x_GlobalVariableDefs.obj      0      0         2679   
       SDU_lab_2_1_priprema_2017_2018.obj   356    0         29     
       PWMconfig.obj                        207    0         0      
       DSP2833x_CodeStartBranch.obj         10     0         0      
       DSP2833x_ADC_cal.obj                 7      0         0      
       DSP2833x_usDelay.obj                 4      0         0      
    +--+------------------------------------+------+---------+---------+
       Total:                               584    0         2708   
                                                                    
    ../IQmath_fpu32.lib
       IQmathTables.obj                     0      0         2896   
       IQ18div.obj                          71     0         0      
       IQ18sin.obj                          49     0         0      
       IQ18toF.obj                          22     0         0      
    +--+------------------------------------+------+---------+---------+
       Total:                               142    0         2896   
                                                                    
    C:\ti\ccsv6\tools\compiler\c2000_15.12.3.LTS\lib\rts2800_fpu32.lib
       fd_mpy.obj                           131    0         0      
       boot.obj                             86     0         0      
       cpy_tbl.obj                          70     0         0      
       exit.obj                             41     0         20     
       fd_tol.obj                           31     0         0      
       fs_tofd.obj                          28     0         0      
       l_tofd.obj                           28     0         0      
       cpy_utils.obj                        26     0         0      
       args_main.obj                        25     0         0      
       _lock.obj                            9      0         14     
       pre_init.obj                         2      0         0      
       startup.obj                          1      0         0      
    +--+------------------------------------+------+---------+---------+
       Total:                               478    0         34     
                                                                    
       Stack:                               0      0         768    
    +--+------------------------------------+------+---------+---------+
       Grand Total:                         1204   0         6406   


GLOBAL DATA SYMBOLS: SORTED BY DATA PAGE

address     data page           name
--------    ----------------    ----
00000400      10 (00000400)     __stack

00000880      22 (00000880)     _DevEmuRegs

00000a80      2a (00000a80)     _FlashRegs

00000ae0      2b (00000ac0)     _CsmRegs

00000b00      2c (00000b00)     _AdcMirror
00000b20      2c (00000b00)     _XintfRegs

00000c00      30 (00000c00)     _CpuTimer0Regs
00000c08      30 (00000c00)     _CpuTimer1Regs
00000c10      30 (00000c00)     _CpuTimer2Regs

00000ce0      33 (00000cc0)     _PieCtrlRegs

00000d00      34 (00000d00)     _PieVectTable

00001000      40 (00001000)     _DmaRegs

00005000     140 (00005000)     _McbspaRegs

00005040     141 (00005040)     _McbspbRegs

00006000     180 (00006000)     _ECanaRegs

00006040     181 (00006040)     _ECanaLAMRegs

00006080     182 (00006080)     _ECanaMOTSRegs

000060c0     183 (000060c0)     _ECanaMOTORegs

00006100     184 (00006100)     _ECanaMboxes

00006200     188 (00006200)     _ECanbRegs

00006240     189 (00006240)     _ECanbLAMRegs

00006280     18a (00006280)     _ECanbMOTSRegs

000062c0     18b (000062c0)     _ECanbMOTORegs

00006300     18c (00006300)     _ECanbMboxes

00006800     1a0 (00006800)     _EPwm1Regs

00006840     1a1 (00006840)     _EPwm2Regs

00006880     1a2 (00006880)     _EPwm3Regs

000068c0     1a3 (000068c0)     _EPwm4Regs

00006900     1a4 (00006900)     _EPwm5Regs

00006940     1a5 (00006940)     _EPwm6Regs

00006a00     1a8 (00006a00)     _ECap1Regs
00006a20     1a8 (00006a00)     _ECap2Regs

00006a40     1a9 (00006a40)     _ECap3Regs
00006a60     1a9 (00006a40)     _ECap4Regs

00006a80     1aa (00006a80)     _ECap5Regs
00006aa0     1aa (00006a80)     _ECap6Regs

00006b00     1ac (00006b00)     _EQep1Regs

00006b40     1ad (00006b40)     _EQep2Regs

00006f80     1be (00006f80)     _GpioCtrlRegs

00006fc0     1bf (00006fc0)     _GpioDataRegs
00006fe0     1bf (00006fc0)     _GpioIntRegs

00007010     1c0 (00007000)     _SysCtrlRegs

00007040     1c1 (00007040)     _SpiaRegs
00007050     1c1 (00007040)     _SciaRegs
00007070     1c1 (00007040)     _XIntruptRegs

00007100     1c4 (00007100)     _AdcRegs

00007750     1dd (00007740)     _ScibRegs
00007770     1dd (00007740)     _ScicRegs

00007900     1e4 (00007900)     _I2caRegs

0000c000     300 (0000c000)     _ws
0000c002     300 (0000c000)     _w
0000c004     300 (0000c000)     _un
0000c006     300 (0000c000)     _sum
0000c008     300 (0000c000)     _wpids
0000c00a     300 (0000c000)     ___TI_enable_exit_profile_output
0000c00c     300 (0000c000)     ___TI_cleanup_ptr
0000c00e     300 (0000c000)     ___TI_dtors_ptr
0000c010     300 (0000c000)     __lock
0000c012     300 (0000c000)     __unlock

0033fff8    cfff (0033ffc0)     _CsmPwl

00380090    e002 (00380080)     _PartIdRegs

003fe000    ff80 (003fe000)     _IQsinTable

003fe100    ff84 (003fe100)     _IQcosTable

003fe400    ff90 (003fe400)     _IQsinTableEnd

003fe502    ff94 (003fe500)     _IQcosTableEnd
003fe502    ff94 (003fe500)     _IQdivRoundSatTable
003fe510    ff94 (003fe500)     _IQdivTable

003fe712    ff9c (003fe700)     _IQdivTableEnd
003fe712    ff9c (003fe700)     _IQisqrtRoundSatTable
003fe712    ff9c (003fe700)     _IQsqrtRoundSatTable
003fe722    ff9c (003fe700)     _IQisqrtTable
003fe722    ff9c (003fe700)     _IQsqrtTable

003fe824    ffa0 (003fe800)     _IQatan2HalfPITable
003fe824    ffa0 (003fe800)     _IQisqrtTableEnd
003fe824    ffa0 (003fe800)     _IQsqrtTableEnd

003fe862    ffa1 (003fe840)     _IQatan2Table

003fe9e8    ffa7 (003fe9c0)     _IQ30mpyRndSatTable
003fe9e8    ffa7 (003fe9c0)     _IQatan2TableEnd
003fe9e8    ffa7 (003fe9c0)     _IQmpyRndSatTable
003fe9f4    ffa7 (003fe9c0)     _IQ29mpyRndSatTable

003fea00    ffa8 (003fea00)     _IQ28mpyRndSatTable
003fea0c    ffa8 (003fea00)     _IQ27mpyRndSatTable
003fea18    ffa8 (003fea00)     _IQ26mpyRndSatTable
003fea24    ffa8 (003fea00)     _IQ25mpyRndSatTable
003fea30    ffa8 (003fea00)     _IQ24mpyRndSatTable
003fea3c    ffa8 (003fea00)     _IQ23mpyRndSatTable

003fea48    ffa9 (003fea40)     _IQ22mpyRndSatTable
003fea54    ffa9 (003fea40)     _IQ21mpyRndSatTable
003fea60    ffa9 (003fea40)     _IQ20mpyRndSatTable
003fea6c    ffa9 (003fea40)     _IQ19mpyRndSatTable
003fea78    ffa9 (003fea40)     _IQ18mpyRndSatTable

003fea84    ffaa (003fea80)     _IQ17mpyRndSatTable
003fea90    ffaa (003fea80)     _IQ16mpyRndSatTable
003fea9c    ffaa (003fea80)     _IQ15mpyRndSatTable
003feaa8    ffaa (003fea80)     _IQ14mpyRndSatTable
003feab4    ffaa (003fea80)     _IQ13mpyRndSatTable

003feac0    ffab (003feac0)     _IQ12mpyRndSatTable
003feacc    ffab (003feac0)     _IQ11mpyRndSatTable
003fead8    ffab (003feac0)     _IQ10mpyRndSatTable
003feae4    ffab (003feac0)     _IQ9mpyRndSatTable
003feaf0    ffab (003feac0)     _IQ8mpyRndSatTable
003feafc    ffab (003feac0)     _IQ7mpyRndSatTable

003feb08    ffac (003feb00)     _IQ6mpyRndSatTable
003feb14    ffac (003feb00)     _IQ5mpyRndSatTable
003feb20    ffac (003feb00)     _IQ4mpyRndSatTable
003feb2c    ffac (003feb00)     _IQ3mpyRndSatTable
003feb38    ffac (003feb00)     _IQ2mpyRndSatTable

003feb44    ffad (003feb40)     _IQ1mpyRndSatTable
003feb50    ffad (003feb40)     _IQmpyRndSatTableEnd


GLOBAL SYMBOLS: SORTED ALPHABETICALLY BY Name 

page  address   name                            
----  -------   ----                            
0     00009000  .text                           
0     00009352  C$$EXIT                         
0     00009233  FD$$MPY                         
0     0000937b  FD$$TOL                         
0     0000939a  FS$$TOFD                        
0     000093b6  L$$TOFD                         
0     00380080  _ADC_cal                        
1     00000b00  _AdcMirror                      
1     00007100  _AdcRegs                        
1     00000c00  _CpuTimer0Regs                  
1     00000c08  _CpuTimer1Regs                  
1     00000c10  _CpuTimer2Regs                  
1     0033fff8  _CsmPwl                         
1     00000ae0  _CsmRegs                        
0     00008029  _DSP28x_usDelay                 
1     00000880  _DevEmuRegs                     
1     00001000  _DmaRegs                        
1     00006040  _ECanaLAMRegs                   
1     000060c0  _ECanaMOTORegs                  
1     00006080  _ECanaMOTSRegs                  
1     00006100  _ECanaMboxes                    
1     00006000  _ECanaRegs                      
1     00006240  _ECanbLAMRegs                   
1     000062c0  _ECanbMOTORegs                  
1     00006280  _ECanbMOTSRegs                  
1     00006300  _ECanbMboxes                    
1     00006200  _ECanbRegs                      
1     00006a00  _ECap1Regs                      
1     00006a20  _ECap2Regs                      
1     00006a40  _ECap3Regs                      
1     00006a60  _ECap4Regs                      
1     00006a80  _ECap5Regs                      
1     00006aa0  _ECap6Regs                      
1     00006800  _EPwm1Regs                      
1     00006840  _EPwm2Regs                      
1     00006880  _EPwm3Regs                      
1     000068c0  _EPwm4Regs                      
1     00006900  _EPwm5Regs                      
1     00006940  _EPwm6Regs                      
1     00006b00  _EQep1Regs                      
1     00006b40  _EQep2Regs                      
1     00000a80  _FlashRegs                      
1     00006f80  _GpioCtrlRegs                   
1     00006fc0  _GpioDataRegs                   
1     00006fe0  _GpioIntRegs                    
1     00007900  _I2caRegs                       
0     003fead8  _IQ10mpyRndSatTable             
0     003feacc  _IQ11mpyRndSatTable             
0     003feac0  _IQ12mpyRndSatTable             
0     003feab4  _IQ13mpyRndSatTable             
0     003feaa8  _IQ14mpyRndSatTable             
0     003fea9c  _IQ15mpyRndSatTable             
0     003fea90  _IQ16mpyRndSatTable             
0     003fea84  _IQ17mpyRndSatTable             
0     003fea78  _IQ18mpyRndSatTable             
0     003fea6c  _IQ19mpyRndSatTable             
0     003feb44  _IQ1mpyRndSatTable              
0     003fea60  _IQ20mpyRndSatTable             
0     003fea54  _IQ21mpyRndSatTable             
0     003fea48  _IQ22mpyRndSatTable             
0     003fea3c  _IQ23mpyRndSatTable             
0     003fea30  _IQ24mpyRndSatTable             
0     003fea24  _IQ25mpyRndSatTable             
0     003fea18  _IQ26mpyRndSatTable             
0     003fea0c  _IQ27mpyRndSatTable             
0     003fea00  _IQ28mpyRndSatTable             
0     003fe9f4  _IQ29mpyRndSatTable             
0     003feb38  _IQ2mpyRndSatTable              
0     003fe9e8  _IQ30mpyRndSatTable             
0     003feb2c  _IQ3mpyRndSatTable              
0     003feb20  _IQ4mpyRndSatTable              
0     003feb14  _IQ5mpyRndSatTable              
0     003feb08  _IQ6mpyRndSatTable              
0     003feafc  _IQ7mpyRndSatTable              
0     003feaf0  _IQ8mpyRndSatTable              
0     003feae4  _IQ9mpyRndSatTable              
0     003fe824  _IQatan2HalfPITable             
0     003fe862  _IQatan2Table                   
0     003fe9e8  _IQatan2TableEnd                
0     003fe100  _IQcosTable                     
0     003fe502  _IQcosTableEnd                  
0     003fe502  _IQdivRoundSatTable             
0     003fe510  _IQdivTable                     
0     003fe712  _IQdivTableEnd                  
0     003fe712  _IQisqrtRoundSatTable           
0     003fe722  _IQisqrtTable                   
0     003fe824  _IQisqrtTableEnd                
0     003fe9e8  _IQmpyRndSatTable               
0     003feb50  _IQmpyRndSatTableEnd            
0     003fe000  _IQsinTable                     
0     003fe400  _IQsinTableEnd                  
0     003fe712  _IQsqrtRoundSatTable            
0     003fe722  _IQsqrtTable                    
0     003fe824  _IQsqrtTableEnd                 
1     00005000  _McbspaRegs                     
1     00005040  _McbspbRegs                     
1     00380090  _PartIdRegs                     
1     00000ce0  _PieCtrlRegs                    
1     00000d00  _PieVectTable                   
1     00007050  _SciaRegs                       
1     00007750  _ScibRegs                       
1     00007770  _ScicRegs                       
0     00009164  _Setup_ePWM                     
1     00007040  _SpiaRegs                       
1     00007010  _SysCtrlRegs                    
1     00007070  _XIntruptRegs                   
1     00000b20  _XintfRegs                      
0     00009419  __IQ18div                       
0     00009460  __IQ18sin                       
0     00009491  __IQ18toF                       
1     00000700  __STACK_END                     
abs   00000300  __STACK_SIZE                    
1     0000c00c  ___TI_cleanup_ptr               
1     0000c00e  ___TI_dtors_ptr                 
1     0000c00a  ___TI_enable_exit_profile_output
abs   ffffffff  ___TI_pprof_out_hndl            
abs   ffffffff  ___TI_prof_data_size            
abs   ffffffff  ___TI_prof_data_start           
abs   ffffffff  ___binit__                      
abs   ffffffff  ___c_args__                     
0     00008000  ___cinit__                      
0     00009419  ___etext__                      
abs   ffffffff  ___pinit__                      
0     00009000  ___text__                       
0     000093ec  __args_main                     
1     0000c010  __lock                          
0     0000940d  __nop                           
0     00009409  __register_lock                 
0     00009405  __register_unlock               
1     00000400  __stack                         
0     00009418  __system_post_cinit             
0     00009416  __system_pre_init               
1     0000c012  __unlock                        
0     00009352  _abort                          
0     000092b6  _c_int00                        
0     0000930c  _copy_in                        
0     000093d2  _ddcopy                         
0     000093d2  _dpcopy                         
0     00009354  _exit                           
0     00009000  _main                           
0     000093d2  _pdcopy                         
0     000093d2  _ppcopy                         
1     0000c006  _sum                            
1     0000c004  _un                             
1     0000c002  _w                              
1     0000c008  _wpids                          
1     0000c000  _ws                             
abs   ffffffff  binit                           
0     00008000  cinit                           
0     00000000  code_start                      
0     00009419  etext                           
abs   ffffffff  pinit                           


GLOBAL SYMBOLS: SORTED BY Symbol Address 

page  address   name                            
----  -------   ----                            
0     00000000  code_start                      
0     00008000  ___cinit__                      
0     00008000  cinit                           
0     00008029  _DSP28x_usDelay                 
0     00009000  .text                           
0     00009000  ___text__                       
0     00009000  _main                           
0     00009164  _Setup_ePWM                     
0     00009233  FD$$MPY                         
0     000092b6  _c_int00                        
0     0000930c  _copy_in                        
0     00009352  C$$EXIT                         
0     00009352  _abort                          
0     00009354  _exit                           
0     0000937b  FD$$TOL                         
0     0000939a  FS$$TOFD                        
0     000093b6  L$$TOFD                         
0     000093d2  _ddcopy                         
0     000093d2  _dpcopy                         
0     000093d2  _pdcopy                         
0     000093d2  _ppcopy                         
0     000093ec  __args_main                     
0     00009405  __register_unlock               
0     00009409  __register_lock                 
0     0000940d  __nop                           
0     00009416  __system_pre_init               
0     00009418  __system_post_cinit             
0     00009419  __IQ18div                       
0     00009419  ___etext__                      
0     00009419  etext                           
0     00009460  __IQ18sin                       
0     00009491  __IQ18toF                       
0     00380080  _ADC_cal                        
0     003fe000  _IQsinTable                     
0     003fe100  _IQcosTable                     
0     003fe400  _IQsinTableEnd                  
0     003fe502  _IQcosTableEnd                  
0     003fe502  _IQdivRoundSatTable             
0     003fe510  _IQdivTable                     
0     003fe712  _IQdivTableEnd                  
0     003fe712  _IQisqrtRoundSatTable           
0     003fe712  _IQsqrtRoundSatTable            
0     003fe722  _IQisqrtTable                   
0     003fe722  _IQsqrtTable                    
0     003fe824  _IQatan2HalfPITable             
0     003fe824  _IQisqrtTableEnd                
0     003fe824  _IQsqrtTableEnd                 
0     003fe862  _IQatan2Table                   
0     003fe9e8  _IQ30mpyRndSatTable             
0     003fe9e8  _IQatan2TableEnd                
0     003fe9e8  _IQmpyRndSatTable               
0     003fe9f4  _IQ29mpyRndSatTable             
0     003fea00  _IQ28mpyRndSatTable             
0     003fea0c  _IQ27mpyRndSatTable             
0     003fea18  _IQ26mpyRndSatTable             
0     003fea24  _IQ25mpyRndSatTable             
0     003fea30  _IQ24mpyRndSatTable             
0     003fea3c  _IQ23mpyRndSatTable             
0     003fea48  _IQ22mpyRndSatTable             
0     003fea54  _IQ21mpyRndSatTable             
0     003fea60  _IQ20mpyRndSatTable             
0     003fea6c  _IQ19mpyRndSatTable             
0     003fea78  _IQ18mpyRndSatTable             
0     003fea84  _IQ17mpyRndSatTable             
0     003fea90  _IQ16mpyRndSatTable             
0     003fea9c  _IQ15mpyRndSatTable             
0     003feaa8  _IQ14mpyRndSatTable             
0     003feab4  _IQ13mpyRndSatTable             
0     003feac0  _IQ12mpyRndSatTable             
0     003feacc  _IQ11mpyRndSatTable             
0     003fead8  _IQ10mpyRndSatTable             
0     003feae4  _IQ9mpyRndSatTable              
0     003feaf0  _IQ8mpyRndSatTable              
0     003feafc  _IQ7mpyRndSatTable              
0     003feb08  _IQ6mpyRndSatTable              
0     003feb14  _IQ5mpyRndSatTable              
0     003feb20  _IQ4mpyRndSatTable              
0     003feb2c  _IQ3mpyRndSatTable              
0     003feb38  _IQ2mpyRndSatTable              
0     003feb44  _IQ1mpyRndSatTable              
0     003feb50  _IQmpyRndSatTableEnd            
1     00000400  __stack                         
1     00000700  __STACK_END                     
1     00000880  _DevEmuRegs                     
1     00000a80  _FlashRegs                      
1     00000ae0  _CsmRegs                        
1     00000b00  _AdcMirror                      
1     00000b20  _XintfRegs                      
1     00000c00  _CpuTimer0Regs                  
1     00000c08  _CpuTimer1Regs                  
1     00000c10  _CpuTimer2Regs                  
1     00000ce0  _PieCtrlRegs                    
1     00000d00  _PieVectTable                   
1     00001000  _DmaRegs                        
1     00005000  _McbspaRegs                     
1     00005040  _McbspbRegs                     
1     00006000  _ECanaRegs                      
1     00006040  _ECanaLAMRegs                   
1     00006080  _ECanaMOTSRegs                  
1     000060c0  _ECanaMOTORegs                  
1     00006100  _ECanaMboxes                    
1     00006200  _ECanbRegs                      
1     00006240  _ECanbLAMRegs                   
1     00006280  _ECanbMOTSRegs                  
1     000062c0  _ECanbMOTORegs                  
1     00006300  _ECanbMboxes                    
1     00006800  _EPwm1Regs                      
1     00006840  _EPwm2Regs                      
1     00006880  _EPwm3Regs                      
1     000068c0  _EPwm4Regs                      
1     00006900  _EPwm5Regs                      
1     00006940  _EPwm6Regs                      
1     00006a00  _ECap1Regs                      
1     00006a20  _ECap2Regs                      
1     00006a40  _ECap3Regs                      
1     00006a60  _ECap4Regs                      
1     00006a80  _ECap5Regs                      
1     00006aa0  _ECap6Regs                      
1     00006b00  _EQep1Regs                      
1     00006b40  _EQep2Regs                      
1     00006f80  _GpioCtrlRegs                   
1     00006fc0  _GpioDataRegs                   
1     00006fe0  _GpioIntRegs                    
1     00007010  _SysCtrlRegs                    
1     00007040  _SpiaRegs                       
1     00007050  _SciaRegs                       
1     00007070  _XIntruptRegs                   
1     00007100  _AdcRegs                        
1     00007750  _ScibRegs                       
1     00007770  _ScicRegs                       
1     00007900  _I2caRegs                       
1     0000c000  _ws                             
1     0000c002  _w                              
1     0000c004  _un                             
1     0000c006  _sum                            
1     0000c008  _wpids                          
1     0000c00a  ___TI_enable_exit_profile_output
1     0000c00c  ___TI_cleanup_ptr               
1     0000c00e  ___TI_dtors_ptr                 
1     0000c010  __lock                          
1     0000c012  __unlock                        
1     0033fff8  _CsmPwl                         
1     00380090  _PartIdRegs                     
abs   00000300  __STACK_SIZE                    
abs   ffffffff  ___TI_pprof_out_hndl            
abs   ffffffff  ___TI_prof_data_size            
abs   ffffffff  ___TI_prof_data_start           
abs   ffffffff  ___binit__                      
abs   ffffffff  ___c_args__                     
abs   ffffffff  ___pinit__                      
abs   ffffffff  binit                           
abs   ffffffff  pinit                           

[152 symbols]
