******************************************************************************
             TMS320C2000 Linker PC v15.12.3                    
******************************************************************************
>> Linked Wed Jun 13 14:53:19 2018

OUTPUT FILE NAME:   <SDU_Lab_1.out>
ENTRY POINT SYMBOL: "_c_int00"  address: 00009410


MEMORY CONFIGURATION

         name            origin    length      used     unused   attr    fill
----------------------  --------  ---------  --------  --------  ----  --------
PAGE 0:
  BEGIN                 00000000   00000002  00000002  00000000  RWIX
  RAMM0                 00000050   000003b0  00000000  000003b0  RWIX
  RAML0                 00008000   00001000  0000001e  00000fe2  RWIX
  RAML1                 00009000   00001000  000005f8  00000a08  RWIX
  RAML2                 0000a000   00001000  00000000  00001000  RWIX
  RAML3                 0000b000   00001000  00000000  00001000  RWIX
  ZONE7A                00200000   0000fc00  00000000  0000fc00  RWIX
  CSM_RSVD              0033ff80   00000076  00000000  00000076  RWIX
  CSM_PWL               0033fff8   00000008  00000000  00000008  RWIX
  ADC_CAL               00380080   00000009  00000007  00000002  RWIX
  IQTABLES              003fe000   00000b50  00000b50  00000000  RWIX
  IQTABLES2             003feb50   0000008c  00000000  0000008c  RWIX
  FPUTABLES             003febdc   000006a0  00000000  000006a0  RWIX
  BOOTROM               003ff27c   00000d44  00000000  00000d44  RWIX
  RESET                 003fffc0   00000002  00000000  00000002  RWIX

PAGE 1:
  BOOT_RSVD             00000002   0000004e  00000000  0000004e  RWIX
  RAMM1                 00000400   00000400  00000300  00000100  RWIX
  DEV_EMU               00000880   00000180  000000d0  000000b0  RWIX
  FLASH_REGS            00000a80   00000060  00000008  00000058  RWIX
  CSM                   00000ae0   00000010  00000010  00000000  RWIX
  ADC_MIRROR            00000b00   00000010  00000010  00000000  RWIX
  XINTF                 00000b20   00000020  0000001e  00000002  RWIX
  CPU_TIMER0            00000c00   00000008  00000008  00000000  RWIX
  CPU_TIMER1            00000c08   00000008  00000008  00000000  RWIX
  CPU_TIMER2            00000c10   00000008  00000008  00000000  RWIX
  PIE_CTRL              00000ce0   00000020  0000001a  00000006  RWIX
  PIE_VECT              00000d00   00000100  00000100  00000000  RWIX
  DMA                   00001000   00000200  000000e0  00000120  RWIX
  MCBSPA                00005000   00000040  00000025  0000001b  RWIX
  MCBSPB                00005040   00000040  00000025  0000001b  RWIX
  ECANA                 00006000   00000040  00000034  0000000c  RWIX
  ECANA_LAM             00006040   00000040  00000040  00000000  RWIX
  ECANA_MOTS            00006080   00000040  00000040  00000000  RWIX
  ECANA_MOTO            000060c0   00000040  00000040  00000000  RWIX
  ECANA_MBOX            00006100   00000100  00000100  00000000  RWIX
  ECANB                 00006200   00000040  00000034  0000000c  RWIX
  ECANB_LAM             00006240   00000040  00000040  00000000  RWIX
  ECANB_MOTS            00006280   00000040  00000040  00000000  RWIX
  ECANB_MOTO            000062c0   00000040  00000040  00000000  RWIX
  ECANB_MBOX            00006300   00000100  00000100  00000000  RWIX
  EPWM1                 00006800   00000022  00000022  00000000  RWIX
  EPWM2                 00006840   00000022  00000022  00000000  RWIX
  EPWM3                 00006880   00000022  00000022  00000000  RWIX
  EPWM4                 000068c0   00000022  00000022  00000000  RWIX
  EPWM5                 00006900   00000022  00000022  00000000  RWIX
  EPWM6                 00006940   00000022  00000022  00000000  RWIX
  ECAP1                 00006a00   00000020  00000020  00000000  RWIX
  ECAP2                 00006a20   00000020  00000020  00000000  RWIX
  ECAP3                 00006a40   00000020  00000020  00000000  RWIX
  ECAP4                 00006a60   00000020  00000020  00000000  RWIX
  ECAP5                 00006a80   00000020  00000020  00000000  RWIX
  ECAP6                 00006aa0   00000020  00000020  00000000  RWIX
  EQEP1                 00006b00   00000040  00000040  00000000  RWIX
  EQEP2                 00006b40   00000040  00000040  00000000  RWIX
  GPIOCTRL              00006f80   00000040  0000002e  00000012  RWIX
  GPIODAT               00006fc0   00000020  00000020  00000000  RWIX
  GPIOINT               00006fe0   00000020  0000000a  00000016  RWIX
  SYSTEM                00007010   00000020  00000020  00000000  RWIX
  SPIA                  00007040   00000010  00000010  00000000  RWIX
  SCIA                  00007050   00000010  00000010  00000000  RWIX
  XINTRUPT              00007070   00000010  00000010  00000000  RWIX
  ADC                   00007100   00000020  0000001e  00000002  RWIX
  SCIB                  00007750   00000010  00000010  00000000  RWIX
  SCIC                  00007770   00000010  00000010  00000000  RWIX
  I2CA                  00007900   00000040  00000022  0000001e  RWIX
  RAML4                 0000c000   00001000  00000030  00000fd0  RWIX
  RAML5                 0000d000   00001000  00000004  00000ffc  RWIX
  RAML6                 0000e000   00001000  00000000  00001000  RWIX
  RAML7                 0000f000   00001000  00000000  00001000  RWIX
  ZONE7B                0020fc00   00000400  00000000  00000400  RWIX
  CSM_PWL               0033fff8   00000008  00000008  00000000  RWIX
  PARTID                00380090   00000001  00000001  00000000  RWIX


SECTION ALLOCATION MAP

 output                                  attributes/
section   page    origin      length       input sections
--------  ----  ----------  ----------   ----------------
codestart 
*          0    00000000    00000002     
                  00000000    00000002     DSP2833x_CodeStartBranch.obj (codestart)

.cinit     0    00008000    0000001a     
                  00008000    0000000e     rts2800_ml.lib : exit.obj (.cinit)
                  0000800e    00000005                    : _lock.obj (.cinit:__lock)
                  00008013    00000005                    : _lock.obj (.cinit:__unlock)
                  00008018    00000002     --HOLE-- [fill = 0]

ramfuncs   0    0000801a    00000004     
                  0000801a    00000004     DSP2833x_usDelay.obj (ramfuncs)

.text      0    00009000    000005b1     
                  00009000    0000018b     DSP2833x_DefaultIsr.obj (.text:retain)
                  0000918b    000000f8     DSP2833x_SysCtrl.obj (.text)
                  00009283    000000b0     eQEP.obj (.text)
                  00009333    00000083     rts2800_ml.lib : fd_mpy.obj (.text)
                  000093b6    0000005a                    : fs_mpy.obj (.text)
                  00009410    00000054                    : boot.obj (.text)
                  00009464    00000046                    : cpy_tbl.obj (.text)
                  000094aa    00000029                    : exit.obj (.text)
                  000094d3    00000029                    : fs_tol.obj (.text)
                  000094fc    00000022                    : i_div.obj (.text)
                  0000951e    0000001f                    : fd_tol.obj (.text)
                  0000953d    0000001a                    : cpy_utils.obj (.text)
                  00009557    00000019                    : args_main.obj (.text)
                  00009570    00000017                    : u_tofd.obj (.text)
                  00009587    00000016                    : ul_tofd.obj (.text)
                  0000959d    00000009                    : _lock.obj (.text)
                  000095a6    00000008     DSP2833x_CodeStartBranch.obj (.text)
                  000095ae    00000002     rts2800_ml.lib : pre_init.obj (.text)
                  000095b0    00000001                    : startup.obj (.text)

.pinit     0    00008000    00000000     UNINITIALIZED

IQmath     0    000095b1    00000047     
                  000095b1    00000047     IQmath.lib : IQ18div.obj (IQmath)

.adc_cal   0    00380080    00000007     NOLOAD SECTION
                  00380080    00000007     DSP2833x_ADC_cal.obj (.adc_cal)

IQmathTables 
*          0    003fe000    00000b50     NOLOAD SECTION
                  003fe000    00000b50     IQmath.lib : IQmathTables.obj (IQmathTables)

.stack     1    00000400    00000300     UNINITIALIZED
                  00000400    00000300     --HOLE--

DevEmuRegsFile 
*          1    00000880    000000d0     UNINITIALIZED
                  00000880    000000d0     DSP2833x_GlobalVariableDefs.obj (DevEmuRegsFile)

FlashRegsFile 
*          1    00000a80    00000008     UNINITIALIZED
                  00000a80    00000008     DSP2833x_GlobalVariableDefs.obj (FlashRegsFile)

CsmRegsFile 
*          1    00000ae0    00000010     UNINITIALIZED
                  00000ae0    00000010     DSP2833x_GlobalVariableDefs.obj (CsmRegsFile)

AdcMirrorFile 
*          1    00000b00    00000010     UNINITIALIZED
                  00000b00    00000010     DSP2833x_GlobalVariableDefs.obj (AdcMirrorFile)

XintfRegsFile 
*          1    00000b20    0000001e     UNINITIALIZED
                  00000b20    0000001e     DSP2833x_GlobalVariableDefs.obj (XintfRegsFile)

CpuTimer0RegsFile 
*          1    00000c00    00000008     UNINITIALIZED
                  00000c00    00000008     DSP2833x_GlobalVariableDefs.obj (CpuTimer0RegsFile)

CpuTimer1RegsFile 
*          1    00000c08    00000008     UNINITIALIZED
                  00000c08    00000008     DSP2833x_GlobalVariableDefs.obj (CpuTimer1RegsFile)

CpuTimer2RegsFile 
*          1    00000c10    00000008     UNINITIALIZED
                  00000c10    00000008     DSP2833x_GlobalVariableDefs.obj (CpuTimer2RegsFile)

PieCtrlRegsFile 
*          1    00000ce0    0000001a     UNINITIALIZED
                  00000ce0    0000001a     DSP2833x_GlobalVariableDefs.obj (PieCtrlRegsFile)

PieVectTableFile 
*          1    00000d00    00000100     UNINITIALIZED
                  00000d00    00000100     DSP2833x_GlobalVariableDefs.obj (PieVectTableFile)

DmaRegsFile 
*          1    00001000    000000e0     UNINITIALIZED
                  00001000    000000e0     DSP2833x_GlobalVariableDefs.obj (DmaRegsFile)

McbspaRegsFile 
*          1    00005000    00000025     UNINITIALIZED
                  00005000    00000025     DSP2833x_GlobalVariableDefs.obj (McbspaRegsFile)

McbspbRegsFile 
*          1    00005040    00000025     UNINITIALIZED
                  00005040    00000025     DSP2833x_GlobalVariableDefs.obj (McbspbRegsFile)

ECanaRegsFile 
*          1    00006000    00000034     UNINITIALIZED
                  00006000    00000034     DSP2833x_GlobalVariableDefs.obj (ECanaRegsFile)

ECanaLAMRegsFile 
*          1    00006040    00000040     UNINITIALIZED
                  00006040    00000040     DSP2833x_GlobalVariableDefs.obj (ECanaLAMRegsFile)

ECanaMOTSRegsFile 
*          1    00006080    00000040     UNINITIALIZED
                  00006080    00000040     DSP2833x_GlobalVariableDefs.obj (ECanaMOTSRegsFile)

ECanaMOTORegsFile 
*          1    000060c0    00000040     UNINITIALIZED
                  000060c0    00000040     DSP2833x_GlobalVariableDefs.obj (ECanaMOTORegsFile)

ECanaMboxesFile 
*          1    00006100    00000100     UNINITIALIZED
                  00006100    00000100     DSP2833x_GlobalVariableDefs.obj (ECanaMboxesFile)

ECanbRegsFile 
*          1    00006200    00000034     UNINITIALIZED
                  00006200    00000034     DSP2833x_GlobalVariableDefs.obj (ECanbRegsFile)

ECanbLAMRegsFile 
*          1    00006240    00000040     UNINITIALIZED
                  00006240    00000040     DSP2833x_GlobalVariableDefs.obj (ECanbLAMRegsFile)

ECanbMOTSRegsFile 
*          1    00006280    00000040     UNINITIALIZED
                  00006280    00000040     DSP2833x_GlobalVariableDefs.obj (ECanbMOTSRegsFile)

ECanbMOTORegsFile 
*          1    000062c0    00000040     UNINITIALIZED
                  000062c0    00000040     DSP2833x_GlobalVariableDefs.obj (ECanbMOTORegsFile)

ECanbMboxesFile 
*          1    00006300    00000100     UNINITIALIZED
                  00006300    00000100     DSP2833x_GlobalVariableDefs.obj (ECanbMboxesFile)

EPwm1RegsFile 
*          1    00006800    00000022     UNINITIALIZED
                  00006800    00000022     DSP2833x_GlobalVariableDefs.obj (EPwm1RegsFile)

EPwm2RegsFile 
*          1    00006840    00000022     UNINITIALIZED
                  00006840    00000022     DSP2833x_GlobalVariableDefs.obj (EPwm2RegsFile)

EPwm3RegsFile 
*          1    00006880    00000022     UNINITIALIZED
                  00006880    00000022     DSP2833x_GlobalVariableDefs.obj (EPwm3RegsFile)

EPwm4RegsFile 
*          1    000068c0    00000022     UNINITIALIZED
                  000068c0    00000022     DSP2833x_GlobalVariableDefs.obj (EPwm4RegsFile)

EPwm5RegsFile 
*          1    00006900    00000022     UNINITIALIZED
                  00006900    00000022     DSP2833x_GlobalVariableDefs.obj (EPwm5RegsFile)

EPwm6RegsFile 
*          1    00006940    00000022     UNINITIALIZED
                  00006940    00000022     DSP2833x_GlobalVariableDefs.obj (EPwm6RegsFile)

ECap1RegsFile 
*          1    00006a00    00000020     UNINITIALIZED
                  00006a00    00000020     DSP2833x_GlobalVariableDefs.obj (ECap1RegsFile)

ECap2RegsFile 
*          1    00006a20    00000020     UNINITIALIZED
                  00006a20    00000020     DSP2833x_GlobalVariableDefs.obj (ECap2RegsFile)

ECap3RegsFile 
*          1    00006a40    00000020     UNINITIALIZED
                  00006a40    00000020     DSP2833x_GlobalVariableDefs.obj (ECap3RegsFile)

ECap4RegsFile 
*          1    00006a60    00000020     UNINITIALIZED
                  00006a60    00000020     DSP2833x_GlobalVariableDefs.obj (ECap4RegsFile)

ECap5RegsFile 
*          1    00006a80    00000020     UNINITIALIZED
                  00006a80    00000020     DSP2833x_GlobalVariableDefs.obj (ECap5RegsFile)

ECap6RegsFile 
*          1    00006aa0    00000020     UNINITIALIZED
                  00006aa0    00000020     DSP2833x_GlobalVariableDefs.obj (ECap6RegsFile)

EQep1RegsFile 
*          1    00006b00    00000040     UNINITIALIZED
                  00006b00    00000040     DSP2833x_GlobalVariableDefs.obj (EQep1RegsFile)

EQep2RegsFile 
*          1    00006b40    00000040     UNINITIALIZED
                  00006b40    00000040     DSP2833x_GlobalVariableDefs.obj (EQep2RegsFile)

GpioCtrlRegsFile 
*          1    00006f80    0000002e     UNINITIALIZED
                  00006f80    0000002e     DSP2833x_GlobalVariableDefs.obj (GpioCtrlRegsFile)

GpioDataRegsFile 
*          1    00006fc0    00000020     UNINITIALIZED
                  00006fc0    00000020     DSP2833x_GlobalVariableDefs.obj (GpioDataRegsFile)

GpioIntRegsFile 
*          1    00006fe0    0000000a     UNINITIALIZED
                  00006fe0    0000000a     DSP2833x_GlobalVariableDefs.obj (GpioIntRegsFile)

SysCtrlRegsFile 
*          1    00007010    00000020     UNINITIALIZED
                  00007010    00000020     DSP2833x_GlobalVariableDefs.obj (SysCtrlRegsFile)

SpiaRegsFile 
*          1    00007040    00000010     UNINITIALIZED
                  00007040    00000010     DSP2833x_GlobalVariableDefs.obj (SpiaRegsFile)

SciaRegsFile 
*          1    00007050    00000010     UNINITIALIZED
                  00007050    00000010     DSP2833x_GlobalVariableDefs.obj (SciaRegsFile)

XIntruptRegsFile 
*          1    00007070    00000010     UNINITIALIZED
                  00007070    00000010     DSP2833x_GlobalVariableDefs.obj (XIntruptRegsFile)

AdcRegsFile 
*          1    00007100    0000001e     UNINITIALIZED
                  00007100    0000001e     DSP2833x_GlobalVariableDefs.obj (AdcRegsFile)

ScibRegsFile 
*          1    00007750    00000010     UNINITIALIZED
                  00007750    00000010     DSP2833x_GlobalVariableDefs.obj (ScibRegsFile)

ScicRegsFile 
*          1    00007770    00000010     UNINITIALIZED
                  00007770    00000010     DSP2833x_GlobalVariableDefs.obj (ScicRegsFile)

I2caRegsFile 
*          1    00007900    00000022     UNINITIALIZED
                  00007900    00000022     DSP2833x_GlobalVariableDefs.obj (I2caRegsFile)

.ebss      1    0000c000    00000030     UNINITIALIZED
                  0000c000    00000018     DSP2833x_CpuTimers.obj (.ebss)
                  0000c018    0000000e     eQEP.obj (.ebss)
                  0000c026    00000006     rts2800_ml.lib : exit.obj (.ebss)
                  0000c02c    00000002                    : _lock.obj (.ebss:__lock)
                  0000c02e    00000002                    : _lock.obj (.ebss:__unlock)

.econst    1    0000d000    00000004     
                  0000d000    00000004     eQEP.obj (.econst)

.reset     0    003fffc0    00000002     DSECT
                  003fffc0    00000002     rts2800_ml.lib : boot.obj (.reset)

csm_rsvd   0    0033ff80    00000000     DSECT

csmpasswds 
*          0    0033fff8    00000000     DSECT

CsmPwlFile 
*          1    0033fff8    00000008     UNINITIALIZED
                  0033fff8    00000008     DSP2833x_GlobalVariableDefs.obj (CsmPwlFile)

PartIdRegsFile 
*          1    00380090    00000001     UNINITIALIZED
                  00380090    00000001     DSP2833x_GlobalVariableDefs.obj (PartIdRegsFile)

MODULE SUMMARY

       Module                            code   ro data   rw data
       ------                            ----   -------   -------
    .\
       DSP2833x_GlobalVariableDefs.obj   0      0         2679   
       DSP2833x_DefaultIsr.obj           395    0         0      
       DSP2833x_SysCtrl.obj              248    0         0      
       eQEP.obj                          176    0         18     
       DSP2833x_CpuTimers.obj            0      0         24     
       DSP2833x_CodeStartBranch.obj      10     0         0      
       DSP2833x_ADC_cal.obj              7      0         0      
       DSP2833x_usDelay.obj              4      0         0      
    +--+---------------------------------+------+---------+---------+
       Total:                            840    0         2721   
                                                                 
    ../IQmath.lib
       IQmathTables.obj                  0      0         2896   
       IQ18div.obj                       0      0         71     
    +--+---------------------------------+------+---------+---------+
       Total:                            0      0         2967   
                                                                 
    C:\ti\ccsv6\tools\compiler\c2000_15.12.3.LTS\lib\rts2800_ml.lib
       fd_mpy.obj                        131    0         0      
       fs_mpy.obj                        90     0         0      
       boot.obj                          84     0         0      
       cpy_tbl.obj                       70     0         0      
       exit.obj                          41     0         20     
       fs_tol.obj                        41     0         0      
       i_div.obj                         34     0         0      
       fd_tol.obj                        31     0         0      
       cpy_utils.obj                     26     0         0      
       args_main.obj                     25     0         0      
       _lock.obj                         9      0         14     
       u_tofd.obj                        23     0         0      
       ul_tofd.obj                       22     0         0      
       pre_init.obj                      2      0         0      
       startup.obj                       1      0         0      
    +--+---------------------------------+------+---------+---------+
       Total:                            630    0         34     
                                                                 
       Stack:                            0      0         768    
    +--+---------------------------------+------+---------+---------+
       Grand Total:                      1470   0         6490   


GLOBAL DATA SYMBOLS: SORTED BY DATA PAGE

address     data page           name
--------    ----------------    ----
00000400      10 (00000400)     __stack

00000880      22 (00000880)     _DevEmuRegs

00000a80      2a (00000a80)     _FlashRegs

00000ae0      2b (00000ac0)     _CsmRegs

00000b00      2c (00000b00)     _AdcMirror
00000b20      2c (00000b00)     _XintfRegs

00000c00      30 (00000c00)     _CpuTimer0Regs
00000c08      30 (00000c00)     _CpuTimer1Regs
00000c10      30 (00000c00)     _CpuTimer2Regs

00000ce0      33 (00000cc0)     _PieCtrlRegs

00000d00      34 (00000d00)     _PieVectTable

00001000      40 (00001000)     _DmaRegs

00005000     140 (00005000)     _McbspaRegs

00005040     141 (00005040)     _McbspbRegs

00006000     180 (00006000)     _ECanaRegs

00006040     181 (00006040)     _ECanaLAMRegs

00006080     182 (00006080)     _ECanaMOTSRegs

000060c0     183 (000060c0)     _ECanaMOTORegs

00006100     184 (00006100)     _ECanaMboxes

00006200     188 (00006200)     _ECanbRegs

00006240     189 (00006240)     _ECanbLAMRegs

00006280     18a (00006280)     _ECanbMOTSRegs

000062c0     18b (000062c0)     _ECanbMOTORegs

00006300     18c (00006300)     _ECanbMboxes

00006800     1a0 (00006800)     _EPwm1Regs

00006840     1a1 (00006840)     _EPwm2Regs

00006880     1a2 (00006880)     _EPwm3Regs

000068c0     1a3 (000068c0)     _EPwm4Regs

00006900     1a4 (00006900)     _EPwm5Regs

00006940     1a5 (00006940)     _EPwm6Regs

00006a00     1a8 (00006a00)     _ECap1Regs
00006a20     1a8 (00006a00)     _ECap2Regs

00006a40     1a9 (00006a40)     _ECap3Regs
00006a60     1a9 (00006a40)     _ECap4Regs

00006a80     1aa (00006a80)     _ECap5Regs
00006aa0     1aa (00006a80)     _ECap6Regs

00006b00     1ac (00006b00)     _EQep1Regs

00006b40     1ad (00006b40)     _EQep2Regs

00006f80     1be (00006f80)     _GpioCtrlRegs

00006fc0     1bf (00006fc0)     _GpioDataRegs
00006fe0     1bf (00006fc0)     _GpioIntRegs

00007010     1c0 (00007000)     _SysCtrlRegs

00007040     1c1 (00007040)     _SpiaRegs
00007050     1c1 (00007040)     _SciaRegs
00007070     1c1 (00007040)     _XIntruptRegs

00007100     1c4 (00007100)     _AdcRegs

00007750     1dd (00007740)     _ScibRegs
00007770     1dd (00007740)     _ScicRegs

00007900     1e4 (00007900)     _I2caRegs

000095b1     256 (00009580)     __IQ18div

0000c000     300 (0000c000)     _CpuTimer1
0000c008     300 (0000c000)     _CpuTimer2
0000c010     300 (0000c000)     _CpuTimer0
0000c018     300 (0000c000)     _test_1
0000c01a     300 (0000c000)     _rpm_low
0000c01c     300 (0000c000)     _test_2
0000c01e     300 (0000c000)     _test_4
0000c020     300 (0000c000)     _test_3
0000c022     300 (0000c000)     _spd
0000c024     300 (0000c000)     _rpm_high
0000c026     300 (0000c000)     ___TI_enable_exit_profile_output
0000c028     300 (0000c000)     ___TI_cleanup_ptr
0000c02a     300 (0000c000)     ___TI_dtors_ptr
0000c02c     300 (0000c000)     __lock
0000c02e     300 (0000c000)     __unlock

0033fff8    cfff (0033ffc0)     _CsmPwl

00380090    e002 (00380080)     _PartIdRegs

003fe000    ff80 (003fe000)     _IQsinTable

003fe100    ff84 (003fe100)     _IQcosTable

003fe400    ff90 (003fe400)     _IQsinTableEnd

003fe502    ff94 (003fe500)     _IQcosTableEnd
003fe502    ff94 (003fe500)     _IQdivRoundSatTable
003fe510    ff94 (003fe500)     _IQdivTable

003fe712    ff9c (003fe700)     _IQdivTableEnd
003fe712    ff9c (003fe700)     _IQisqrtRoundSatTable
003fe712    ff9c (003fe700)     _IQsqrtRoundSatTable
003fe722    ff9c (003fe700)     _IQisqrtTable
003fe722    ff9c (003fe700)     _IQsqrtTable

003fe824    ffa0 (003fe800)     _IQatan2HalfPITable
003fe824    ffa0 (003fe800)     _IQisqrtTableEnd
003fe824    ffa0 (003fe800)     _IQsqrtTableEnd

003fe862    ffa1 (003fe840)     _IQatan2Table

003fe9e8    ffa7 (003fe9c0)     _IQ30mpyRndSatTable
003fe9e8    ffa7 (003fe9c0)     _IQatan2TableEnd
003fe9e8    ffa7 (003fe9c0)     _IQmpyRndSatTable
003fe9f4    ffa7 (003fe9c0)     _IQ29mpyRndSatTable

003fea00    ffa8 (003fea00)     _IQ28mpyRndSatTable
003fea0c    ffa8 (003fea00)     _IQ27mpyRndSatTable
003fea18    ffa8 (003fea00)     _IQ26mpyRndSatTable
003fea24    ffa8 (003fea00)     _IQ25mpyRndSatTable
003fea30    ffa8 (003fea00)     _IQ24mpyRndSatTable
003fea3c    ffa8 (003fea00)     _IQ23mpyRndSatTable

003fea48    ffa9 (003fea40)     _IQ22mpyRndSatTable
003fea54    ffa9 (003fea40)     _IQ21mpyRndSatTable
003fea60    ffa9 (003fea40)     _IQ20mpyRndSatTable
003fea6c    ffa9 (003fea40)     _IQ19mpyRndSatTable
003fea78    ffa9 (003fea40)     _IQ18mpyRndSatTable

003fea84    ffaa (003fea80)     _IQ17mpyRndSatTable
003fea90    ffaa (003fea80)     _IQ16mpyRndSatTable
003fea9c    ffaa (003fea80)     _IQ15mpyRndSatTable
003feaa8    ffaa (003fea80)     _IQ14mpyRndSatTable
003feab4    ffaa (003fea80)     _IQ13mpyRndSatTable

003feac0    ffab (003feac0)     _IQ12mpyRndSatTable
003feacc    ffab (003feac0)     _IQ11mpyRndSatTable
003fead8    ffab (003feac0)     _IQ10mpyRndSatTable
003feae4    ffab (003feac0)     _IQ9mpyRndSatTable
003feaf0    ffab (003feac0)     _IQ8mpyRndSatTable
003feafc    ffab (003feac0)     _IQ7mpyRndSatTable

003feb08    ffac (003feb00)     _IQ6mpyRndSatTable
003feb14    ffac (003feb00)     _IQ5mpyRndSatTable
003feb20    ffac (003feb00)     _IQ4mpyRndSatTable
003feb2c    ffac (003feb00)     _IQ3mpyRndSatTable
003feb38    ffac (003feb00)     _IQ2mpyRndSatTable

003feb44    ffad (003feb40)     _IQ1mpyRndSatTable
003feb50    ffad (003feb40)     _IQmpyRndSatTableEnd


GLOBAL SYMBOLS: SORTED ALPHABETICALLY BY Name 

page  address   name                            
----  -------   ----                            
0     00009000  .text                           
0     000094aa  C$$EXIT                         
0     00009333  FD$$MPY                         
0     0000951e  FD$$TOL                         
0     000093b6  FS$$MPY                         
0     000094d3  FS$$TOL                         
0     000094fc  I$$DIV                          
0     0000950d  I$$MOD                          
0     00009570  U$$TOFD                         
0     00009587  UL$$TOFD                        
0     00009073  _ADCINT_ISR                     
0     00380080  _ADC_cal                        
1     00000b00  _AdcMirror                      
1     00007100  _AdcRegs                        
1     0000c010  _CpuTimer0                      
1     00000c00  _CpuTimer0Regs                  
1     0000c000  _CpuTimer1                      
1     00000c08  _CpuTimer1Regs                  
1     0000c008  _CpuTimer2                      
1     00000c10  _CpuTimer2Regs                  
1     0033fff8  _CsmPwl                         
1     00000ae0  _CsmRegs                        
0     00009252  _CsmUnlock                      
0     0000900a  _DATALOG_ISR                    
0     00009104  _DINTCH1_ISR                    
0     00009109  _DINTCH2_ISR                    
0     0000910e  _DINTCH3_ISR                    
0     00009113  _DINTCH4_ISR                    
0     00009118  _DINTCH5_ISR                    
0     0000911d  _DINTCH6_ISR                    
0     0000801a  _DSP28x_usDelay                 
1     00000880  _DevEmuRegs                     
0     0000919e  _DisableDog                     
1     00001000  _DmaRegs                        
0     0000914a  _ECAN0INTA_ISR                  
0     00009154  _ECAN0INTB_ISR                  
0     0000914f  _ECAN1INTA_ISR                  
0     00009159  _ECAN1INTB_ISR                  
0     000090be  _ECAP1_INT_ISR                  
0     000090c3  _ECAP2_INT_ISR                  
0     000090c8  _ECAP3_INT_ISR                  
0     000090cd  _ECAP4_INT_ISR                  
0     000090d2  _ECAP5_INT_ISR                  
0     000090d7  _ECAP6_INT_ISR                  
1     00006040  _ECanaLAMRegs                   
1     000060c0  _ECanaMOTORegs                  
1     00006080  _ECanaMOTSRegs                  
1     00006100  _ECanaMboxes                    
1     00006000  _ECanaRegs                      
1     00006240  _ECanbLAMRegs                   
1     000062c0  _ECanbMOTORegs                  
1     00006280  _ECanbMOTSRegs                  
1     00006300  _ECanbMboxes                    
1     00006200  _ECanbRegs                      
1     00006a00  _ECap1Regs                      
1     00006a20  _ECap2Regs                      
1     00006a40  _ECap3Regs                      
1     00006a60  _ECap4Regs                      
1     00006a80  _ECap5Regs                      
1     00006aa0  _ECap6Regs                      
0     00009014  _EMUINT_ISR                     
0     000090a0  _EPWM1_INT_ISR                  
0     00009082  _EPWM1_TZINT_ISR                
0     000090a5  _EPWM2_INT_ISR                  
0     00009087  _EPWM2_TZINT_ISR                
0     000090aa  _EPWM3_INT_ISR                  
0     0000908c  _EPWM3_TZINT_ISR                
0     000090af  _EPWM4_INT_ISR                  
0     00009091  _EPWM4_TZINT_ISR                
0     000090b4  _EPWM5_INT_ISR                  
0     00009096  _EPWM5_TZINT_ISR                
0     000090b9  _EPWM6_INT_ISR                  
0     0000909b  _EPWM6_TZINT_ISR                
1     00006800  _EPwm1Regs                      
1     00006840  _EPwm2Regs                      
1     00006880  _EPwm3Regs                      
1     000068c0  _EPwm4Regs                      
1     00006900  _EPwm5Regs                      
1     00006940  _EPwm6Regs                      
0     000090dc  _EQEP1_INT_ISR                  
0     000090e1  _EQEP2_INT_ISR                  
1     00006b00  _EQep1Regs                      
1     00006b40  _EQep2Regs                      
1     00000a80  _FlashRegs                      
1     00006f80  _GpioCtrlRegs                   
1     00006fc0  _GpioDataRegs                   
1     00006fe0  _GpioIntRegs                    
0     00009122  _I2CINT1A_ISR                   
0     00009127  _I2CINT2A_ISR                   
1     00007900  _I2caRegs                       
0     0000901e  _ILLEGAL_ISR                    
0     00009000  _INT13_ISR                      
0     00009005  _INT14_ISR                      
0     003fead8  _IQ10mpyRndSatTable             
0     003feacc  _IQ11mpyRndSatTable             
0     003feac0  _IQ12mpyRndSatTable             
0     003feab4  _IQ13mpyRndSatTable             
0     003feaa8  _IQ14mpyRndSatTable             
0     003fea9c  _IQ15mpyRndSatTable             
0     003fea90  _IQ16mpyRndSatTable             
0     003fea84  _IQ17mpyRndSatTable             
0     003fea78  _IQ18mpyRndSatTable             
0     003fea6c  _IQ19mpyRndSatTable             
0     003feb44  _IQ1mpyRndSatTable              
0     003fea60  _IQ20mpyRndSatTable             
0     003fea54  _IQ21mpyRndSatTable             
0     003fea48  _IQ22mpyRndSatTable             
0     003fea3c  _IQ23mpyRndSatTable             
0     003fea30  _IQ24mpyRndSatTable             
0     003fea24  _IQ25mpyRndSatTable             
0     003fea18  _IQ26mpyRndSatTable             
0     003fea0c  _IQ27mpyRndSatTable             
0     003fea00  _IQ28mpyRndSatTable             
0     003fe9f4  _IQ29mpyRndSatTable             
0     003feb38  _IQ2mpyRndSatTable              
0     003fe9e8  _IQ30mpyRndSatTable             
0     003feb2c  _IQ3mpyRndSatTable              
0     003feb20  _IQ4mpyRndSatTable              
0     003feb14  _IQ5mpyRndSatTable              
0     003feb08  _IQ6mpyRndSatTable              
0     003feafc  _IQ7mpyRndSatTable              
0     003feaf0  _IQ8mpyRndSatTable              
0     003feae4  _IQ9mpyRndSatTable              
0     003fe824  _IQatan2HalfPITable             
0     003fe862  _IQatan2Table                   
0     003fe9e8  _IQatan2TableEnd                
0     003fe100  _IQcosTable                     
0     003fe502  _IQcosTableEnd                  
0     003fe502  _IQdivRoundSatTable             
0     003fe510  _IQdivTable                     
0     003fe712  _IQdivTableEnd                  
0     003fe712  _IQisqrtRoundSatTable           
0     003fe722  _IQisqrtTable                   
0     003fe824  _IQisqrtTableEnd                
0     003fe9e8  _IQmpyRndSatTable               
0     003feb50  _IQmpyRndSatTableEnd            
0     003fe000  _IQsinTable                     
0     003fe400  _IQsinTableEnd                  
0     003fe712  _IQsqrtRoundSatTable            
0     003fe722  _IQsqrtTable                    
0     003fe824  _IQsqrtTableEnd                 
0     000091f7  _InitPeripheralClocks           
0     000091a6  _InitPll                        
0     0000918b  _InitSysCtrl                    
0     0000917c  _LUF_ISR                        
0     00009177  _LVF_ISR                        
0     000090fa  _MRINTA_ISR                     
0     000090f0  _MRINTB_ISR                     
0     000090ff  _MXINTA_ISR                     
0     000090f5  _MXINTB_ISR                     
1     00005000  _McbspaRegs                     
1     00005040  _McbspbRegs                     
0     00009019  _NMI_ISR                        
0     00009181  _PIE_RESERVED                   
1     00380090  _PartIdRegs                     
1     00000ce0  _PieCtrlRegs                    
1     00000d00  _PieVectTable                   
0     0000900f  _RTOSINT_ISR                    
0     00009136  _SCIRXINTA_ISR                  
0     00009140  _SCIRXINTB_ISR                  
0     0000912c  _SCIRXINTC_ISR                  
0     0000913b  _SCITXINTA_ISR                  
0     00009145  _SCITXINTB_ISR                  
0     00009131  _SCITXINTC_ISR                  
0     0000905f  _SEQ1INT_ISR                    
0     00009064  _SEQ2INT_ISR                    
0     000090e6  _SPIRXINTA_ISR                  
0     000090eb  _SPITXINTA_ISR                  
1     00007050  _SciaRegs                       
1     00007750  _ScibRegs                       
1     00007770  _ScicRegs                       
0     00009194  _ServiceDog                     
1     00007040  _SpiaRegs                       
1     00007010  _SysCtrlRegs                    
0     00009078  _TINT0_ISR                      
0     00009050  _USER10_ISR                     
0     00009055  _USER11_ISR                     
0     0000905a  _USER12_ISR                     
0     00009023  _USER1_ISR                      
0     00009028  _USER2_ISR                      
0     0000902d  _USER3_ISR                      
0     00009032  _USER4_ISR                      
0     00009037  _USER5_ISR                      
0     0000903c  _USER6_ISR                      
0     00009041  _USER7_ISR                      
0     00009046  _USER8_ISR                      
0     0000904b  _USER9_ISR                      
0     0000907d  _WAKEINT_ISR                    
0     00009069  _XINT1_ISR                      
0     0000906e  _XINT2_ISR                      
0     0000915e  _XINT3_ISR                      
0     00009163  _XINT4_ISR                      
0     00009168  _XINT5_ISR                      
0     0000916d  _XINT6_ISR                      
0     00009172  _XINT7_ISR                      
1     00007070  _XIntruptRegs                   
1     00000b20  _XintfRegs                      
0     000095b1  __IQ18div                       
1     00000700  __STACK_END                     
abs   00000300  __STACK_SIZE                    
1     0000c028  ___TI_cleanup_ptr               
1     0000c02a  ___TI_dtors_ptr                 
1     0000c026  ___TI_enable_exit_profile_output
abs   ffffffff  ___TI_pprof_out_hndl            
abs   ffffffff  ___TI_prof_data_size            
abs   ffffffff  ___TI_prof_data_start           
abs   ffffffff  ___binit__                      
abs   ffffffff  ___c_args__                     
0     00008000  ___cinit__                      
0     000095b1  ___etext__                      
abs   ffffffff  ___pinit__                      
0     00009000  ___text__                       
0     00009557  __args_main                     
1     0000c02c  __lock                          
0     000095a5  __nop                           
0     000095a1  __register_lock                 
0     0000959d  __register_unlock               
1     00000400  __stack                         
0     000095b0  __system_post_cinit             
0     000095ae  __system_pre_init               
1     0000c02e  __unlock                        
0     000094aa  _abort                          
0     00009410  _c_int00                        
0     00009464  _copy_in                        
0     0000953d  _ddcopy                         
0     0000953d  _dpcopy                         
0     000094ac  _exit                           
0     00009283  _main                           
0     0000953d  _pdcopy                         
0     0000953d  _ppcopy                         
1     0000c024  _rpm_high                       
1     0000c01a  _rpm_low                        
0     00009186  _rsvd_ISR                       
1     0000c022  _spd                            
1     0000c018  _test_1                         
1     0000c01c  _test_2                         
1     0000c020  _test_3                         
1     0000c01e  _test_4                         
abs   ffffffff  binit                           
0     00008000  cinit                           
0     00000000  code_start                      
0     000095b1  etext                           
abs   ffffffff  pinit                           


GLOBAL SYMBOLS: SORTED BY Symbol Address 

page  address   name                            
----  -------   ----                            
0     00000000  code_start                      
0     00008000  ___cinit__                      
0     00008000  cinit                           
0     0000801a  _DSP28x_usDelay                 
0     00009000  .text                           
0     00009000  _INT13_ISR                      
0     00009000  ___text__                       
0     00009005  _INT14_ISR                      
0     0000900a  _DATALOG_ISR                    
0     0000900f  _RTOSINT_ISR                    
0     00009014  _EMUINT_ISR                     
0     00009019  _NMI_ISR                        
0     0000901e  _ILLEGAL_ISR                    
0     00009023  _USER1_ISR                      
0     00009028  _USER2_ISR                      
0     0000902d  _USER3_ISR                      
0     00009032  _USER4_ISR                      
0     00009037  _USER5_ISR                      
0     0000903c  _USER6_ISR                      
0     00009041  _USER7_ISR                      
0     00009046  _USER8_ISR                      
0     0000904b  _USER9_ISR                      
0     00009050  _USER10_ISR                     
0     00009055  _USER11_ISR                     
0     0000905a  _USER12_ISR                     
0     0000905f  _SEQ1INT_ISR                    
0     00009064  _SEQ2INT_ISR                    
0     00009069  _XINT1_ISR                      
0     0000906e  _XINT2_ISR                      
0     00009073  _ADCINT_ISR                     
0     00009078  _TINT0_ISR                      
0     0000907d  _WAKEINT_ISR                    
0     00009082  _EPWM1_TZINT_ISR                
0     00009087  _EPWM2_TZINT_ISR                
0     0000908c  _EPWM3_TZINT_ISR                
0     00009091  _EPWM4_TZINT_ISR                
0     00009096  _EPWM5_TZINT_ISR                
0     0000909b  _EPWM6_TZINT_ISR                
0     000090a0  _EPWM1_INT_ISR                  
0     000090a5  _EPWM2_INT_ISR                  
0     000090aa  _EPWM3_INT_ISR                  
0     000090af  _EPWM4_INT_ISR                  
0     000090b4  _EPWM5_INT_ISR                  
0     000090b9  _EPWM6_INT_ISR                  
0     000090be  _ECAP1_INT_ISR                  
0     000090c3  _ECAP2_INT_ISR                  
0     000090c8  _ECAP3_INT_ISR                  
0     000090cd  _ECAP4_INT_ISR                  
0     000090d2  _ECAP5_INT_ISR                  
0     000090d7  _ECAP6_INT_ISR                  
0     000090dc  _EQEP1_INT_ISR                  
0     000090e1  _EQEP2_INT_ISR                  
0     000090e6  _SPIRXINTA_ISR                  
0     000090eb  _SPITXINTA_ISR                  
0     000090f0  _MRINTB_ISR                     
0     000090f5  _MXINTB_ISR                     
0     000090fa  _MRINTA_ISR                     
0     000090ff  _MXINTA_ISR                     
0     00009104  _DINTCH1_ISR                    
0     00009109  _DINTCH2_ISR                    
0     0000910e  _DINTCH3_ISR                    
0     00009113  _DINTCH4_ISR                    
0     00009118  _DINTCH5_ISR                    
0     0000911d  _DINTCH6_ISR                    
0     00009122  _I2CINT1A_ISR                   
0     00009127  _I2CINT2A_ISR                   
0     0000912c  _SCIRXINTC_ISR                  
0     00009131  _SCITXINTC_ISR                  
0     00009136  _SCIRXINTA_ISR                  
0     0000913b  _SCITXINTA_ISR                  
0     00009140  _SCIRXINTB_ISR                  
0     00009145  _SCITXINTB_ISR                  
0     0000914a  _ECAN0INTA_ISR                  
0     0000914f  _ECAN1INTA_ISR                  
0     00009154  _ECAN0INTB_ISR                  
0     00009159  _ECAN1INTB_ISR                  
0     0000915e  _XINT3_ISR                      
0     00009163  _XINT4_ISR                      
0     00009168  _XINT5_ISR                      
0     0000916d  _XINT6_ISR                      
0     00009172  _XINT7_ISR                      
0     00009177  _LVF_ISR                        
0     0000917c  _LUF_ISR                        
0     00009181  _PIE_RESERVED                   
0     00009186  _rsvd_ISR                       
0     0000918b  _InitSysCtrl                    
0     00009194  _ServiceDog                     
0     0000919e  _DisableDog                     
0     000091a6  _InitPll                        
0     000091f7  _InitPeripheralClocks           
0     00009252  _CsmUnlock                      
0     00009283  _main                           
0     00009333  FD$$MPY                         
0     000093b6  FS$$MPY                         
0     00009410  _c_int00                        
0     00009464  _copy_in                        
0     000094aa  C$$EXIT                         
0     000094aa  _abort                          
0     000094ac  _exit                           
0     000094d3  FS$$TOL                         
0     000094fc  I$$DIV                          
0     0000950d  I$$MOD                          
0     0000951e  FD$$TOL                         
0     0000953d  _ddcopy                         
0     0000953d  _dpcopy                         
0     0000953d  _pdcopy                         
0     0000953d  _ppcopy                         
0     00009557  __args_main                     
0     00009570  U$$TOFD                         
0     00009587  UL$$TOFD                        
0     0000959d  __register_unlock               
0     000095a1  __register_lock                 
0     000095a5  __nop                           
0     000095ae  __system_pre_init               
0     000095b0  __system_post_cinit             
0     000095b1  __IQ18div                       
0     000095b1  ___etext__                      
0     000095b1  etext                           
0     00380080  _ADC_cal                        
0     003fe000  _IQsinTable                     
0     003fe100  _IQcosTable                     
0     003fe400  _IQsinTableEnd                  
0     003fe502  _IQcosTableEnd                  
0     003fe502  _IQdivRoundSatTable             
0     003fe510  _IQdivTable                     
0     003fe712  _IQdivTableEnd                  
0     003fe712  _IQisqrtRoundSatTable           
0     003fe712  _IQsqrtRoundSatTable            
0     003fe722  _IQisqrtTable                   
0     003fe722  _IQsqrtTable                    
0     003fe824  _IQatan2HalfPITable             
0     003fe824  _IQisqrtTableEnd                
0     003fe824  _IQsqrtTableEnd                 
0     003fe862  _IQatan2Table                   
0     003fe9e8  _IQ30mpyRndSatTable             
0     003fe9e8  _IQatan2TableEnd                
0     003fe9e8  _IQmpyRndSatTable               
0     003fe9f4  _IQ29mpyRndSatTable             
0     003fea00  _IQ28mpyRndSatTable             
0     003fea0c  _IQ27mpyRndSatTable             
0     003fea18  _IQ26mpyRndSatTable             
0     003fea24  _IQ25mpyRndSatTable             
0     003fea30  _IQ24mpyRndSatTable             
0     003fea3c  _IQ23mpyRndSatTable             
0     003fea48  _IQ22mpyRndSatTable             
0     003fea54  _IQ21mpyRndSatTable             
0     003fea60  _IQ20mpyRndSatTable             
0     003fea6c  _IQ19mpyRndSatTable             
0     003fea78  _IQ18mpyRndSatTable             
0     003fea84  _IQ17mpyRndSatTable             
0     003fea90  _IQ16mpyRndSatTable             
0     003fea9c  _IQ15mpyRndSatTable             
0     003feaa8  _IQ14mpyRndSatTable             
0     003feab4  _IQ13mpyRndSatTable             
0     003feac0  _IQ12mpyRndSatTable             
0     003feacc  _IQ11mpyRndSatTable             
0     003fead8  _IQ10mpyRndSatTable             
0     003feae4  _IQ9mpyRndSatTable              
0     003feaf0  _IQ8mpyRndSatTable              
0     003feafc  _IQ7mpyRndSatTable              
0     003feb08  _IQ6mpyRndSatTable              
0     003feb14  _IQ5mpyRndSatTable              
0     003feb20  _IQ4mpyRndSatTable              
0     003feb2c  _IQ3mpyRndSatTable              
0     003feb38  _IQ2mpyRndSatTable              
0     003feb44  _IQ1mpyRndSatTable              
0     003feb50  _IQmpyRndSatTableEnd            
1     00000400  __stack                         
1     00000700  __STACK_END                     
1     00000880  _DevEmuRegs                     
1     00000a80  _FlashRegs                      
1     00000ae0  _CsmRegs                        
1     00000b00  _AdcMirror                      
1     00000b20  _XintfRegs                      
1     00000c00  _CpuTimer0Regs                  
1     00000c08  _CpuTimer1Regs                  
1     00000c10  _CpuTimer2Regs                  
1     00000ce0  _PieCtrlRegs                    
1     00000d00  _PieVectTable                   
1     00001000  _DmaRegs                        
1     00005000  _McbspaRegs                     
1     00005040  _McbspbRegs                     
1     00006000  _ECanaRegs                      
1     00006040  _ECanaLAMRegs                   
1     00006080  _ECanaMOTSRegs                  
1     000060c0  _ECanaMOTORegs                  
1     00006100  _ECanaMboxes                    
1     00006200  _ECanbRegs                      
1     00006240  _ECanbLAMRegs                   
1     00006280  _ECanbMOTSRegs                  
1     000062c0  _ECanbMOTORegs                  
1     00006300  _ECanbMboxes                    
1     00006800  _EPwm1Regs                      
1     00006840  _EPwm2Regs                      
1     00006880  _EPwm3Regs                      
1     000068c0  _EPwm4Regs                      
1     00006900  _EPwm5Regs                      
1     00006940  _EPwm6Regs                      
1     00006a00  _ECap1Regs                      
1     00006a20  _ECap2Regs                      
1     00006a40  _ECap3Regs                      
1     00006a60  _ECap4Regs                      
1     00006a80  _ECap5Regs                      
1     00006aa0  _ECap6Regs                      
1     00006b00  _EQep1Regs                      
1     00006b40  _EQep2Regs                      
1     00006f80  _GpioCtrlRegs                   
1     00006fc0  _GpioDataRegs                   
1     00006fe0  _GpioIntRegs                    
1     00007010  _SysCtrlRegs                    
1     00007040  _SpiaRegs                       
1     00007050  _SciaRegs                       
1     00007070  _XIntruptRegs                   
1     00007100  _AdcRegs                        
1     00007750  _ScibRegs                       
1     00007770  _ScicRegs                       
1     00007900  _I2caRegs                       
1     0000c000  _CpuTimer1                      
1     0000c008  _CpuTimer2                      
1     0000c010  _CpuTimer0                      
1     0000c018  _test_1                         
1     0000c01a  _rpm_low                        
1     0000c01c  _test_2                         
1     0000c01e  _test_4                         
1     0000c020  _test_3                         
1     0000c022  _spd                            
1     0000c024  _rpm_high                       
1     0000c026  ___TI_enable_exit_profile_output
1     0000c028  ___TI_cleanup_ptr               
1     0000c02a  ___TI_dtors_ptr                 
1     0000c02c  __lock                          
1     0000c02e  __unlock                        
1     0033fff8  _CsmPwl                         
1     00380090  _PartIdRegs                     
abs   00000300  __STACK_SIZE                    
abs   ffffffff  ___TI_pprof_out_hndl            
abs   ffffffff  ___TI_prof_data_size            
abs   ffffffff  ___TI_prof_data_start           
abs   ffffffff  ___binit__                      
abs   ffffffff  ___c_args__                     
abs   ffffffff  ___pinit__                      
abs   ffffffff  binit                           
abs   ffffffff  pinit                           

[243 symbols]
