******************************************************************************
             TMS320C2000 Linker PC v15.12.3                    
******************************************************************************
>> Linked Sat Jun 16 14:10:55 2018

OUTPUT FILE NAME:   <SDU_projekt.out>
ENTRY POINT SYMBOL: "_c_int00"  address: 000096ab


MEMORY CONFIGURATION

         name            origin    length      used     unused   attr    fill
----------------------  --------  ---------  --------  --------  ----  --------
PAGE 0:
  BEGIN                 00000000   00000002  00000002  00000000  RWIX
  RAMM0                 00000050   000003b0  00000000  000003b0  RWIX
  RAML0                 00008000   00001000  0000011c  00000ee4  RWIX
  RAML1                 00009000   00001000  000008cc  00000734  RWIX
  RAML2                 0000a000   00001000  00000000  00001000  RWIX
  RAML3                 0000b000   00001000  00000000  00001000  RWIX
  ZONE7A                00200000   0000fc00  00000000  0000fc00  RWIX
  CSM_RSVD              0033ff80   00000076  00000000  00000076  RWIX
  CSM_PWL               0033fff8   00000008  00000000  00000008  RWIX
  ADC_CAL               00380080   00000009  00000000  00000009  RWIX
  IQTABLES              003fe000   00000b50  00000b50  00000000  RWIX
  IQTABLES2             003feb50   0000008c  00000000  0000008c  RWIX
  FPUTABLES             003febdc   000006a0  00000000  000006a0  RWIX
  BOOTROM               003ff27c   00000d44  00000000  00000d44  RWIX
  RESET                 003fffc0   00000002  00000000  00000002  RWIX

PAGE 1:
  BOOT_RSVD             00000002   0000004e  00000000  0000004e  RWIX
  RAMM1                 00000400   00000400  00000300  00000100  RWIX
  DEV_EMU               00000880   00000180  000000d0  000000b0  RWIX
  FLASH_REGS            00000a80   00000060  00000008  00000058  RWIX
  CSM                   00000ae0   00000010  00000010  00000000  RWIX
  ADC_MIRROR            00000b00   00000010  00000010  00000000  RWIX
  XINTF                 00000b20   00000020  0000001e  00000002  RWIX
  CPU_TIMER0            00000c00   00000008  00000008  00000000  RWIX
  CPU_TIMER1            00000c08   00000008  00000008  00000000  RWIX
  CPU_TIMER2            00000c10   00000008  00000008  00000000  RWIX
  PIE_CTRL              00000ce0   00000020  0000001a  00000006  RWIX
  PIE_VECT              00000d00   00000100  00000100  00000000  RWIX
  DMA                   00001000   00000200  000000e0  00000120  RWIX
  MCBSPA                00005000   00000040  00000025  0000001b  RWIX
  MCBSPB                00005040   00000040  00000025  0000001b  RWIX
  ECANA                 00006000   00000040  00000034  0000000c  RWIX
  ECANA_LAM             00006040   00000040  00000040  00000000  RWIX
  ECANA_MOTS            00006080   00000040  00000040  00000000  RWIX
  ECANA_MOTO            000060c0   00000040  00000040  00000000  RWIX
  ECANA_MBOX            00006100   00000100  00000100  00000000  RWIX
  ECANB                 00006200   00000040  00000034  0000000c  RWIX
  ECANB_LAM             00006240   00000040  00000040  00000000  RWIX
  ECANB_MOTS            00006280   00000040  00000040  00000000  RWIX
  ECANB_MOTO            000062c0   00000040  00000040  00000000  RWIX
  ECANB_MBOX            00006300   00000100  00000100  00000000  RWIX
  EPWM1                 00006800   00000022  00000022  00000000  RWIX
  EPWM2                 00006840   00000022  00000022  00000000  RWIX
  EPWM3                 00006880   00000022  00000022  00000000  RWIX
  EPWM4                 000068c0   00000022  00000022  00000000  RWIX
  EPWM5                 00006900   00000022  00000022  00000000  RWIX
  EPWM6                 00006940   00000022  00000022  00000000  RWIX
  ECAP1                 00006a00   00000020  00000020  00000000  RWIX
  ECAP2                 00006a20   00000020  00000020  00000000  RWIX
  ECAP3                 00006a40   00000020  00000020  00000000  RWIX
  ECAP4                 00006a60   00000020  00000020  00000000  RWIX
  ECAP5                 00006a80   00000020  00000020  00000000  RWIX
  ECAP6                 00006aa0   00000020  00000020  00000000  RWIX
  EQEP1                 00006b00   00000040  00000040  00000000  RWIX
  EQEP2                 00006b40   00000040  00000040  00000000  RWIX
  GPIOCTRL              00006f80   00000040  0000002e  00000012  RWIX
  GPIODAT               00006fc0   00000020  00000020  00000000  RWIX
  GPIOINT               00006fe0   00000020  0000000a  00000016  RWIX
  SYSTEM                00007010   00000020  00000020  00000000  RWIX
  SPIA                  00007040   00000010  00000010  00000000  RWIX
  SCIA                  00007050   00000010  00000010  00000000  RWIX
  XINTRUPT              00007070   00000010  00000010  00000000  RWIX
  ADC                   00007100   00000020  0000001e  00000002  RWIX
  SCIB                  00007750   00000010  00000010  00000000  RWIX
  SCIC                  00007770   00000010  00000010  00000000  RWIX
  I2CA                  00007900   00000040  00000022  0000001e  RWIX
  RAML4                 0000c000   00001000  000000b8  00000f48  RWIX
  RAML5                 0000d000   00001000  0000000c  00000ff4  RWIX
  RAML6                 0000e000   00001000  00000000  00001000  RWIX
  RAML7                 0000f000   00001000  00000000  00001000  RWIX
  ZONE7B                0020fc00   00000400  00000000  00000400  RWIX
  CSM_PWL               0033fff8   00000008  00000008  00000000  RWIX
  PARTID                00380090   00000001  00000001  00000000  RWIX


SECTION ALLOCATION MAP

 output                                  attributes/
section   page    origin      length       input sections
--------  ----  ----------  ----------   ----------------
codestart 
*          0    00000000    00000002     
                  00000000    00000002     DSP2833x_CodeStartBranch.obj (codestart)

.cinit     0    00008000    0000011c     
                  00008000    000000c8     pr2.obj (.cinit)
                  000080c8    00000028     adc.obj (.cinit)
                  000080f0    0000000e     rts2800_fpu32.lib : exit.obj (.cinit)
                  000080fe    0000000a     kom.obj (.cinit)
                  00008108    00000005     rts2800_fpu32.lib : _lock.obj (.cinit:__lock)
                  0000810d    00000005                       : _lock.obj (.cinit:__unlock)
                  00008112    00000004     main.obj (.cinit)
                  00008116    00000004     pwm.obj (.cinit)
                  0000811a    00000002     --HOLE-- [fill = 0]

.text      0    00009000    00000885     
                  00009000    00000258     pr2.obj (.text)
                  00009258    000000f3     kom.obj (.text)
                  0000934b    000000f3     pwm.obj (.text)
                  0000943e    000000d4     adc.obj (.text)
                  00009512    000000a4     qep.obj (.text)
                  000095b6    00000083     rts2800_fpu32.lib : fd_mpy.obj (.text)
                  00009639    00000072     init.obj (.text)
                  000096ab    00000056     rts2800_fpu32.lib : boot.obj (.text)
                  00009701    00000046                       : cpy_tbl.obj (.text)
                  00009747    00000037     adc.obj (.text:retain)
                  0000977e    0000002e     main.obj (.text)
                  000097ac    00000029     rts2800_fpu32.lib : exit.obj (.text)
                  000097d5    0000001f                       : fd_tol.obj (.text)
                  000097f4    0000001d                       : i_tofd.obj (.text)
                  00009811    0000001a                       : cpy_utils.obj (.text)
                  0000982b    00000019                       : args_main.obj (.text)
                  00009844    00000017                       : u_tofd.obj (.text)
                  0000985b    00000016                       : ul_tofd.obj (.text)
                  00009871    00000009                       : _lock.obj (.text)
                  0000987a    00000008     DSP2833x_CodeStartBranch.obj (.text)
                  00009882    00000002     rts2800_fpu32.lib : pre_init.obj (.text)
                  00009884    00000001                       : startup.obj (.text)

.pinit     0    00008000    00000000     UNINITIALIZED

IQmath     0    00009885    00000047     
                  00009885    00000047     IQmath_fpu32.lib : IQ18div.obj (IQmath)

IQmathTables 
*          0    003fe000    00000b50     NOLOAD SECTION
                  003fe000    00000b50     IQmath_fpu32.lib : IQmathTables.obj (IQmathTables)

.stack     1    00000400    00000300     UNINITIALIZED
                  00000400    00000300     --HOLE--

.ebss      1    0000c000    000000b8     UNINITIALIZED
                  0000c000    00000062     pr2.obj (.ebss)
                  0000c062    00000010     adc.obj (.ebss)
                  0000c072    0000000e     qep.obj (.ebss)
                  0000c080    0000002c     kom.obj (.ebss)
                  0000c0ac    00000006     rts2800_fpu32.lib : exit.obj (.ebss)
                  0000c0b2    00000002                       : _lock.obj (.ebss:__lock)
                  0000c0b4    00000002                       : _lock.obj (.ebss:__unlock)
                  0000c0b6    00000001     main.obj (.ebss)
                  0000c0b7    00000001     pwm.obj (.ebss)

.econst    1    0000d000    0000000c     
                  0000d000    00000004     kom.obj (.econst)
                  0000d004    00000004     pr2.obj (.econst)
                  0000d008    00000004     qep.obj (.econst)

.reset     0    003fffc0    00000002     DSECT
                  003fffc0    00000002     rts2800_fpu32.lib : boot.obj (.reset)

csm_rsvd   0    0033ff80    00000000     DSECT

csmpasswds 
*          0    0033fff8    00000000     DSECT

DevEmuRegsFile 
*          1    00000880    000000d0     UNINITIALIZED
                  00000880    000000d0     DSP2833x_GlobalVariableDefs.obj (DevEmuRegsFile)

FlashRegsFile 
*          1    00000a80    00000008     UNINITIALIZED
                  00000a80    00000008     DSP2833x_GlobalVariableDefs.obj (FlashRegsFile)

CsmRegsFile 
*          1    00000ae0    00000010     UNINITIALIZED
                  00000ae0    00000010     DSP2833x_GlobalVariableDefs.obj (CsmRegsFile)

AdcMirrorFile 
*          1    00000b00    00000010     UNINITIALIZED
                  00000b00    00000010     DSP2833x_GlobalVariableDefs.obj (AdcMirrorFile)

XintfRegsFile 
*          1    00000b20    0000001e     UNINITIALIZED
                  00000b20    0000001e     DSP2833x_GlobalVariableDefs.obj (XintfRegsFile)

CpuTimer0RegsFile 
*          1    00000c00    00000008     UNINITIALIZED
                  00000c00    00000008     DSP2833x_GlobalVariableDefs.obj (CpuTimer0RegsFile)

CpuTimer1RegsFile 
*          1    00000c08    00000008     UNINITIALIZED
                  00000c08    00000008     DSP2833x_GlobalVariableDefs.obj (CpuTimer1RegsFile)

CpuTimer2RegsFile 
*          1    00000c10    00000008     UNINITIALIZED
                  00000c10    00000008     DSP2833x_GlobalVariableDefs.obj (CpuTimer2RegsFile)

PieCtrlRegsFile 
*          1    00000ce0    0000001a     UNINITIALIZED
                  00000ce0    0000001a     DSP2833x_GlobalVariableDefs.obj (PieCtrlRegsFile)

PieVectTableFile 
*          1    00000d00    00000100     UNINITIALIZED
                  00000d00    00000100     DSP2833x_GlobalVariableDefs.obj (PieVectTableFile)

DmaRegsFile 
*          1    00001000    000000e0     UNINITIALIZED
                  00001000    000000e0     DSP2833x_GlobalVariableDefs.obj (DmaRegsFile)

McbspaRegsFile 
*          1    00005000    00000025     UNINITIALIZED
                  00005000    00000025     DSP2833x_GlobalVariableDefs.obj (McbspaRegsFile)

McbspbRegsFile 
*          1    00005040    00000025     UNINITIALIZED
                  00005040    00000025     DSP2833x_GlobalVariableDefs.obj (McbspbRegsFile)

ECanaRegsFile 
*          1    00006000    00000034     UNINITIALIZED
                  00006000    00000034     DSP2833x_GlobalVariableDefs.obj (ECanaRegsFile)

ECanaLAMRegsFile 
*          1    00006040    00000040     UNINITIALIZED
                  00006040    00000040     DSP2833x_GlobalVariableDefs.obj (ECanaLAMRegsFile)

ECanaMOTSRegsFile 
*          1    00006080    00000040     UNINITIALIZED
                  00006080    00000040     DSP2833x_GlobalVariableDefs.obj (ECanaMOTSRegsFile)

ECanaMOTORegsFile 
*          1    000060c0    00000040     UNINITIALIZED
                  000060c0    00000040     DSP2833x_GlobalVariableDefs.obj (ECanaMOTORegsFile)

ECanaMboxesFile 
*          1    00006100    00000100     UNINITIALIZED
                  00006100    00000100     DSP2833x_GlobalVariableDefs.obj (ECanaMboxesFile)

ECanbRegsFile 
*          1    00006200    00000034     UNINITIALIZED
                  00006200    00000034     DSP2833x_GlobalVariableDefs.obj (ECanbRegsFile)

ECanbLAMRegsFile 
*          1    00006240    00000040     UNINITIALIZED
                  00006240    00000040     DSP2833x_GlobalVariableDefs.obj (ECanbLAMRegsFile)

ECanbMOTSRegsFile 
*          1    00006280    00000040     UNINITIALIZED
                  00006280    00000040     DSP2833x_GlobalVariableDefs.obj (ECanbMOTSRegsFile)

ECanbMOTORegsFile 
*          1    000062c0    00000040     UNINITIALIZED
                  000062c0    00000040     DSP2833x_GlobalVariableDefs.obj (ECanbMOTORegsFile)

ECanbMboxesFile 
*          1    00006300    00000100     UNINITIALIZED
                  00006300    00000100     DSP2833x_GlobalVariableDefs.obj (ECanbMboxesFile)

EPwm1RegsFile 
*          1    00006800    00000022     UNINITIALIZED
                  00006800    00000022     DSP2833x_GlobalVariableDefs.obj (EPwm1RegsFile)

EPwm2RegsFile 
*          1    00006840    00000022     UNINITIALIZED
                  00006840    00000022     DSP2833x_GlobalVariableDefs.obj (EPwm2RegsFile)

EPwm3RegsFile 
*          1    00006880    00000022     UNINITIALIZED
                  00006880    00000022     DSP2833x_GlobalVariableDefs.obj (EPwm3RegsFile)

EPwm4RegsFile 
*          1    000068c0    00000022     UNINITIALIZED
                  000068c0    00000022     DSP2833x_GlobalVariableDefs.obj (EPwm4RegsFile)

EPwm5RegsFile 
*          1    00006900    00000022     UNINITIALIZED
                  00006900    00000022     DSP2833x_GlobalVariableDefs.obj (EPwm5RegsFile)

EPwm6RegsFile 
*          1    00006940    00000022     UNINITIALIZED
                  00006940    00000022     DSP2833x_GlobalVariableDefs.obj (EPwm6RegsFile)

ECap1RegsFile 
*          1    00006a00    00000020     UNINITIALIZED
                  00006a00    00000020     DSP2833x_GlobalVariableDefs.obj (ECap1RegsFile)

ECap2RegsFile 
*          1    00006a20    00000020     UNINITIALIZED
                  00006a20    00000020     DSP2833x_GlobalVariableDefs.obj (ECap2RegsFile)

ECap3RegsFile 
*          1    00006a40    00000020     UNINITIALIZED
                  00006a40    00000020     DSP2833x_GlobalVariableDefs.obj (ECap3RegsFile)

ECap4RegsFile 
*          1    00006a60    00000020     UNINITIALIZED
                  00006a60    00000020     DSP2833x_GlobalVariableDefs.obj (ECap4RegsFile)

ECap5RegsFile 
*          1    00006a80    00000020     UNINITIALIZED
                  00006a80    00000020     DSP2833x_GlobalVariableDefs.obj (ECap5RegsFile)

ECap6RegsFile 
*          1    00006aa0    00000020     UNINITIALIZED
                  00006aa0    00000020     DSP2833x_GlobalVariableDefs.obj (ECap6RegsFile)

EQep1RegsFile 
*          1    00006b00    00000040     UNINITIALIZED
                  00006b00    00000040     DSP2833x_GlobalVariableDefs.obj (EQep1RegsFile)

EQep2RegsFile 
*          1    00006b40    00000040     UNINITIALIZED
                  00006b40    00000040     DSP2833x_GlobalVariableDefs.obj (EQep2RegsFile)

GpioCtrlRegsFile 
*          1    00006f80    0000002e     UNINITIALIZED
                  00006f80    0000002e     DSP2833x_GlobalVariableDefs.obj (GpioCtrlRegsFile)

GpioDataRegsFile 
*          1    00006fc0    00000020     UNINITIALIZED
                  00006fc0    00000020     DSP2833x_GlobalVariableDefs.obj (GpioDataRegsFile)

GpioIntRegsFile 
*          1    00006fe0    0000000a     UNINITIALIZED
                  00006fe0    0000000a     DSP2833x_GlobalVariableDefs.obj (GpioIntRegsFile)

SysCtrlRegsFile 
*          1    00007010    00000020     UNINITIALIZED
                  00007010    00000020     DSP2833x_GlobalVariableDefs.obj (SysCtrlRegsFile)

SpiaRegsFile 
*          1    00007040    00000010     UNINITIALIZED
                  00007040    00000010     DSP2833x_GlobalVariableDefs.obj (SpiaRegsFile)

SciaRegsFile 
*          1    00007050    00000010     UNINITIALIZED
                  00007050    00000010     DSP2833x_GlobalVariableDefs.obj (SciaRegsFile)

XIntruptRegsFile 
*          1    00007070    00000010     UNINITIALIZED
                  00007070    00000010     DSP2833x_GlobalVariableDefs.obj (XIntruptRegsFile)

AdcRegsFile 
*          1    00007100    0000001e     UNINITIALIZED
                  00007100    0000001e     DSP2833x_GlobalVariableDefs.obj (AdcRegsFile)

ScibRegsFile 
*          1    00007750    00000010     UNINITIALIZED
                  00007750    00000010     DSP2833x_GlobalVariableDefs.obj (ScibRegsFile)

ScicRegsFile 
*          1    00007770    00000010     UNINITIALIZED
                  00007770    00000010     DSP2833x_GlobalVariableDefs.obj (ScicRegsFile)

I2caRegsFile 
*          1    00007900    00000022     UNINITIALIZED
                  00007900    00000022     DSP2833x_GlobalVariableDefs.obj (I2caRegsFile)

CsmPwlFile 
*          1    0033fff8    00000008     UNINITIALIZED
                  0033fff8    00000008     DSP2833x_GlobalVariableDefs.obj (CsmPwlFile)

PartIdRegsFile 
*          1    00380090    00000001     UNINITIALIZED
                  00380090    00000001     DSP2833x_GlobalVariableDefs.obj (PartIdRegsFile)

MODULE SUMMARY

       Module                            code   ro data   rw data
       ------                            ----   -------   -------
    .\
       DSP2833x_GlobalVariableDefs.obj   0      0         2679   
       main.obj                          46     0         5      
       DSP2833x_CodeStartBranch.obj      10     0         0      
    +--+---------------------------------+------+---------+---------+
       Total:                            56     0         2684   
                                                                 
    .\sdu_source\
       pr2.obj                           600    0         302    
       adc.obj                           267    0         56     
       kom.obj                           243    0         58     
       pwm.obj                           243    0         5      
       qep.obj                           164    0         18     
       init.obj                          114    0         0      
    +--+---------------------------------+------+---------+---------+
       Total:                            1631   0         439    
                                                                 
    ../IQmath_fpu32.lib
       IQmathTables.obj                  0      0         2896   
       IQ18div.obj                       71     0         0      
    +--+---------------------------------+------+---------+---------+
       Total:                            71     0         2896   
                                                                 
    C:\ti\ccsv6\tools\compiler\c2000_15.12.3.LTS\lib\rts2800_fpu32.lib
       fd_mpy.obj                        131    0         0      
       boot.obj                          86     0         0      
       cpy_tbl.obj                       70     0         0      
       exit.obj                          41     0         20     
       fd_tol.obj                        31     0         0      
       i_tofd.obj                        29     0         0      
       cpy_utils.obj                     26     0         0      
       args_main.obj                     25     0         0      
       _lock.obj                         9      0         14     
       u_tofd.obj                        23     0         0      
       ul_tofd.obj                       22     0         0      
       pre_init.obj                      2      0         0      
       startup.obj                       1      0         0      
    +--+---------------------------------+------+---------+---------+
       Total:                            496    0         34     
                                                                 
       Stack:                            0      0         768    
    +--+---------------------------------+------+---------+---------+
       Grand Total:                      2254   0         6821   


GLOBAL DATA SYMBOLS: SORTED BY DATA PAGE

address     data page           name
--------    ----------------    ----
00000400      10 (00000400)     __stack

00000880      22 (00000880)     _DevEmuRegs

00000a80      2a (00000a80)     _FlashRegs

00000ae0      2b (00000ac0)     _CsmRegs

00000b00      2c (00000b00)     _AdcMirror
00000b20      2c (00000b00)     _XintfRegs

00000c00      30 (00000c00)     _CpuTimer0Regs
00000c08      30 (00000c00)     _CpuTimer1Regs
00000c10      30 (00000c00)     _CpuTimer2Regs

00000ce0      33 (00000cc0)     _PieCtrlRegs

00000d00      34 (00000d00)     _PieVectTable

00001000      40 (00001000)     _DmaRegs

00005000     140 (00005000)     _McbspaRegs

00005040     141 (00005040)     _McbspbRegs

00006000     180 (00006000)     _ECanaRegs

00006040     181 (00006040)     _ECanaLAMRegs

00006080     182 (00006080)     _ECanaMOTSRegs

000060c0     183 (000060c0)     _ECanaMOTORegs

00006100     184 (00006100)     _ECanaMboxes

00006200     188 (00006200)     _ECanbRegs

00006240     189 (00006240)     _ECanbLAMRegs

00006280     18a (00006280)     _ECanbMOTSRegs

000062c0     18b (000062c0)     _ECanbMOTORegs

00006300     18c (00006300)     _ECanbMboxes

00006800     1a0 (00006800)     _EPwm1Regs

00006840     1a1 (00006840)     _EPwm2Regs

00006880     1a2 (00006880)     _EPwm3Regs

000068c0     1a3 (000068c0)     _EPwm4Regs

00006900     1a4 (00006900)     _EPwm5Regs

00006940     1a5 (00006940)     _EPwm6Regs

00006a00     1a8 (00006a00)     _ECap1Regs
00006a20     1a8 (00006a00)     _ECap2Regs

00006a40     1a9 (00006a40)     _ECap3Regs
00006a60     1a9 (00006a40)     _ECap4Regs

00006a80     1aa (00006a80)     _ECap5Regs
00006aa0     1aa (00006a80)     _ECap6Regs

00006b00     1ac (00006b00)     _EQep1Regs

00006b40     1ad (00006b40)     _EQep2Regs

00006f80     1be (00006f80)     _GpioCtrlRegs

00006fc0     1bf (00006fc0)     _GpioDataRegs
00006fe0     1bf (00006fc0)     _GpioIntRegs

00007010     1c0 (00007000)     _SysCtrlRegs

00007040     1c1 (00007040)     _SpiaRegs
00007050     1c1 (00007040)     _SciaRegs
00007070     1c1 (00007040)     _XIntruptRegs

00007100     1c4 (00007100)     _AdcRegs

00007750     1dd (00007740)     _ScibRegs
00007770     1dd (00007740)     _ScicRegs

00007900     1e4 (00007900)     _I2caRegs

0000c000     300 (0000c000)     _test_MN
0000c001     300 (0000c000)     _test_Imz_U
0000c002     300 (0000c000)     _test_VN
0000c003     300 (0000c000)     _test_Imz_V
0000c004     300 (0000c000)     _test_Ivz_V
0000c005     300 (0000c000)     _test_Ivz_pov
0000c006     300 (0000c000)     _test_Imz_pov
0000c007     300 (0000c000)     _test_Ivz_U
0000c008     300 (0000c000)     _T_mz
0000c00a     300 (0000c000)     _IU
0000c00c     300 (0000c000)     _Ipov
0000c00e     300 (0000c000)     _Ig_mz
0000c010     300 (0000c000)     _IV
0000c012     300 (0000c000)     _Ig_vz
0000c014     300 (0000c000)     _UgV
0000c016     300 (0000c000)     _U
0000c018     300 (0000c000)     _zbroj_Vfb
0000c01a     300 (0000c000)     _N
0000c01c     300 (0000c000)     _zbroj_I_U
0000c01e     300 (0000c000)     _zbroj_I_pov
0000c020     300 (0000c000)     _zbroj_I_V
0000c022     300 (0000c000)     _MV_napon
0000c024     300 (0000c000)     _UgN
0000c026     300 (0000c000)     _MV_struja_U
0000c028     300 (0000c000)     _MV_struja_I_pov
0000c02a     300 (0000c000)     _i_vz_U
0000c02c     300 (0000c000)     _i_vz_pov
0000c02e     300 (0000c000)     _i_vz_V
0000c030     300 (0000c000)     _T_vz
0000c032     300 (0000c000)     _i_NN
0000c034     300 (0000c000)     _i_VN
0000c036     300 (0000c000)     _i_mz_U
0000c038     300 (0000c000)     _i_mz_pov
0000c03a     300 (0000c000)     _MV_struja_V
0000c03c     300 (0000c000)     _vrijeme_VN
0000c03e     300 (0000c000)     _i_mz_V

0000c040     301 (0000c040)     _vrijeme_NN
0000c042     301 (0000c040)     _Buffer_I_pov
0000c04a     301 (0000c040)     _Buffer_Vfb
0000c052     301 (0000c040)     _Buffer_I_V
0000c05a     301 (0000c040)     _Buffer_I_U
0000c062     301 (0000c040)     _Ifb_U
0000c064     301 (0000c040)     _Ifb_Ret
0000c066     301 (0000c040)     _Vfb_Bus
0000c068     301 (0000c040)     _Ifb_V
0000c06a     301 (0000c040)     _Ifb_V_offset
0000c06c     301 (0000c040)     _Vfb_Bus_offset
0000c06e     301 (0000c040)     _Ifb_Ret_offset
0000c070     301 (0000c040)     _Ifb_U_offset
0000c072     301 (0000c040)     _test_1
0000c074     301 (0000c040)     _rpm_low
0000c076     301 (0000c040)     _test_2
0000c078     301 (0000c040)     _spd
0000c07a     301 (0000c040)     _test_3
0000c07c     301 (0000c040)     _test_4
0000c07e     301 (0000c040)     _rpm_high

0000c080     302 (0000c080)     _omega
0000c082     302 (0000c080)     _w
0000c084     302 (0000c080)     _kom_buffer
0000c08e     302 (0000c080)     _msg
0000c0ac     302 (0000c080)     ___TI_enable_exit_profile_output
0000c0ae     302 (0000c080)     ___TI_cleanup_ptr
0000c0b0     302 (0000c080)     ___TI_dtors_ptr
0000c0b2     302 (0000c080)     __lock
0000c0b4     302 (0000c080)     __unlock
0000c0b6     302 (0000c080)     _a
0000c0b7     302 (0000c080)     _pwm_z

0033fff8    cfff (0033ffc0)     _CsmPwl

00380090    e002 (00380080)     _PartIdRegs

003fe000    ff80 (003fe000)     _IQsinTable

003fe100    ff84 (003fe100)     _IQcosTable

003fe400    ff90 (003fe400)     _IQsinTableEnd

003fe502    ff94 (003fe500)     _IQcosTableEnd
003fe502    ff94 (003fe500)     _IQdivRoundSatTable
003fe510    ff94 (003fe500)     _IQdivTable

003fe712    ff9c (003fe700)     _IQdivTableEnd
003fe712    ff9c (003fe700)     _IQisqrtRoundSatTable
003fe712    ff9c (003fe700)     _IQsqrtRoundSatTable
003fe722    ff9c (003fe700)     _IQisqrtTable
003fe722    ff9c (003fe700)     _IQsqrtTable

003fe824    ffa0 (003fe800)     _IQatan2HalfPITable
003fe824    ffa0 (003fe800)     _IQisqrtTableEnd
003fe824    ffa0 (003fe800)     _IQsqrtTableEnd

003fe862    ffa1 (003fe840)     _IQatan2Table

003fe9e8    ffa7 (003fe9c0)     _IQ30mpyRndSatTable
003fe9e8    ffa7 (003fe9c0)     _IQatan2TableEnd
003fe9e8    ffa7 (003fe9c0)     _IQmpyRndSatTable
003fe9f4    ffa7 (003fe9c0)     _IQ29mpyRndSatTable

003fea00    ffa8 (003fea00)     _IQ28mpyRndSatTable
003fea0c    ffa8 (003fea00)     _IQ27mpyRndSatTable
003fea18    ffa8 (003fea00)     _IQ26mpyRndSatTable
003fea24    ffa8 (003fea00)     _IQ25mpyRndSatTable
003fea30    ffa8 (003fea00)     _IQ24mpyRndSatTable
003fea3c    ffa8 (003fea00)     _IQ23mpyRndSatTable

003fea48    ffa9 (003fea40)     _IQ22mpyRndSatTable
003fea54    ffa9 (003fea40)     _IQ21mpyRndSatTable
003fea60    ffa9 (003fea40)     _IQ20mpyRndSatTable
003fea6c    ffa9 (003fea40)     _IQ19mpyRndSatTable
003fea78    ffa9 (003fea40)     _IQ18mpyRndSatTable

003fea84    ffaa (003fea80)     _IQ17mpyRndSatTable
003fea90    ffaa (003fea80)     _IQ16mpyRndSatTable
003fea9c    ffaa (003fea80)     _IQ15mpyRndSatTable
003feaa8    ffaa (003fea80)     _IQ14mpyRndSatTable
003feab4    ffaa (003fea80)     _IQ13mpyRndSatTable

003feac0    ffab (003feac0)     _IQ12mpyRndSatTable
003feacc    ffab (003feac0)     _IQ11mpyRndSatTable
003fead8    ffab (003feac0)     _IQ10mpyRndSatTable
003feae4    ffab (003feac0)     _IQ9mpyRndSatTable
003feaf0    ffab (003feac0)     _IQ8mpyRndSatTable
003feafc    ffab (003feac0)     _IQ7mpyRndSatTable

003feb08    ffac (003feb00)     _IQ6mpyRndSatTable
003feb14    ffac (003feb00)     _IQ5mpyRndSatTable
003feb20    ffac (003feb00)     _IQ4mpyRndSatTable
003feb2c    ffac (003feb00)     _IQ3mpyRndSatTable
003feb38    ffac (003feb00)     _IQ2mpyRndSatTable

003feb44    ffad (003feb40)     _IQ1mpyRndSatTable
003feb50    ffad (003feb40)     _IQmpyRndSatTableEnd


GLOBAL SYMBOLS: SORTED ALPHABETICALLY BY Name 

page  address   name                            
----  -------   ----                            
0     00009000  .text                           
0     000097ac  C$$EXIT                         
0     000095b6  FD$$MPY                         
0     000097d5  FD$$TOL                         
0     000097f4  I$$TOFD                         
0     00009844  U$$TOFD                         
0     0000985b  UL$$TOFD                        
1     00000b00  _AdcMirror                      
1     00007100  _AdcRegs                        
1     0000c05a  _Buffer_I_U                     
1     0000c052  _Buffer_I_V                     
1     0000c042  _Buffer_I_pov                   
1     0000c04a  _Buffer_Vfb                     
1     00000c00  _CpuTimer0Regs                  
1     00000c08  _CpuTimer1Regs                  
1     00000c10  _CpuTimer2Regs                  
1     0033fff8  _CsmPwl                         
1     00000ae0  _CsmRegs                        
1     00000880  _DevEmuRegs                     
1     00001000  _DmaRegs                        
1     00006040  _ECanaLAMRegs                   
1     000060c0  _ECanaMOTORegs                  
1     00006080  _ECanaMOTSRegs                  
1     00006100  _ECanaMboxes                    
1     00006000  _ECanaRegs                      
1     00006240  _ECanbLAMRegs                   
1     000062c0  _ECanbMOTORegs                  
1     00006280  _ECanbMOTSRegs                  
1     00006300  _ECanbMboxes                    
1     00006200  _ECanbRegs                      
1     00006a00  _ECap1Regs                      
1     00006a20  _ECap2Regs                      
1     00006a40  _ECap3Regs                      
1     00006a60  _ECap4Regs                      
1     00006a80  _ECap5Regs                      
1     00006aa0  _ECap6Regs                      
1     00006800  _EPwm1Regs                      
1     00006840  _EPwm2Regs                      
1     00006880  _EPwm3Regs                      
1     000068c0  _EPwm4Regs                      
1     00006900  _EPwm5Regs                      
1     00006940  _EPwm6Regs                      
1     00006b00  _EQep1Regs                      
1     00006b40  _EQep2Regs                      
1     00000a80  _FlashRegs                      
1     00006f80  _GpioCtrlRegs                   
1     00006fc0  _GpioDataRegs                   
1     00006fe0  _GpioIntRegs                    
1     00007900  _I2caRegs                       
0     003fead8  _IQ10mpyRndSatTable             
0     003feacc  _IQ11mpyRndSatTable             
0     003feac0  _IQ12mpyRndSatTable             
0     003feab4  _IQ13mpyRndSatTable             
0     003feaa8  _IQ14mpyRndSatTable             
0     003fea9c  _IQ15mpyRndSatTable             
0     003fea90  _IQ16mpyRndSatTable             
0     003fea84  _IQ17mpyRndSatTable             
0     003fea78  _IQ18mpyRndSatTable             
0     003fea6c  _IQ19mpyRndSatTable             
0     003feb44  _IQ1mpyRndSatTable              
0     003fea60  _IQ20mpyRndSatTable             
0     003fea54  _IQ21mpyRndSatTable             
0     003fea48  _IQ22mpyRndSatTable             
0     003fea3c  _IQ23mpyRndSatTable             
0     003fea30  _IQ24mpyRndSatTable             
0     003fea24  _IQ25mpyRndSatTable             
0     003fea18  _IQ26mpyRndSatTable             
0     003fea0c  _IQ27mpyRndSatTable             
0     003fea00  _IQ28mpyRndSatTable             
0     003fe9f4  _IQ29mpyRndSatTable             
0     003feb38  _IQ2mpyRndSatTable              
0     003fe9e8  _IQ30mpyRndSatTable             
0     003feb2c  _IQ3mpyRndSatTable              
0     003feb20  _IQ4mpyRndSatTable              
0     003feb14  _IQ5mpyRndSatTable              
0     003feb08  _IQ6mpyRndSatTable              
0     003feafc  _IQ7mpyRndSatTable              
0     003feaf0  _IQ8mpyRndSatTable              
0     003feae4  _IQ9mpyRndSatTable              
0     003fe824  _IQatan2HalfPITable             
0     003fe862  _IQatan2Table                   
0     003fe9e8  _IQatan2TableEnd                
0     003fe100  _IQcosTable                     
0     003fe502  _IQcosTableEnd                  
0     003fe502  _IQdivRoundSatTable             
0     003fe510  _IQdivTable                     
0     003fe712  _IQdivTableEnd                  
0     003fe712  _IQisqrtRoundSatTable           
0     003fe722  _IQisqrtTable                   
0     003fe824  _IQisqrtTableEnd                
0     003fe9e8  _IQmpyRndSatTable               
0     003feb50  _IQmpyRndSatTableEnd            
0     003fe000  _IQsinTable                     
0     003fe400  _IQsinTableEnd                  
0     003fe712  _IQsqrtRoundSatTable            
0     003fe722  _IQsqrtTable                    
0     003fe824  _IQsqrtTableEnd                 
1     0000c00a  _IU                             
1     0000c010  _IV                             
1     0000c064  _Ifb_Ret                        
1     0000c06e  _Ifb_Ret_offset                 
1     0000c062  _Ifb_U                          
1     0000c070  _Ifb_U_offset                   
1     0000c068  _Ifb_V                          
1     0000c06a  _Ifb_V_offset                   
1     0000c00e  _Ig_mz                          
1     0000c012  _Ig_vz                          
1     0000c00c  _Ipov                           
1     0000c022  _MV_napon                       
1     0000c028  _MV_struja_I_pov                
1     0000c026  _MV_struja_U                    
1     0000c03a  _MV_struja_V                    
1     00005000  _McbspaRegs                     
1     00005040  _McbspbRegs                     
1     0000c01a  _N                              
1     00380090  _PartIdRegs                     
1     00000ce0  _PieCtrlRegs                    
1     00000d00  _PieVectTable                   
0     00009338  _SCIA_Poruka                    
0     0000932c  _SCIA_Slanje                    
1     00007050  _SciaRegs                       
1     00007750  _ScibRegs                       
1     00007770  _ScicRegs                       
1     00007040  _SpiaRegs                       
1     00007010  _SysCtrlRegs                    
1     0000c008  _T_mz                           
1     0000c030  _T_vz                           
1     0000c016  _U                              
1     0000c024  _UgN                            
1     0000c014  _UgV                            
1     0000c066  _Vfb_Bus                        
1     0000c06c  _Vfb_Bus_offset                 
1     00007070  _XIntruptRegs                   
1     00000b20  _XintfRegs                      
0     00009885  __IQ18div                       
1     00000700  __STACK_END                     
abs   00000300  __STACK_SIZE                    
1     0000c0ae  ___TI_cleanup_ptr               
1     0000c0b0  ___TI_dtors_ptr                 
1     0000c0ac  ___TI_enable_exit_profile_output
abs   ffffffff  ___TI_pprof_out_hndl            
abs   ffffffff  ___TI_prof_data_size            
abs   ffffffff  ___TI_prof_data_start           
abs   ffffffff  ___binit__                      
abs   ffffffff  ___c_args__                     
0     00008000  ___cinit__                      
0     00009885  ___etext__                      
abs   ffffffff  ___pinit__                      
0     00009000  ___text__                       
0     0000982b  __args_main                     
1     0000c0b2  __lock                          
0     00009879  __nop                           
0     00009875  __register_lock                 
0     00009871  __register_unlock               
1     00000400  __stack                         
0     00009884  __system_post_cinit             
0     00009882  __system_pre_init               
1     0000c0b4  __unlock                        
1     0000c0b6  _a                              
0     000097ac  _abort                          
0     0000948c  _adc_loop                       
0     0000943e  _adc_setup                      
0     000096ab  _c_int00                        
0     00009701  _copy_in                        
0     00009811  _ddcopy                         
0     00009678  _delay_loop                     
0     00009811  _dpcopy                         
0     0000963e  _dsp_clock_setup                
0     00009651  _dsp_flash_setup                
0     000097ae  _exit                           
0     00009639  _fun_1                          
0     000094da  _fun_offset_adc                 
1     0000c032  _i_NN                           
1     0000c034  _i_VN                           
1     0000c036  _i_mz_U                         
1     0000c03e  _i_mz_V                         
1     0000c038  _i_mz_pov                       
1     0000c02a  _i_vz_U                         
1     0000c02e  _i_vz_V                         
1     0000c02c  _i_vz_pov                       
0     00009747  _int_rut                        
0     000094a5  _interrupt_setup_adc            
1     0000c084  _kom_buffer                     
0     000092a3  _kom_loop                       
0     00009258  _kom_setup                      
0     0000977e  _main                           
1     0000c08e  _msg                            
1     0000c080  _omega                          
0     00009811  _pdcopy                         
0     00009811  _ppcopy                         
0     00009000  _pr2_interrupt                  
0     00009431  _pwm_loop                       
0     0000934b  _pwm_setup                      
1     0000c0b7  _pwm_z                          
0     0000954a  _qep_loop                       
0     00009512  _qep_setup                      
1     0000c07e  _rpm_high                       
1     0000c074  _rpm_low                        
1     0000c078  _spd                            
1     0000c072  _test_1                         
1     0000c076  _test_2                         
1     0000c07a  _test_3                         
1     0000c07c  _test_4                         
1     0000c001  _test_Imz_U                     
1     0000c003  _test_Imz_V                     
1     0000c006  _test_Imz_pov                   
1     0000c007  _test_Ivz_U                     
1     0000c004  _test_Ivz_V                     
1     0000c005  _test_Ivz_pov                   
1     0000c000  _test_MN                        
1     0000c002  _test_VN                        
0     000096a4  _test_prog_1_loop               
0     0000968c  _test_prog_1_setup              
1     0000c040  _vrijeme_NN                     
1     0000c03c  _vrijeme_VN                     
1     0000c082  _w                              
0     0000966e  _watchdog_timer_reset           
0     00009666  _watchdog_timer_setup           
1     0000c01c  _zbroj_I_U                      
1     0000c020  _zbroj_I_V                      
1     0000c01e  _zbroj_I_pov                    
1     0000c018  _zbroj_Vfb                      
abs   ffffffff  binit                           
0     00008000  cinit                           
0     00000000  code_start                      
0     00009885  etext                           
abs   ffffffff  pinit                           


GLOBAL SYMBOLS: SORTED BY Symbol Address 

page  address   name                            
----  -------   ----                            
0     00000000  code_start                      
0     00008000  ___cinit__                      
0     00008000  cinit                           
0     00009000  .text                           
0     00009000  ___text__                       
0     00009000  _pr2_interrupt                  
0     00009258  _kom_setup                      
0     000092a3  _kom_loop                       
0     0000932c  _SCIA_Slanje                    
0     00009338  _SCIA_Poruka                    
0     0000934b  _pwm_setup                      
0     00009431  _pwm_loop                       
0     0000943e  _adc_setup                      
0     0000948c  _adc_loop                       
0     000094a5  _interrupt_setup_adc            
0     000094da  _fun_offset_adc                 
0     00009512  _qep_setup                      
0     0000954a  _qep_loop                       
0     000095b6  FD$$MPY                         
0     00009639  _fun_1                          
0     0000963e  _dsp_clock_setup                
0     00009651  _dsp_flash_setup                
0     00009666  _watchdog_timer_setup           
0     0000966e  _watchdog_timer_reset           
0     00009678  _delay_loop                     
0     0000968c  _test_prog_1_setup              
0     000096a4  _test_prog_1_loop               
0     000096ab  _c_int00                        
0     00009701  _copy_in                        
0     00009747  _int_rut                        
0     0000977e  _main                           
0     000097ac  C$$EXIT                         
0     000097ac  _abort                          
0     000097ae  _exit                           
0     000097d5  FD$$TOL                         
0     000097f4  I$$TOFD                         
0     00009811  _ddcopy                         
0     00009811  _dpcopy                         
0     00009811  _pdcopy                         
0     00009811  _ppcopy                         
0     0000982b  __args_main                     
0     00009844  U$$TOFD                         
0     0000985b  UL$$TOFD                        
0     00009871  __register_unlock               
0     00009875  __register_lock                 
0     00009879  __nop                           
0     00009882  __system_pre_init               
0     00009884  __system_post_cinit             
0     00009885  __IQ18div                       
0     00009885  ___etext__                      
0     00009885  etext                           
0     003fe000  _IQsinTable                     
0     003fe100  _IQcosTable                     
0     003fe400  _IQsinTableEnd                  
0     003fe502  _IQcosTableEnd                  
0     003fe502  _IQdivRoundSatTable             
0     003fe510  _IQdivTable                     
0     003fe712  _IQdivTableEnd                  
0     003fe712  _IQisqrtRoundSatTable           
0     003fe712  _IQsqrtRoundSatTable            
0     003fe722  _IQisqrtTable                   
0     003fe722  _IQsqrtTable                    
0     003fe824  _IQatan2HalfPITable             
0     003fe824  _IQisqrtTableEnd                
0     003fe824  _IQsqrtTableEnd                 
0     003fe862  _IQatan2Table                   
0     003fe9e8  _IQ30mpyRndSatTable             
0     003fe9e8  _IQatan2TableEnd                
0     003fe9e8  _IQmpyRndSatTable               
0     003fe9f4  _IQ29mpyRndSatTable             
0     003fea00  _IQ28mpyRndSatTable             
0     003fea0c  _IQ27mpyRndSatTable             
0     003fea18  _IQ26mpyRndSatTable             
0     003fea24  _IQ25mpyRndSatTable             
0     003fea30  _IQ24mpyRndSatTable             
0     003fea3c  _IQ23mpyRndSatTable             
0     003fea48  _IQ22mpyRndSatTable             
0     003fea54  _IQ21mpyRndSatTable             
0     003fea60  _IQ20mpyRndSatTable             
0     003fea6c  _IQ19mpyRndSatTable             
0     003fea78  _IQ18mpyRndSatTable             
0     003fea84  _IQ17mpyRndSatTable             
0     003fea90  _IQ16mpyRndSatTable             
0     003fea9c  _IQ15mpyRndSatTable             
0     003feaa8  _IQ14mpyRndSatTable             
0     003feab4  _IQ13mpyRndSatTable             
0     003feac0  _IQ12mpyRndSatTable             
0     003feacc  _IQ11mpyRndSatTable             
0     003fead8  _IQ10mpyRndSatTable             
0     003feae4  _IQ9mpyRndSatTable              
0     003feaf0  _IQ8mpyRndSatTable              
0     003feafc  _IQ7mpyRndSatTable              
0     003feb08  _IQ6mpyRndSatTable              
0     003feb14  _IQ5mpyRndSatTable              
0     003feb20  _IQ4mpyRndSatTable              
0     003feb2c  _IQ3mpyRndSatTable              
0     003feb38  _IQ2mpyRndSatTable              
0     003feb44  _IQ1mpyRndSatTable              
0     003feb50  _IQmpyRndSatTableEnd            
1     00000400  __stack                         
1     00000700  __STACK_END                     
1     00000880  _DevEmuRegs                     
1     00000a80  _FlashRegs                      
1     00000ae0  _CsmRegs                        
1     00000b00  _AdcMirror                      
1     00000b20  _XintfRegs                      
1     00000c00  _CpuTimer0Regs                  
1     00000c08  _CpuTimer1Regs                  
1     00000c10  _CpuTimer2Regs                  
1     00000ce0  _PieCtrlRegs                    
1     00000d00  _PieVectTable                   
1     00001000  _DmaRegs                        
1     00005000  _McbspaRegs                     
1     00005040  _McbspbRegs                     
1     00006000  _ECanaRegs                      
1     00006040  _ECanaLAMRegs                   
1     00006080  _ECanaMOTSRegs                  
1     000060c0  _ECanaMOTORegs                  
1     00006100  _ECanaMboxes                    
1     00006200  _ECanbRegs                      
1     00006240  _ECanbLAMRegs                   
1     00006280  _ECanbMOTSRegs                  
1     000062c0  _ECanbMOTORegs                  
1     00006300  _ECanbMboxes                    
1     00006800  _EPwm1Regs                      
1     00006840  _EPwm2Regs                      
1     00006880  _EPwm3Regs                      
1     000068c0  _EPwm4Regs                      
1     00006900  _EPwm5Regs                      
1     00006940  _EPwm6Regs                      
1     00006a00  _ECap1Regs                      
1     00006a20  _ECap2Regs                      
1     00006a40  _ECap3Regs                      
1     00006a60  _ECap4Regs                      
1     00006a80  _ECap5Regs                      
1     00006aa0  _ECap6Regs                      
1     00006b00  _EQep1Regs                      
1     00006b40  _EQep2Regs                      
1     00006f80  _GpioCtrlRegs                   
1     00006fc0  _GpioDataRegs                   
1     00006fe0  _GpioIntRegs                    
1     00007010  _SysCtrlRegs                    
1     00007040  _SpiaRegs                       
1     00007050  _SciaRegs                       
1     00007070  _XIntruptRegs                   
1     00007100  _AdcRegs                        
1     00007750  _ScibRegs                       
1     00007770  _ScicRegs                       
1     00007900  _I2caRegs                       
1     0000c000  _test_MN                        
1     0000c001  _test_Imz_U                     
1     0000c002  _test_VN                        
1     0000c003  _test_Imz_V                     
1     0000c004  _test_Ivz_V                     
1     0000c005  _test_Ivz_pov                   
1     0000c006  _test_Imz_pov                   
1     0000c007  _test_Ivz_U                     
1     0000c008  _T_mz                           
1     0000c00a  _IU                             
1     0000c00c  _Ipov                           
1     0000c00e  _Ig_mz                          
1     0000c010  _IV                             
1     0000c012  _Ig_vz                          
1     0000c014  _UgV                            
1     0000c016  _U                              
1     0000c018  _zbroj_Vfb                      
1     0000c01a  _N                              
1     0000c01c  _zbroj_I_U                      
1     0000c01e  _zbroj_I_pov                    
1     0000c020  _zbroj_I_V                      
1     0000c022  _MV_napon                       
1     0000c024  _UgN                            
1     0000c026  _MV_struja_U                    
1     0000c028  _MV_struja_I_pov                
1     0000c02a  _i_vz_U                         
1     0000c02c  _i_vz_pov                       
1     0000c02e  _i_vz_V                         
1     0000c030  _T_vz                           
1     0000c032  _i_NN                           
1     0000c034  _i_VN                           
1     0000c036  _i_mz_U                         
1     0000c038  _i_mz_pov                       
1     0000c03a  _MV_struja_V                    
1     0000c03c  _vrijeme_VN                     
1     0000c03e  _i_mz_V                         
1     0000c040  _vrijeme_NN                     
1     0000c042  _Buffer_I_pov                   
1     0000c04a  _Buffer_Vfb                     
1     0000c052  _Buffer_I_V                     
1     0000c05a  _Buffer_I_U                     
1     0000c062  _Ifb_U                          
1     0000c064  _Ifb_Ret                        
1     0000c066  _Vfb_Bus                        
1     0000c068  _Ifb_V                          
1     0000c06a  _Ifb_V_offset                   
1     0000c06c  _Vfb_Bus_offset                 
1     0000c06e  _Ifb_Ret_offset                 
1     0000c070  _Ifb_U_offset                   
1     0000c072  _test_1                         
1     0000c074  _rpm_low                        
1     0000c076  _test_2                         
1     0000c078  _spd                            
1     0000c07a  _test_3                         
1     0000c07c  _test_4                         
1     0000c07e  _rpm_high                       
1     0000c080  _omega                          
1     0000c082  _w                              
1     0000c084  _kom_buffer                     
1     0000c08e  _msg                            
1     0000c0ac  ___TI_enable_exit_profile_output
1     0000c0ae  ___TI_cleanup_ptr               
1     0000c0b0  ___TI_dtors_ptr                 
1     0000c0b2  __lock                          
1     0000c0b4  __unlock                        
1     0000c0b6  _a                              
1     0000c0b7  _pwm_z                          
1     0033fff8  _CsmPwl                         
1     00380090  _PartIdRegs                     
abs   00000300  __STACK_SIZE                    
abs   ffffffff  ___TI_pprof_out_hndl            
abs   ffffffff  ___TI_prof_data_size            
abs   ffffffff  ___TI_prof_data_start           
abs   ffffffff  ___binit__                      
abs   ffffffff  ___c_args__                     
abs   ffffffff  ___pinit__                      
abs   ffffffff  binit                           
abs   ffffffff  pinit                           

[227 symbols]
