<?xml version="1.0"?>
<link_info>
   <banner>TMS320C2000 Linker PC v15.12.3.LTS</banner>
   <copyright>Copyright (c) 1996-2015 Texas Instruments Incorporated</copyright>
   <link_time>0x5b219251</link_time>
   <link_errors>0x0</link_errors>
   <output_file>SDU_projekt.out</output_file>
   <entry_point>
      <name>_c_int00</name>
      <address>0x905e</address>
   </entry_point>
   <input_file_list>
      <input_file id="fl-2">
         <path>.\</path>
         <kind>object</kind>
         <file>DSP2833x_CodeStartBranch.obj</file>
         <name>DSP2833x_CodeStartBranch.obj</name>
      </input_file>
      <input_file id="fl-3">
         <path>.\</path>
         <kind>object</kind>
         <file>DSP2833x_GlobalVariableDefs.obj</file>
         <name>DSP2833x_GlobalVariableDefs.obj</name>
      </input_file>
      <input_file id="fl-4">
         <path>.\</path>
         <kind>object</kind>
         <file>functions_init.obj</file>
         <name>functions_init.obj</name>
      </input_file>
      <input_file id="fl-5">
         <path>.\</path>
         <kind>object</kind>
         <file>main.obj</file>
         <name>main.obj</name>
      </input_file>
      <input_file id="fl-c">
         <path>..\</path>
         <kind>archive</kind>
         <file>IQmath_fpu32.lib</file>
         <name>IQ18div.obj</name>
      </input_file>
      <input_file id="fl-d">
         <path>..\</path>
         <kind>archive</kind>
         <file>IQmath_fpu32.lib</file>
         <name>IQmathTables.obj</name>
      </input_file>
      <input_file id="fl-13">
         <path>C:\ti\ccsv6\tools\compiler\c2000_15.12.3.LTS\lib\</path>
         <kind>archive</kind>
         <file>rts2800_fpu32.lib</file>
         <name>boot.obj</name>
      </input_file>
      <input_file id="fl-14">
         <path>C:\ti\ccsv6\tools\compiler\c2000_15.12.3.LTS\lib\</path>
         <kind>archive</kind>
         <file>rts2800_fpu32.lib</file>
         <name>cpy_tbl.obj</name>
      </input_file>
      <input_file id="fl-15">
         <path>C:\ti\ccsv6\tools\compiler\c2000_15.12.3.LTS\lib\</path>
         <kind>archive</kind>
         <file>rts2800_fpu32.lib</file>
         <name>cpy_utils.obj</name>
      </input_file>
      <input_file id="fl-16">
         <path>C:\ti\ccsv6\tools\compiler\c2000_15.12.3.LTS\lib\</path>
         <kind>archive</kind>
         <file>rts2800_fpu32.lib</file>
         <name>exit.obj</name>
      </input_file>
      <input_file id="fl-17">
         <path>C:\ti\ccsv6\tools\compiler\c2000_15.12.3.LTS\lib\</path>
         <kind>archive</kind>
         <file>rts2800_fpu32.lib</file>
         <name>pre_init.obj</name>
      </input_file>
      <input_file id="fl-18">
         <path>C:\ti\ccsv6\tools\compiler\c2000_15.12.3.LTS\lib\</path>
         <kind>archive</kind>
         <file>rts2800_fpu32.lib</file>
         <name>startup.obj</name>
      </input_file>
      <input_file id="fl-19">
         <path>C:\ti\ccsv6\tools\compiler\c2000_15.12.3.LTS\lib\</path>
         <kind>archive</kind>
         <file>rts2800_fpu32.lib</file>
         <name>_lock.obj</name>
      </input_file>
      <input_file id="fl-1a">
         <path>C:\ti\ccsv6\tools\compiler\c2000_15.12.3.LTS\lib\</path>
         <kind>archive</kind>
         <file>rts2800_fpu32.lib</file>
         <name>args_main.obj</name>
      </input_file>
   </input_file_list>
   <object_component_list>
      <object_component id="oc-4e">
         <name>codestart</name>
         <load_address>0x0</load_address>
         <run_address>0x0</run_address>
         <size>0x2</size>
         <input_file_ref idref="fl-2"/>
      </object_component>
      <object_component id="oc-cb">
         <name>.text</name>
         <load_address>0x9000</load_address>
         <run_address>0x9000</run_address>
         <size>0x5e</size>
         <input_file_ref idref="fl-4"/>
      </object_component>
      <object_component id="oc-4c">
         <name>.text</name>
         <load_address>0x905e</load_address>
         <run_address>0x905e</run_address>
         <size>0x56</size>
         <input_file_ref idref="fl-13"/>
      </object_component>
      <object_component id="oc-c4">
         <name>.text</name>
         <load_address>0x90b4</load_address>
         <run_address>0x90b4</run_address>
         <size>0x46</size>
         <input_file_ref idref="fl-14"/>
      </object_component>
      <object_component id="oc-c7">
         <name>.text</name>
         <load_address>0x90fa</load_address>
         <run_address>0x90fa</run_address>
         <size>0x29</size>
         <input_file_ref idref="fl-16"/>
      </object_component>
      <object_component id="oc-c8">
         <name>.text</name>
         <load_address>0x9123</load_address>
         <run_address>0x9123</run_address>
         <size>0x22</size>
         <input_file_ref idref="fl-5"/>
      </object_component>
      <object_component id="oc-a3">
         <name>.text</name>
         <load_address>0x9145</load_address>
         <run_address>0x9145</run_address>
         <size>0x1a</size>
         <input_file_ref idref="fl-15"/>
      </object_component>
      <object_component id="oc-c6">
         <name>.text</name>
         <load_address>0x915f</load_address>
         <run_address>0x915f</run_address>
         <size>0x19</size>
         <input_file_ref idref="fl-1a"/>
      </object_component>
      <object_component id="oc-cc">
         <name>.text</name>
         <load_address>0x9178</load_address>
         <run_address>0x9178</run_address>
         <size>0x9</size>
         <input_file_ref idref="fl-19"/>
      </object_component>
      <object_component id="oc-4d">
         <name>.text</name>
         <load_address>0x9181</load_address>
         <run_address>0x9181</run_address>
         <size>0x8</size>
         <input_file_ref idref="fl-2"/>
      </object_component>
      <object_component id="oc-c3">
         <name>.text</name>
         <load_address>0x9189</load_address>
         <run_address>0x9189</run_address>
         <size>0x2</size>
         <input_file_ref idref="fl-17"/>
      </object_component>
      <object_component id="oc-c5">
         <name>.text</name>
         <load_address>0x918b</load_address>
         <run_address>0x918b</run_address>
         <size>0x1</size>
         <input_file_ref idref="fl-18"/>
      </object_component>
      <object_component id="oc-a9">
         <name>.cinit</name>
         <load_address>0x8000</load_address>
         <run_address>0x8000</run_address>
         <size>0xe</size>
         <input_file_ref idref="fl-16"/>
      </object_component>
      <object_component id="oc-ca">
         <name>.cinit:__lock</name>
         <load_address>0x800e</load_address>
         <run_address>0x800e</run_address>
         <size>0x5</size>
         <input_file_ref idref="fl-19"/>
      </object_component>
      <object_component id="oc-cd">
         <name>.cinit:__unlock</name>
         <load_address>0x8013</load_address>
         <run_address>0x8013</run_address>
         <size>0x5</size>
         <input_file_ref idref="fl-19"/>
      </object_component>
      <object_component id="oc-8d">
         <name>.cinit</name>
         <load_address>0x8018</load_address>
         <run_address>0x8018</run_address>
         <size>0x4</size>
         <input_file_ref idref="fl-5"/>
      </object_component>
      <object_component id="oc-98">
         <name>.stack</name>
         <uninitialized>true</uninitialized>
         <run_address>0x400</run_address>
         <size>0x0</size>
         <input_file_ref idref="fl-13"/>
      </object_component>
      <object_component id="oc-125">
         <name>.stack</name>
         <uninitialized>true</uninitialized>
         <run_address>0x400</run_address>
         <size>0x0</size>
      </object_component>
      <object_component id="oc-8e">
         <name>.ebss</name>
         <uninitialized>true</uninitialized>
         <run_address>0xc000</run_address>
         <size>0x8</size>
         <input_file_ref idref="fl-5"/>
      </object_component>
      <object_component id="oc-aa">
         <name>.ebss</name>
         <uninitialized>true</uninitialized>
         <run_address>0xc008</run_address>
         <size>0x6</size>
         <input_file_ref idref="fl-16"/>
      </object_component>
      <object_component id="oc-ce">
         <name>.ebss:__unlock</name>
         <uninitialized>true</uninitialized>
         <run_address>0xc010</run_address>
         <size>0x2</size>
         <input_file_ref idref="fl-19"/>
      </object_component>
      <object_component id="oc-c9">
         <name>.ebss:__lock</name>
         <uninitialized>true</uninitialized>
         <run_address>0xc00e</run_address>
         <size>0x2</size>
         <input_file_ref idref="fl-19"/>
      </object_component>
      <object_component id="oc-93">
         <name>IQmath</name>
         <load_address>0x918c</load_address>
         <run_address>0x918c</run_address>
         <size>0x47</size>
         <input_file_ref idref="fl-c"/>
      </object_component>
      <object_component id="oc-97">
         <name>IQmathTables</name>
         <load_address>0x3fe000</load_address>
         <run_address>0x3fe000</run_address>
         <size>0xb50</size>
         <input_file_ref idref="fl-d"/>
      </object_component>
      <object_component id="oc-99">
         <name>.reset</name>
         <load_address>0x3fffc0</load_address>
         <run_address>0x3fffc0</run_address>
         <size>0x2</size>
         <input_file_ref idref="fl-13"/>
      </object_component>
      <object_component id="oc-85">
         <name>PieVectTableFile</name>
         <uninitialized>true</uninitialized>
         <run_address>0xd00</run_address>
         <size>0x100</size>
         <input_file_ref idref="fl-3"/>
      </object_component>
      <object_component id="oc-81">
         <name>DevEmuRegsFile</name>
         <uninitialized>true</uninitialized>
         <run_address>0x880</run_address>
         <size>0xd0</size>
         <input_file_ref idref="fl-3"/>
      </object_component>
      <object_component id="oc-57">
         <name>FlashRegsFile</name>
         <uninitialized>true</uninitialized>
         <run_address>0xa80</run_address>
         <size>0x8</size>
         <input_file_ref idref="fl-3"/>
      </object_component>
      <object_component id="oc-5f">
         <name>CsmRegsFile</name>
         <uninitialized>true</uninitialized>
         <run_address>0xae0</run_address>
         <size>0x10</size>
         <input_file_ref idref="fl-3"/>
      </object_component>
      <object_component id="oc-60">
         <name>AdcMirrorFile</name>
         <uninitialized>true</uninitialized>
         <run_address>0xb00</run_address>
         <size>0x10</size>
         <input_file_ref idref="fl-3"/>
      </object_component>
      <object_component id="oc-64">
         <name>XintfRegsFile</name>
         <uninitialized>true</uninitialized>
         <run_address>0xb20</run_address>
         <size>0x1e</size>
         <input_file_ref idref="fl-3"/>
      </object_component>
      <object_component id="oc-58">
         <name>CpuTimer0RegsFile</name>
         <uninitialized>true</uninitialized>
         <run_address>0xc00</run_address>
         <size>0x8</size>
         <input_file_ref idref="fl-3"/>
      </object_component>
      <object_component id="oc-59">
         <name>CpuTimer1RegsFile</name>
         <uninitialized>true</uninitialized>
         <run_address>0xc08</run_address>
         <size>0x8</size>
         <input_file_ref idref="fl-3"/>
      </object_component>
      <object_component id="oc-55">
         <name>CpuTimer2RegsFile</name>
         <uninitialized>true</uninitialized>
         <run_address>0xc10</run_address>
         <size>0x8</size>
         <input_file_ref idref="fl-3"/>
      </object_component>
      <object_component id="oc-62">
         <name>PieCtrlRegsFile</name>
         <uninitialized>true</uninitialized>
         <run_address>0xce0</run_address>
         <size>0x1a</size>
         <input_file_ref idref="fl-3"/>
      </object_component>
      <object_component id="oc-82">
         <name>DmaRegsFile</name>
         <uninitialized>true</uninitialized>
         <run_address>0x1000</run_address>
         <size>0xe0</size>
         <input_file_ref idref="fl-3"/>
      </object_component>
      <object_component id="oc-75">
         <name>McbspaRegsFile</name>
         <uninitialized>true</uninitialized>
         <run_address>0x5000</run_address>
         <size>0x25</size>
         <input_file_ref idref="fl-3"/>
      </object_component>
      <object_component id="oc-74">
         <name>McbspbRegsFile</name>
         <uninitialized>true</uninitialized>
         <run_address>0x5040</run_address>
         <size>0x25</size>
         <input_file_ref idref="fl-3"/>
      </object_component>
      <object_component id="oc-77">
         <name>ECanaRegsFile</name>
         <uninitialized>true</uninitialized>
         <run_address>0x6000</run_address>
         <size>0x34</size>
         <input_file_ref idref="fl-3"/>
      </object_component>
      <object_component id="oc-7b">
         <name>ECanaLAMRegsFile</name>
         <uninitialized>true</uninitialized>
         <run_address>0x6040</run_address>
         <size>0x40</size>
         <input_file_ref idref="fl-3"/>
      </object_component>
      <object_component id="oc-84">
         <name>ECanaMboxesFile</name>
         <uninitialized>true</uninitialized>
         <run_address>0x6100</run_address>
         <size>0x100</size>
         <input_file_ref idref="fl-3"/>
      </object_component>
      <object_component id="oc-7c">
         <name>ECanaMOTSRegsFile</name>
         <uninitialized>true</uninitialized>
         <run_address>0x6080</run_address>
         <size>0x40</size>
         <input_file_ref idref="fl-3"/>
      </object_component>
      <object_component id="oc-79">
         <name>ECanaMOTORegsFile</name>
         <uninitialized>true</uninitialized>
         <run_address>0x60c0</run_address>
         <size>0x40</size>
         <input_file_ref idref="fl-3"/>
      </object_component>
      <object_component id="oc-78">
         <name>ECanbRegsFile</name>
         <uninitialized>true</uninitialized>
         <run_address>0x6200</run_address>
         <size>0x34</size>
         <input_file_ref idref="fl-3"/>
      </object_component>
      <object_component id="oc-80">
         <name>ECanbLAMRegsFile</name>
         <uninitialized>true</uninitialized>
         <run_address>0x6240</run_address>
         <size>0x40</size>
         <input_file_ref idref="fl-3"/>
      </object_component>
      <object_component id="oc-83">
         <name>ECanbMboxesFile</name>
         <uninitialized>true</uninitialized>
         <run_address>0x6300</run_address>
         <size>0x100</size>
         <input_file_ref idref="fl-3"/>
      </object_component>
      <object_component id="oc-7a">
         <name>ECanbMOTSRegsFile</name>
         <uninitialized>true</uninitialized>
         <run_address>0x6280</run_address>
         <size>0x40</size>
         <input_file_ref idref="fl-3"/>
      </object_component>
      <object_component id="oc-7d">
         <name>ECanbMOTORegsFile</name>
         <uninitialized>true</uninitialized>
         <run_address>0x62c0</run_address>
         <size>0x40</size>
         <input_file_ref idref="fl-3"/>
      </object_component>
      <object_component id="oc-72">
         <name>EPwm1RegsFile</name>
         <uninitialized>true</uninitialized>
         <run_address>0x6800</run_address>
         <size>0x22</size>
         <input_file_ref idref="fl-3"/>
      </object_component>
      <object_component id="oc-6d">
         <name>EPwm2RegsFile</name>
         <uninitialized>true</uninitialized>
         <run_address>0x6840</run_address>
         <size>0x22</size>
         <input_file_ref idref="fl-3"/>
      </object_component>
      <object_component id="oc-6e">
         <name>EPwm3RegsFile</name>
         <uninitialized>true</uninitialized>
         <run_address>0x6880</run_address>
         <size>0x22</size>
         <input_file_ref idref="fl-3"/>
      </object_component>
      <object_component id="oc-73">
         <name>EPwm4RegsFile</name>
         <uninitialized>true</uninitialized>
         <run_address>0x68c0</run_address>
         <size>0x22</size>
         <input_file_ref idref="fl-3"/>
      </object_component>
      <object_component id="oc-70">
         <name>EPwm5RegsFile</name>
         <uninitialized>true</uninitialized>
         <run_address>0x6900</run_address>
         <size>0x22</size>
         <input_file_ref idref="fl-3"/>
      </object_component>
      <object_component id="oc-71">
         <name>EPwm6RegsFile</name>
         <uninitialized>true</uninitialized>
         <run_address>0x6940</run_address>
         <size>0x22</size>
         <input_file_ref idref="fl-3"/>
      </object_component>
      <object_component id="oc-67">
         <name>ECap1RegsFile</name>
         <uninitialized>true</uninitialized>
         <run_address>0x6a00</run_address>
         <size>0x20</size>
         <input_file_ref idref="fl-3"/>
      </object_component>
      <object_component id="oc-68">
         <name>ECap2RegsFile</name>
         <uninitialized>true</uninitialized>
         <run_address>0x6a20</run_address>
         <size>0x20</size>
         <input_file_ref idref="fl-3"/>
      </object_component>
      <object_component id="oc-65">
         <name>ECap3RegsFile</name>
         <uninitialized>true</uninitialized>
         <run_address>0x6a40</run_address>
         <size>0x20</size>
         <input_file_ref idref="fl-3"/>
      </object_component>
      <object_component id="oc-66">
         <name>ECap4RegsFile</name>
         <uninitialized>true</uninitialized>
         <run_address>0x6a60</run_address>
         <size>0x20</size>
         <input_file_ref idref="fl-3"/>
      </object_component>
      <object_component id="oc-6b">
         <name>ECap5RegsFile</name>
         <uninitialized>true</uninitialized>
         <run_address>0x6a80</run_address>
         <size>0x20</size>
         <input_file_ref idref="fl-3"/>
      </object_component>
      <object_component id="oc-6c">
         <name>ECap6RegsFile</name>
         <uninitialized>true</uninitialized>
         <run_address>0x6aa0</run_address>
         <size>0x20</size>
         <input_file_ref idref="fl-3"/>
      </object_component>
      <object_component id="oc-7e">
         <name>EQep1RegsFile</name>
         <uninitialized>true</uninitialized>
         <run_address>0x6b00</run_address>
         <size>0x40</size>
         <input_file_ref idref="fl-3"/>
      </object_component>
      <object_component id="oc-7f">
         <name>EQep2RegsFile</name>
         <uninitialized>true</uninitialized>
         <run_address>0x6b40</run_address>
         <size>0x40</size>
         <input_file_ref idref="fl-3"/>
      </object_component>
      <object_component id="oc-76">
         <name>GpioCtrlRegsFile</name>
         <uninitialized>true</uninitialized>
         <run_address>0x6f80</run_address>
         <size>0x2e</size>
         <input_file_ref idref="fl-3"/>
      </object_component>
      <object_component id="oc-69">
         <name>GpioDataRegsFile</name>
         <uninitialized>true</uninitialized>
         <run_address>0x6fc0</run_address>
         <size>0x20</size>
         <input_file_ref idref="fl-3"/>
      </object_component>
      <object_component id="oc-5a">
         <name>GpioIntRegsFile</name>
         <uninitialized>true</uninitialized>
         <run_address>0x6fe0</run_address>
         <size>0xa</size>
         <input_file_ref idref="fl-3"/>
      </object_component>
      <object_component id="oc-6a">
         <name>SysCtrlRegsFile</name>
         <uninitialized>true</uninitialized>
         <run_address>0x7010</run_address>
         <size>0x20</size>
         <input_file_ref idref="fl-3"/>
      </object_component>
      <object_component id="oc-5b">
         <name>SpiaRegsFile</name>
         <uninitialized>true</uninitialized>
         <run_address>0x7040</run_address>
         <size>0x10</size>
         <input_file_ref idref="fl-3"/>
      </object_component>
      <object_component id="oc-5e">
         <name>SciaRegsFile</name>
         <uninitialized>true</uninitialized>
         <run_address>0x7050</run_address>
         <size>0x10</size>
         <input_file_ref idref="fl-3"/>
      </object_component>
      <object_component id="oc-61">
         <name>XIntruptRegsFile</name>
         <uninitialized>true</uninitialized>
         <run_address>0x7070</run_address>
         <size>0x10</size>
         <input_file_ref idref="fl-3"/>
      </object_component>
      <object_component id="oc-63">
         <name>AdcRegsFile</name>
         <uninitialized>true</uninitialized>
         <run_address>0x7100</run_address>
         <size>0x1e</size>
         <input_file_ref idref="fl-3"/>
      </object_component>
      <object_component id="oc-5c">
         <name>ScibRegsFile</name>
         <uninitialized>true</uninitialized>
         <run_address>0x7750</run_address>
         <size>0x10</size>
         <input_file_ref idref="fl-3"/>
      </object_component>
      <object_component id="oc-5d">
         <name>ScicRegsFile</name>
         <uninitialized>true</uninitialized>
         <run_address>0x7770</run_address>
         <size>0x10</size>
         <input_file_ref idref="fl-3"/>
      </object_component>
      <object_component id="oc-6f">
         <name>I2caRegsFile</name>
         <uninitialized>true</uninitialized>
         <run_address>0x7900</run_address>
         <size>0x22</size>
         <input_file_ref idref="fl-3"/>
      </object_component>
      <object_component id="oc-56">
         <name>CsmPwlFile</name>
         <uninitialized>true</uninitialized>
         <run_address>0x33fff8</run_address>
         <size>0x8</size>
         <input_file_ref idref="fl-3"/>
      </object_component>
      <object_component id="oc-54">
         <name>PartIdRegsFile</name>
         <uninitialized>true</uninitialized>
         <run_address>0x380090</run_address>
         <size>0x1</size>
         <input_file_ref idref="fl-3"/>
      </object_component>
      <object_component id="oc-4f">
         <name>.debug_info</name>
         <load_address>0x0</load_address>
         <run_address>0x0</run_address>
         <size>0x1f3</size>
         <input_file_ref idref="fl-2"/>
      </object_component>
      <object_component id="oc-53">
         <name>.debug_info</name>
         <load_address>0x1f3</load_address>
         <run_address>0x1f3</run_address>
         <size>0x13469</size>
         <input_file_ref idref="fl-3"/>
      </object_component>
      <object_component id="oc-87">
         <name>.debug_info</name>
         <load_address>0x1365c</load_address>
         <run_address>0x1365c</run_address>
         <size>0x2c0c</size>
         <input_file_ref idref="fl-4"/>
      </object_component>
      <object_component id="oc-8c">
         <name>.debug_info</name>
         <load_address>0x16268</load_address>
         <run_address>0x16268</run_address>
         <size>0x596</size>
         <input_file_ref idref="fl-5"/>
      </object_component>
      <object_component id="oc-94">
         <name>.debug_info</name>
         <load_address>0x167fe</load_address>
         <run_address>0x167fe</run_address>
         <size>0xb0</size>
         <input_file_ref idref="fl-c"/>
      </object_component>
      <object_component id="oc-9a">
         <name>.debug_info</name>
         <load_address>0x168ae</load_address>
         <run_address>0x168ae</run_address>
         <size>0x16c</size>
         <input_file_ref idref="fl-13"/>
      </object_component>
      <object_component id="oc-9e">
         <name>.debug_info</name>
         <load_address>0x16a1a</load_address>
         <run_address>0x16a1a</run_address>
         <size>0x628</size>
         <input_file_ref idref="fl-14"/>
      </object_component>
      <object_component id="oc-a4">
         <name>.debug_info</name>
         <load_address>0x17042</load_address>
         <run_address>0x17042</run_address>
         <size>0x113</size>
         <input_file_ref idref="fl-15"/>
      </object_component>
      <object_component id="oc-a8">
         <name>.debug_info</name>
         <load_address>0x17155</load_address>
         <run_address>0x17155</run_address>
         <size>0x5ac</size>
         <input_file_ref idref="fl-16"/>
      </object_component>
      <object_component id="oc-af">
         <name>.debug_info</name>
         <load_address>0x17701</load_address>
         <run_address>0x17701</run_address>
         <size>0x3e3</size>
         <input_file_ref idref="fl-17"/>
      </object_component>
      <object_component id="oc-b4">
         <name>.debug_info</name>
         <load_address>0x17ae4</load_address>
         <run_address>0x17ae4</run_address>
         <size>0x3e0</size>
         <input_file_ref idref="fl-18"/>
      </object_component>
      <object_component id="oc-b9">
         <name>.debug_info</name>
         <load_address>0x17ec4</load_address>
         <run_address>0x17ec4</run_address>
         <size>0x502</size>
         <input_file_ref idref="fl-19"/>
      </object_component>
      <object_component id="oc-be">
         <name>.debug_info</name>
         <load_address>0x183c6</load_address>
         <run_address>0x183c6</run_address>
         <size>0x4cf</size>
         <input_file_ref idref="fl-1a"/>
      </object_component>
      <object_component id="oc-126">
         <name>.debug_info</name>
         <load_address>0x18895</load_address>
         <run_address>0x18895</run_address>
         <size>0xaf</size>
      </object_component>
      <object_component id="oc-50">
         <name>.debug_line</name>
         <load_address>0x0</load_address>
         <run_address>0x0</run_address>
         <size>0xa3</size>
         <input_file_ref idref="fl-2"/>
      </object_component>
      <object_component id="oc-89">
         <name>.debug_line</name>
         <load_address>0xa3</load_address>
         <run_address>0xa3</run_address>
         <size>0xf8</size>
         <input_file_ref idref="fl-4"/>
      </object_component>
      <object_component id="oc-90">
         <name>.debug_line</name>
         <load_address>0x19b</load_address>
         <run_address>0x19b</run_address>
         <size>0x4d</size>
         <input_file_ref idref="fl-5"/>
      </object_component>
      <object_component id="oc-95">
         <name>.debug_line</name>
         <load_address>0x1e8</load_address>
         <run_address>0x1e8</run_address>
         <size>0x72</size>
         <input_file_ref idref="fl-c"/>
      </object_component>
      <object_component id="oc-9b">
         <name>.debug_line</name>
         <load_address>0x25a</load_address>
         <run_address>0x25a</run_address>
         <size>0x7e</size>
         <input_file_ref idref="fl-13"/>
      </object_component>
      <object_component id="oc-a0">
         <name>.debug_line</name>
         <load_address>0x2d8</load_address>
         <run_address>0x2d8</run_address>
         <size>0x6a</size>
         <input_file_ref idref="fl-14"/>
      </object_component>
      <object_component id="oc-a5">
         <name>.debug_line</name>
         <load_address>0x342</load_address>
         <run_address>0x342</run_address>
         <size>0x50</size>
         <input_file_ref idref="fl-15"/>
      </object_component>
      <object_component id="oc-ac">
         <name>.debug_line</name>
         <load_address>0x392</load_address>
         <run_address>0x392</run_address>
         <size>0x65</size>
         <input_file_ref idref="fl-16"/>
      </object_component>
      <object_component id="oc-b1">
         <name>.debug_line</name>
         <load_address>0x3f7</load_address>
         <run_address>0x3f7</run_address>
         <size>0x3e</size>
         <input_file_ref idref="fl-17"/>
      </object_component>
      <object_component id="oc-b6">
         <name>.debug_line</name>
         <load_address>0x435</load_address>
         <run_address>0x435</run_address>
         <size>0x3a</size>
         <input_file_ref idref="fl-18"/>
      </object_component>
      <object_component id="oc-bb">
         <name>.debug_line</name>
         <load_address>0x46f</load_address>
         <run_address>0x46f</run_address>
         <size>0x5e</size>
         <input_file_ref idref="fl-19"/>
      </object_component>
      <object_component id="oc-c0">
         <name>.debug_line</name>
         <load_address>0x4cd</load_address>
         <run_address>0x4cd</run_address>
         <size>0x55</size>
         <input_file_ref idref="fl-1a"/>
      </object_component>
      <object_component id="oc-51">
         <name>.debug_abbrev</name>
         <load_address>0x0</load_address>
         <run_address>0x0</run_address>
         <size>0x21</size>
         <input_file_ref idref="fl-2"/>
      </object_component>
      <object_component id="oc-86">
         <name>.debug_abbrev</name>
         <load_address>0x21</load_address>
         <run_address>0x21</run_address>
         <size>0xb7</size>
         <input_file_ref idref="fl-3"/>
      </object_component>
      <object_component id="oc-8a">
         <name>.debug_abbrev</name>
         <load_address>0xd8</load_address>
         <run_address>0xd8</run_address>
         <size>0x12f</size>
         <input_file_ref idref="fl-4"/>
      </object_component>
      <object_component id="oc-91">
         <name>.debug_abbrev</name>
         <load_address>0x207</load_address>
         <run_address>0x207</run_address>
         <size>0xa9</size>
         <input_file_ref idref="fl-5"/>
      </object_component>
      <object_component id="oc-96">
         <name>.debug_abbrev</name>
         <load_address>0x2b0</load_address>
         <run_address>0x2b0</run_address>
         <size>0x2a</size>
         <input_file_ref idref="fl-c"/>
      </object_component>
      <object_component id="oc-9c">
         <name>.debug_abbrev</name>
         <load_address>0x2da</load_address>
         <run_address>0x2da</run_address>
         <size>0x46</size>
         <input_file_ref idref="fl-13"/>
      </object_component>
      <object_component id="oc-a1">
         <name>.debug_abbrev</name>
         <load_address>0x320</load_address>
         <run_address>0x320</run_address>
         <size>0xfa</size>
         <input_file_ref idref="fl-14"/>
      </object_component>
      <object_component id="oc-a6">
         <name>.debug_abbrev</name>
         <load_address>0x41a</load_address>
         <run_address>0x41a</run_address>
         <size>0x32</size>
         <input_file_ref idref="fl-15"/>
      </object_component>
      <object_component id="oc-ad">
         <name>.debug_abbrev</name>
         <load_address>0x44c</load_address>
         <run_address>0x44c</run_address>
         <size>0x142</size>
         <input_file_ref idref="fl-16"/>
      </object_component>
      <object_component id="oc-b2">
         <name>.debug_abbrev</name>
         <load_address>0x58e</load_address>
         <run_address>0x58e</run_address>
         <size>0x68</size>
         <input_file_ref idref="fl-17"/>
      </object_component>
      <object_component id="oc-b7">
         <name>.debug_abbrev</name>
         <load_address>0x5f6</load_address>
         <run_address>0x5f6</run_address>
         <size>0x66</size>
         <input_file_ref idref="fl-18"/>
      </object_component>
      <object_component id="oc-bc">
         <name>.debug_abbrev</name>
         <load_address>0x65c</load_address>
         <run_address>0x65c</run_address>
         <size>0xb2</size>
         <input_file_ref idref="fl-19"/>
      </object_component>
      <object_component id="oc-c1">
         <name>.debug_abbrev</name>
         <load_address>0x70e</load_address>
         <run_address>0x70e</run_address>
         <size>0xfe</size>
         <input_file_ref idref="fl-1a"/>
      </object_component>
      <object_component id="oc-127">
         <name>.debug_abbrev</name>
         <load_address>0x80c</load_address>
         <run_address>0x80c</run_address>
         <size>0xf</size>
      </object_component>
      <object_component id="oc-52">
         <name>.debug_aranges</name>
         <load_address>0x0</load_address>
         <run_address>0x0</run_address>
         <size>0x28</size>
         <input_file_ref idref="fl-2"/>
      </object_component>
      <object_component id="oc-8b">
         <name>.debug_aranges</name>
         <load_address>0x28</load_address>
         <run_address>0x28</run_address>
         <size>0x50</size>
         <input_file_ref idref="fl-4"/>
      </object_component>
      <object_component id="oc-92">
         <name>.debug_aranges</name>
         <load_address>0x78</load_address>
         <run_address>0x78</run_address>
         <size>0x20</size>
         <input_file_ref idref="fl-5"/>
      </object_component>
      <object_component id="oc-9d">
         <name>.debug_aranges</name>
         <load_address>0x98</load_address>
         <run_address>0x98</run_address>
         <size>0x20</size>
         <input_file_ref idref="fl-13"/>
      </object_component>
      <object_component id="oc-a2">
         <name>.debug_aranges</name>
         <load_address>0xb8</load_address>
         <run_address>0xb8</run_address>
         <size>0x20</size>
         <input_file_ref idref="fl-14"/>
      </object_component>
      <object_component id="oc-a7">
         <name>.debug_aranges</name>
         <load_address>0xd8</load_address>
         <run_address>0xd8</run_address>
         <size>0x20</size>
         <input_file_ref idref="fl-15"/>
      </object_component>
      <object_component id="oc-ae">
         <name>.debug_aranges</name>
         <load_address>0xf8</load_address>
         <run_address>0xf8</run_address>
         <size>0x28</size>
         <input_file_ref idref="fl-16"/>
      </object_component>
      <object_component id="oc-b3">
         <name>.debug_aranges</name>
         <load_address>0x120</load_address>
         <run_address>0x120</run_address>
         <size>0x20</size>
         <input_file_ref idref="fl-17"/>
      </object_component>
      <object_component id="oc-b8">
         <name>.debug_aranges</name>
         <load_address>0x140</load_address>
         <run_address>0x140</run_address>
         <size>0x20</size>
         <input_file_ref idref="fl-18"/>
      </object_component>
      <object_component id="oc-bd">
         <name>.debug_aranges</name>
         <load_address>0x160</load_address>
         <run_address>0x160</run_address>
         <size>0x30</size>
         <input_file_ref idref="fl-19"/>
      </object_component>
      <object_component id="oc-c2">
         <name>.debug_aranges</name>
         <load_address>0x190</load_address>
         <run_address>0x190</run_address>
         <size>0x20</size>
         <input_file_ref idref="fl-1a"/>
      </object_component>
      <object_component id="oc-88">
         <name>.debug_frame</name>
         <load_address>0x0</load_address>
         <run_address>0x0</run_address>
         <size>0x12b</size>
         <input_file_ref idref="fl-4"/>
      </object_component>
      <object_component id="oc-8f">
         <name>.debug_frame</name>
         <load_address>0x12b</load_address>
         <run_address>0x12b</run_address>
         <size>0xa4</size>
         <input_file_ref idref="fl-5"/>
      </object_component>
      <object_component id="oc-9f">
         <name>.debug_frame</name>
         <load_address>0x1cf</load_address>
         <run_address>0x1cf</run_address>
         <size>0xba</size>
         <input_file_ref idref="fl-14"/>
      </object_component>
      <object_component id="oc-ab">
         <name>.debug_frame</name>
         <load_address>0x289</load_address>
         <run_address>0x289</run_address>
         <size>0xbf</size>
         <input_file_ref idref="fl-16"/>
      </object_component>
      <object_component id="oc-b0">
         <name>.debug_frame</name>
         <load_address>0x348</load_address>
         <run_address>0x348</run_address>
         <size>0xa1</size>
         <input_file_ref idref="fl-17"/>
      </object_component>
      <object_component id="oc-b5">
         <name>.debug_frame</name>
         <load_address>0x3e9</load_address>
         <run_address>0x3e9</run_address>
         <size>0xa1</size>
         <input_file_ref idref="fl-18"/>
      </object_component>
      <object_component id="oc-ba">
         <name>.debug_frame</name>
         <load_address>0x48a</load_address>
         <run_address>0x48a</run_address>
         <size>0xcb</size>
         <input_file_ref idref="fl-19"/>
      </object_component>
      <object_component id="oc-bf">
         <name>.debug_frame</name>
         <load_address>0x555</load_address>
         <run_address>0x555</run_address>
         <size>0xa1</size>
         <input_file_ref idref="fl-1a"/>
      </object_component>
   </object_component_list>
   <logical_group_list>
      <logical_group id="lg-2" display="no" color="cyan">
         <name>codestart</name>
         <load_address>0x0</load_address>
         <run_address>0x0</run_address>
         <size>0x2</size>
         <contents>
            <object_component_ref idref="oc-4e"/>
         </contents>
      </logical_group>
      <logical_group id="lg-3" display="no" color="cyan">
         <name>ramfuncs</name>
         <run_address>0x0</run_address>
         <size>0x0</size>
         <contents>
         </contents>
      </logical_group>
      <logical_group id="lg-4" display="no" color="cyan">
         <name>.TI.ramfunc</name>
         <run_address>0x0</run_address>
         <size>0x0</size>
         <contents>
         </contents>
      </logical_group>
      <logical_group id="lg-5" display="no" color="cyan">
         <name>.text</name>
         <load_address>0x9000</load_address>
         <run_address>0x9000</run_address>
         <size>0x18c</size>
         <contents>
            <object_component_ref idref="oc-cb"/>
            <object_component_ref idref="oc-4c"/>
            <object_component_ref idref="oc-c4"/>
            <object_component_ref idref="oc-c7"/>
            <object_component_ref idref="oc-c8"/>
            <object_component_ref idref="oc-a3"/>
            <object_component_ref idref="oc-c6"/>
            <object_component_ref idref="oc-cc"/>
            <object_component_ref idref="oc-4d"/>
            <object_component_ref idref="oc-c3"/>
            <object_component_ref idref="oc-c5"/>
         </contents>
      </logical_group>
      <logical_group id="lg-6" display="no" color="cyan">
         <name>.cinit</name>
         <load_address>0x8000</load_address>
         <run_address>0x8000</run_address>
         <size>0x1e</size>
         <contents>
            <object_component_ref idref="oc-a9"/>
            <object_component_ref idref="oc-ca"/>
            <object_component_ref idref="oc-cd"/>
            <object_component_ref idref="oc-8d"/>
         </contents>
      </logical_group>
      <logical_group id="lg-7" display="no" color="cyan">
         <name>.pinit</name>
         <run_address>0x0</run_address>
         <size>0x0</size>
         <contents>
         </contents>
      </logical_group>
      <logical_group id="lg-8" display="no" color="cyan">
         <name>.switch</name>
         <run_address>0x0</run_address>
         <size>0x0</size>
         <contents>
         </contents>
      </logical_group>
      <logical_group id="lg-9" display="no" color="cyan">
         <name>.stack</name>
         <run_address>0x400</run_address>
         <size>0x300</size>
         <contents>
            <object_component_ref idref="oc-98"/>
            <object_component_ref idref="oc-125"/>
         </contents>
      </logical_group>
      <logical_group id="lg-a" display="no" color="cyan">
         <name>.ebss</name>
         <run_address>0xc000</run_address>
         <size>0x12</size>
         <contents>
            <object_component_ref idref="oc-8e"/>
            <object_component_ref idref="oc-aa"/>
            <object_component_ref idref="oc-ce"/>
            <object_component_ref idref="oc-c9"/>
         </contents>
      </logical_group>
      <logical_group id="lg-b" display="no" color="cyan">
         <name>.econst</name>
         <run_address>0x0</run_address>
         <size>0x0</size>
         <contents>
         </contents>
      </logical_group>
      <logical_group id="lg-c" display="no" color="cyan">
         <name>.esysmem</name>
         <run_address>0x0</run_address>
         <size>0x0</size>
         <contents>
         </contents>
      </logical_group>
      <logical_group id="lg-d" display="no" color="cyan">
         <name>IQmath</name>
         <load_address>0x918c</load_address>
         <run_address>0x918c</run_address>
         <size>0x47</size>
         <contents>
            <object_component_ref idref="oc-93"/>
         </contents>
      </logical_group>
      <logical_group id="lg-e" display="no" color="cyan">
         <name>IQmathTables</name>
         <load_address>0x3fe000</load_address>
         <run_address>0x3fe000</run_address>
         <size>0xb50</size>
         <contents>
            <object_component_ref idref="oc-97"/>
         </contents>
      </logical_group>
      <logical_group id="lg-f" display="no" color="cyan">
         <name>FPUmathTables</name>
         <run_address>0x0</run_address>
         <size>0x0</size>
         <contents>
         </contents>
      </logical_group>
      <logical_group id="lg-10" display="no" color="cyan">
         <name>DMARAML4</name>
         <run_address>0x0</run_address>
         <size>0x0</size>
         <contents>
         </contents>
      </logical_group>
      <logical_group id="lg-11" display="no" color="cyan">
         <name>DMARAML5</name>
         <run_address>0x0</run_address>
         <size>0x0</size>
         <contents>
         </contents>
      </logical_group>
      <logical_group id="lg-12" display="no" color="cyan">
         <name>DMARAML6</name>
         <run_address>0x0</run_address>
         <size>0x0</size>
         <contents>
         </contents>
      </logical_group>
      <logical_group id="lg-13" display="no" color="cyan">
         <name>DMARAML7</name>
         <run_address>0x0</run_address>
         <size>0x0</size>
         <contents>
         </contents>
      </logical_group>
      <logical_group id="lg-14" display="no" color="cyan">
         <name>ZONE7DATA</name>
         <run_address>0x0</run_address>
         <size>0x0</size>
         <contents>
         </contents>
      </logical_group>
      <logical_group id="lg-15" display="no" color="cyan">
         <name>.reset</name>
         <load_address>0x3fffc0</load_address>
         <run_address>0x3fffc0</run_address>
         <size>0x2</size>
         <contents>
            <object_component_ref idref="oc-99"/>
         </contents>
      </logical_group>
      <logical_group id="lg-16" display="no" color="cyan">
         <name>csm_rsvd</name>
         <run_address>0x33ff80</run_address>
         <size>0x0</size>
         <contents>
         </contents>
      </logical_group>
      <logical_group id="lg-17" display="no" color="cyan">
         <name>csmpasswds</name>
         <run_address>0x33fff8</run_address>
         <size>0x0</size>
         <contents>
         </contents>
      </logical_group>
      <logical_group id="lg-18" display="no" color="cyan">
         <name>.adc_cal</name>
         <run_address>0x0</run_address>
         <size>0x0</size>
         <contents>
         </contents>
      </logical_group>
      <logical_group id="lg-19" display="no" color="cyan">
         <name>PieVectTableFile</name>
         <run_address>0xd00</run_address>
         <size>0x100</size>
         <contents>
            <object_component_ref idref="oc-85"/>
         </contents>
      </logical_group>
      <logical_group id="lg-1a" display="no" color="cyan">
         <name>DevEmuRegsFile</name>
         <run_address>0x880</run_address>
         <size>0xd0</size>
         <contents>
            <object_component_ref idref="oc-81"/>
         </contents>
      </logical_group>
      <logical_group id="lg-1b" display="no" color="cyan">
         <name>FlashRegsFile</name>
         <run_address>0xa80</run_address>
         <size>0x8</size>
         <contents>
            <object_component_ref idref="oc-57"/>
         </contents>
      </logical_group>
      <logical_group id="lg-1c" display="no" color="cyan">
         <name>CsmRegsFile</name>
         <run_address>0xae0</run_address>
         <size>0x10</size>
         <contents>
            <object_component_ref idref="oc-5f"/>
         </contents>
      </logical_group>
      <logical_group id="lg-1d" display="no" color="cyan">
         <name>AdcMirrorFile</name>
         <run_address>0xb00</run_address>
         <size>0x10</size>
         <contents>
            <object_component_ref idref="oc-60"/>
         </contents>
      </logical_group>
      <logical_group id="lg-1e" display="no" color="cyan">
         <name>XintfRegsFile</name>
         <run_address>0xb20</run_address>
         <size>0x1e</size>
         <contents>
            <object_component_ref idref="oc-64"/>
         </contents>
      </logical_group>
      <logical_group id="lg-1f" display="no" color="cyan">
         <name>CpuTimer0RegsFile</name>
         <run_address>0xc00</run_address>
         <size>0x8</size>
         <contents>
            <object_component_ref idref="oc-58"/>
         </contents>
      </logical_group>
      <logical_group id="lg-20" display="no" color="cyan">
         <name>CpuTimer1RegsFile</name>
         <run_address>0xc08</run_address>
         <size>0x8</size>
         <contents>
            <object_component_ref idref="oc-59"/>
         </contents>
      </logical_group>
      <logical_group id="lg-21" display="no" color="cyan">
         <name>CpuTimer2RegsFile</name>
         <run_address>0xc10</run_address>
         <size>0x8</size>
         <contents>
            <object_component_ref idref="oc-55"/>
         </contents>
      </logical_group>
      <logical_group id="lg-22" display="no" color="cyan">
         <name>PieCtrlRegsFile</name>
         <run_address>0xce0</run_address>
         <size>0x1a</size>
         <contents>
            <object_component_ref idref="oc-62"/>
         </contents>
      </logical_group>
      <logical_group id="lg-23" display="no" color="cyan">
         <name>DmaRegsFile</name>
         <run_address>0x1000</run_address>
         <size>0xe0</size>
         <contents>
            <object_component_ref idref="oc-82"/>
         </contents>
      </logical_group>
      <logical_group id="lg-24" display="no" color="cyan">
         <name>McbspaRegsFile</name>
         <run_address>0x5000</run_address>
         <size>0x25</size>
         <contents>
            <object_component_ref idref="oc-75"/>
         </contents>
      </logical_group>
      <logical_group id="lg-25" display="no" color="cyan">
         <name>McbspbRegsFile</name>
         <run_address>0x5040</run_address>
         <size>0x25</size>
         <contents>
            <object_component_ref idref="oc-74"/>
         </contents>
      </logical_group>
      <logical_group id="lg-26" display="no" color="cyan">
         <name>ECanaRegsFile</name>
         <run_address>0x6000</run_address>
         <size>0x34</size>
         <contents>
            <object_component_ref idref="oc-77"/>
         </contents>
      </logical_group>
      <logical_group id="lg-27" display="no" color="cyan">
         <name>ECanaLAMRegsFile</name>
         <run_address>0x6040</run_address>
         <size>0x40</size>
         <contents>
            <object_component_ref idref="oc-7b"/>
         </contents>
      </logical_group>
      <logical_group id="lg-28" display="no" color="cyan">
         <name>ECanaMboxesFile</name>
         <run_address>0x6100</run_address>
         <size>0x100</size>
         <contents>
            <object_component_ref idref="oc-84"/>
         </contents>
      </logical_group>
      <logical_group id="lg-29" display="no" color="cyan">
         <name>ECanaMOTSRegsFile</name>
         <run_address>0x6080</run_address>
         <size>0x40</size>
         <contents>
            <object_component_ref idref="oc-7c"/>
         </contents>
      </logical_group>
      <logical_group id="lg-2a" display="no" color="cyan">
         <name>ECanaMOTORegsFile</name>
         <run_address>0x60c0</run_address>
         <size>0x40</size>
         <contents>
            <object_component_ref idref="oc-79"/>
         </contents>
      </logical_group>
      <logical_group id="lg-2b" display="no" color="cyan">
         <name>ECanbRegsFile</name>
         <run_address>0x6200</run_address>
         <size>0x34</size>
         <contents>
            <object_component_ref idref="oc-78"/>
         </contents>
      </logical_group>
      <logical_group id="lg-2c" display="no" color="cyan">
         <name>ECanbLAMRegsFile</name>
         <run_address>0x6240</run_address>
         <size>0x40</size>
         <contents>
            <object_component_ref idref="oc-80"/>
         </contents>
      </logical_group>
      <logical_group id="lg-2d" display="no" color="cyan">
         <name>ECanbMboxesFile</name>
         <run_address>0x6300</run_address>
         <size>0x100</size>
         <contents>
            <object_component_ref idref="oc-83"/>
         </contents>
      </logical_group>
      <logical_group id="lg-2e" display="no" color="cyan">
         <name>ECanbMOTSRegsFile</name>
         <run_address>0x6280</run_address>
         <size>0x40</size>
         <contents>
            <object_component_ref idref="oc-7a"/>
         </contents>
      </logical_group>
      <logical_group id="lg-2f" display="no" color="cyan">
         <name>ECanbMOTORegsFile</name>
         <run_address>0x62c0</run_address>
         <size>0x40</size>
         <contents>
            <object_component_ref idref="oc-7d"/>
         </contents>
      </logical_group>
      <logical_group id="lg-30" display="no" color="cyan">
         <name>EPwm1RegsFile</name>
         <run_address>0x6800</run_address>
         <size>0x22</size>
         <contents>
            <object_component_ref idref="oc-72"/>
         </contents>
      </logical_group>
      <logical_group id="lg-31" display="no" color="cyan">
         <name>EPwm2RegsFile</name>
         <run_address>0x6840</run_address>
         <size>0x22</size>
         <contents>
            <object_component_ref idref="oc-6d"/>
         </contents>
      </logical_group>
      <logical_group id="lg-32" display="no" color="cyan">
         <name>EPwm3RegsFile</name>
         <run_address>0x6880</run_address>
         <size>0x22</size>
         <contents>
            <object_component_ref idref="oc-6e"/>
         </contents>
      </logical_group>
      <logical_group id="lg-33" display="no" color="cyan">
         <name>EPwm4RegsFile</name>
         <run_address>0x68c0</run_address>
         <size>0x22</size>
         <contents>
            <object_component_ref idref="oc-73"/>
         </contents>
      </logical_group>
      <logical_group id="lg-34" display="no" color="cyan">
         <name>EPwm5RegsFile</name>
         <run_address>0x6900</run_address>
         <size>0x22</size>
         <contents>
            <object_component_ref idref="oc-70"/>
         </contents>
      </logical_group>
      <logical_group id="lg-35" display="no" color="cyan">
         <name>EPwm6RegsFile</name>
         <run_address>0x6940</run_address>
         <size>0x22</size>
         <contents>
            <object_component_ref idref="oc-71"/>
         </contents>
      </logical_group>
      <logical_group id="lg-36" display="no" color="cyan">
         <name>ECap1RegsFile</name>
         <run_address>0x6a00</run_address>
         <size>0x20</size>
         <contents>
            <object_component_ref idref="oc-67"/>
         </contents>
      </logical_group>
      <logical_group id="lg-37" display="no" color="cyan">
         <name>ECap2RegsFile</name>
         <run_address>0x6a20</run_address>
         <size>0x20</size>
         <contents>
            <object_component_ref idref="oc-68"/>
         </contents>
      </logical_group>
      <logical_group id="lg-38" display="no" color="cyan">
         <name>ECap3RegsFile</name>
         <run_address>0x6a40</run_address>
         <size>0x20</size>
         <contents>
            <object_component_ref idref="oc-65"/>
         </contents>
      </logical_group>
      <logical_group id="lg-39" display="no" color="cyan">
         <name>ECap4RegsFile</name>
         <run_address>0x6a60</run_address>
         <size>0x20</size>
         <contents>
            <object_component_ref idref="oc-66"/>
         </contents>
      </logical_group>
      <logical_group id="lg-3a" display="no" color="cyan">
         <name>ECap5RegsFile</name>
         <run_address>0x6a80</run_address>
         <size>0x20</size>
         <contents>
            <object_component_ref idref="oc-6b"/>
         </contents>
      </logical_group>
      <logical_group id="lg-3b" display="no" color="cyan">
         <name>ECap6RegsFile</name>
         <run_address>0x6aa0</run_address>
         <size>0x20</size>
         <contents>
            <object_component_ref idref="oc-6c"/>
         </contents>
      </logical_group>
      <logical_group id="lg-3c" display="no" color="cyan">
         <name>EQep1RegsFile</name>
         <run_address>0x6b00</run_address>
         <size>0x40</size>
         <contents>
            <object_component_ref idref="oc-7e"/>
         </contents>
      </logical_group>
      <logical_group id="lg-3d" display="no" color="cyan">
         <name>EQep2RegsFile</name>
         <run_address>0x6b40</run_address>
         <size>0x40</size>
         <contents>
            <object_component_ref idref="oc-7f"/>
         </contents>
      </logical_group>
      <logical_group id="lg-3e" display="no" color="cyan">
         <name>GpioCtrlRegsFile</name>
         <run_address>0x6f80</run_address>
         <size>0x2e</size>
         <contents>
            <object_component_ref idref="oc-76"/>
         </contents>
      </logical_group>
      <logical_group id="lg-3f" display="no" color="cyan">
         <name>GpioDataRegsFile</name>
         <run_address>0x6fc0</run_address>
         <size>0x20</size>
         <contents>
            <object_component_ref idref="oc-69"/>
         </contents>
      </logical_group>
      <logical_group id="lg-40" display="no" color="cyan">
         <name>GpioIntRegsFile</name>
         <run_address>0x6fe0</run_address>
         <size>0xa</size>
         <contents>
            <object_component_ref idref="oc-5a"/>
         </contents>
      </logical_group>
      <logical_group id="lg-41" display="no" color="cyan">
         <name>SysCtrlRegsFile</name>
         <run_address>0x7010</run_address>
         <size>0x20</size>
         <contents>
            <object_component_ref idref="oc-6a"/>
         </contents>
      </logical_group>
      <logical_group id="lg-42" display="no" color="cyan">
         <name>SpiaRegsFile</name>
         <run_address>0x7040</run_address>
         <size>0x10</size>
         <contents>
            <object_component_ref idref="oc-5b"/>
         </contents>
      </logical_group>
      <logical_group id="lg-43" display="no" color="cyan">
         <name>SciaRegsFile</name>
         <run_address>0x7050</run_address>
         <size>0x10</size>
         <contents>
            <object_component_ref idref="oc-5e"/>
         </contents>
      </logical_group>
      <logical_group id="lg-44" display="no" color="cyan">
         <name>XIntruptRegsFile</name>
         <run_address>0x7070</run_address>
         <size>0x10</size>
         <contents>
            <object_component_ref idref="oc-61"/>
         </contents>
      </logical_group>
      <logical_group id="lg-45" display="no" color="cyan">
         <name>AdcRegsFile</name>
         <run_address>0x7100</run_address>
         <size>0x1e</size>
         <contents>
            <object_component_ref idref="oc-63"/>
         </contents>
      </logical_group>
      <logical_group id="lg-46" display="no" color="cyan">
         <name>ScibRegsFile</name>
         <run_address>0x7750</run_address>
         <size>0x10</size>
         <contents>
            <object_component_ref idref="oc-5c"/>
         </contents>
      </logical_group>
      <logical_group id="lg-47" display="no" color="cyan">
         <name>ScicRegsFile</name>
         <run_address>0x7770</run_address>
         <size>0x10</size>
         <contents>
            <object_component_ref idref="oc-5d"/>
         </contents>
      </logical_group>
      <logical_group id="lg-48" display="no" color="cyan">
         <name>I2caRegsFile</name>
         <run_address>0x7900</run_address>
         <size>0x22</size>
         <contents>
            <object_component_ref idref="oc-6f"/>
         </contents>
      </logical_group>
      <logical_group id="lg-49" display="no" color="cyan">
         <name>CsmPwlFile</name>
         <run_address>0x33fff8</run_address>
         <size>0x8</size>
         <contents>
            <object_component_ref idref="oc-56"/>
         </contents>
      </logical_group>
      <logical_group id="lg-4a" display="no" color="cyan">
         <name>PartIdRegsFile</name>
         <run_address>0x380090</run_address>
         <size>0x1</size>
         <contents>
            <object_component_ref idref="oc-54"/>
         </contents>
      </logical_group>
      <logical_group id="lg-cf" display="no" color="cyan">
         <name>.ppdata</name>
         <run_address>0x0</run_address>
         <size>0x0</size>
         <contents>
         </contents>
      </logical_group>
      <logical_group id="lg-11a" display="never" color="cyan">
         <name>.debug_info</name>
         <load_address>0x0</load_address>
         <run_address>0x0</run_address>
         <size>0x18944</size>
         <contents>
            <object_component_ref idref="oc-4f"/>
            <object_component_ref idref="oc-53"/>
            <object_component_ref idref="oc-87"/>
            <object_component_ref idref="oc-8c"/>
            <object_component_ref idref="oc-94"/>
            <object_component_ref idref="oc-9a"/>
            <object_component_ref idref="oc-9e"/>
            <object_component_ref idref="oc-a4"/>
            <object_component_ref idref="oc-a8"/>
            <object_component_ref idref="oc-af"/>
            <object_component_ref idref="oc-b4"/>
            <object_component_ref idref="oc-b9"/>
            <object_component_ref idref="oc-be"/>
            <object_component_ref idref="oc-126"/>
         </contents>
      </logical_group>
      <logical_group id="lg-11c" display="never" color="cyan">
         <name>.debug_line</name>
         <load_address>0x0</load_address>
         <run_address>0x0</run_address>
         <size>0x522</size>
         <contents>
            <object_component_ref idref="oc-50"/>
            <object_component_ref idref="oc-89"/>
            <object_component_ref idref="oc-90"/>
            <object_component_ref idref="oc-95"/>
            <object_component_ref idref="oc-9b"/>
            <object_component_ref idref="oc-a0"/>
            <object_component_ref idref="oc-a5"/>
            <object_component_ref idref="oc-ac"/>
            <object_component_ref idref="oc-b1"/>
            <object_component_ref idref="oc-b6"/>
            <object_component_ref idref="oc-bb"/>
            <object_component_ref idref="oc-c0"/>
         </contents>
      </logical_group>
      <logical_group id="lg-11e" display="never" color="cyan">
         <name>.debug_abbrev</name>
         <load_address>0x0</load_address>
         <run_address>0x0</run_address>
         <size>0x81b</size>
         <contents>
            <object_component_ref idref="oc-51"/>
            <object_component_ref idref="oc-86"/>
            <object_component_ref idref="oc-8a"/>
            <object_component_ref idref="oc-91"/>
            <object_component_ref idref="oc-96"/>
            <object_component_ref idref="oc-9c"/>
            <object_component_ref idref="oc-a1"/>
            <object_component_ref idref="oc-a6"/>
            <object_component_ref idref="oc-ad"/>
            <object_component_ref idref="oc-b2"/>
            <object_component_ref idref="oc-b7"/>
            <object_component_ref idref="oc-bc"/>
            <object_component_ref idref="oc-c1"/>
            <object_component_ref idref="oc-127"/>
         </contents>
      </logical_group>
      <logical_group id="lg-120" display="never" color="cyan">
         <name>.debug_aranges</name>
         <load_address>0x0</load_address>
         <run_address>0x0</run_address>
         <size>0x1b0</size>
         <contents>
            <object_component_ref idref="oc-52"/>
            <object_component_ref idref="oc-8b"/>
            <object_component_ref idref="oc-92"/>
            <object_component_ref idref="oc-9d"/>
            <object_component_ref idref="oc-a2"/>
            <object_component_ref idref="oc-a7"/>
            <object_component_ref idref="oc-ae"/>
            <object_component_ref idref="oc-b3"/>
            <object_component_ref idref="oc-b8"/>
            <object_component_ref idref="oc-bd"/>
            <object_component_ref idref="oc-c2"/>
         </contents>
      </logical_group>
      <logical_group id="lg-122" display="never" color="cyan">
         <name>.debug_frame</name>
         <load_address>0x0</load_address>
         <run_address>0x0</run_address>
         <size>0x5f6</size>
         <contents>
            <object_component_ref idref="oc-88"/>
            <object_component_ref idref="oc-8f"/>
            <object_component_ref idref="oc-9f"/>
            <object_component_ref idref="oc-ab"/>
            <object_component_ref idref="oc-b0"/>
            <object_component_ref idref="oc-b5"/>
            <object_component_ref idref="oc-ba"/>
            <object_component_ref idref="oc-bf"/>
         </contents>
      </logical_group>
   </logical_group_list>
   <placement_map>
      <memory_area display="no" color="green">
         <name>BEGIN</name>
         <page_id>0x0</page_id>
         <origin>0x0</origin>
         <length>0x2</length>
         <used_space>0x2</used_space>
         <unused_space>0x0</unused_space>
         <attributes>RWIX</attributes>
         <usage_details>
            <allocated_space>
               <start_address>0x0</start_address>
               <size>0x2</size>
               <logical_group_ref idref="lg-2"/>
            </allocated_space>
         </usage_details>
      </memory_area>
      <memory_area display="yes" color="green">
         <name>RAMM0</name>
         <page_id>0x0</page_id>
         <origin>0x50</origin>
         <length>0x3b0</length>
         <used_space>0x0</used_space>
         <unused_space>0x3b0</unused_space>
         <attributes>RWIX</attributes>
         <usage_details>
         </usage_details>
      </memory_area>
      <memory_area display="yes" color="green">
         <name>RAML0</name>
         <page_id>0x0</page_id>
         <origin>0x8000</origin>
         <length>0x1000</length>
         <used_space>0x1e</used_space>
         <unused_space>0xfe2</unused_space>
         <attributes>RWIX</attributes>
         <usage_details>
            <allocated_space>
               <start_address>0x8000</start_address>
               <size>0x1e</size>
               <logical_group_ref idref="lg-6"/>
            </allocated_space>
            <available_space>
               <start_address>0x801e</start_address>
               <size>0xfe2</size>
            </available_space>
         </usage_details>
      </memory_area>
      <memory_area display="yes" color="green">
         <name>RAML1</name>
         <page_id>0x0</page_id>
         <origin>0x9000</origin>
         <length>0x1000</length>
         <used_space>0x1d3</used_space>
         <unused_space>0xe2d</unused_space>
         <attributes>RWIX</attributes>
         <usage_details>
            <allocated_space>
               <start_address>0x9000</start_address>
               <size>0x18c</size>
               <logical_group_ref idref="lg-5"/>
            </allocated_space>
            <allocated_space>
               <start_address>0x918c</start_address>
               <size>0x47</size>
               <logical_group_ref idref="lg-d"/>
            </allocated_space>
            <available_space>
               <start_address>0x91d3</start_address>
               <size>0xe2d</size>
            </available_space>
         </usage_details>
      </memory_area>
      <memory_area display="yes" color="green">
         <name>RAML2</name>
         <page_id>0x0</page_id>
         <origin>0xa000</origin>
         <length>0x1000</length>
         <used_space>0x0</used_space>
         <unused_space>0x1000</unused_space>
         <attributes>RWIX</attributes>
         <usage_details>
         </usage_details>
      </memory_area>
      <memory_area display="yes" color="green">
         <name>RAML3</name>
         <page_id>0x0</page_id>
         <origin>0xb000</origin>
         <length>0x1000</length>
         <used_space>0x0</used_space>
         <unused_space>0x1000</unused_space>
         <attributes>RWIX</attributes>
         <usage_details>
         </usage_details>
      </memory_area>
      <memory_area display="yes" color="green">
         <name>ZONE7A</name>
         <page_id>0x0</page_id>
         <origin>0x200000</origin>
         <length>0xfc00</length>
         <used_space>0x0</used_space>
         <unused_space>0xfc00</unused_space>
         <attributes>RWIX</attributes>
         <usage_details>
         </usage_details>
      </memory_area>
      <memory_area display="yes" color="green">
         <name>CSM_RSVD</name>
         <page_id>0x0</page_id>
         <origin>0x33ff80</origin>
         <length>0x76</length>
         <used_space>0x0</used_space>
         <unused_space>0x76</unused_space>
         <attributes>RWIX</attributes>
         <usage_details>
         </usage_details>
      </memory_area>
      <memory_area display="no" color="green">
         <name>CSM_PWL</name>
         <page_id>0x0</page_id>
         <origin>0x33fff8</origin>
         <length>0x8</length>
         <used_space>0x0</used_space>
         <unused_space>0x8</unused_space>
         <attributes>RWIX</attributes>
         <usage_details>
         </usage_details>
      </memory_area>
      <memory_area display="no" color="green">
         <name>ADC_CAL</name>
         <page_id>0x0</page_id>
         <origin>0x380080</origin>
         <length>0x9</length>
         <used_space>0x0</used_space>
         <unused_space>0x9</unused_space>
         <attributes>RWIX</attributes>
         <usage_details>
         </usage_details>
      </memory_area>
      <memory_area display="yes" color="green">
         <name>IQTABLES</name>
         <page_id>0x0</page_id>
         <origin>0x3fe000</origin>
         <length>0xb50</length>
         <used_space>0xb50</used_space>
         <unused_space>0x0</unused_space>
         <attributes>RWIX</attributes>
         <usage_details>
            <allocated_space>
               <start_address>0x3fe000</start_address>
               <size>0xb50</size>
               <logical_group_ref idref="lg-e"/>
            </allocated_space>
         </usage_details>
      </memory_area>
      <memory_area display="yes" color="green">
         <name>IQTABLES2</name>
         <page_id>0x0</page_id>
         <origin>0x3feb50</origin>
         <length>0x8c</length>
         <used_space>0x0</used_space>
         <unused_space>0x8c</unused_space>
         <attributes>RWIX</attributes>
         <usage_details>
         </usage_details>
      </memory_area>
      <memory_area display="yes" color="green">
         <name>FPUTABLES</name>
         <page_id>0x0</page_id>
         <origin>0x3febdc</origin>
         <length>0x6a0</length>
         <used_space>0x0</used_space>
         <unused_space>0x6a0</unused_space>
         <attributes>RWIX</attributes>
         <usage_details>
         </usage_details>
      </memory_area>
      <memory_area display="yes" color="green">
         <name>BOOTROM</name>
         <page_id>0x0</page_id>
         <origin>0x3ff27c</origin>
         <length>0xd44</length>
         <used_space>0x0</used_space>
         <unused_space>0xd44</unused_space>
         <attributes>RWIX</attributes>
         <usage_details>
         </usage_details>
      </memory_area>
      <memory_area display="no" color="green">
         <name>RESET</name>
         <page_id>0x0</page_id>
         <origin>0x3fffc0</origin>
         <length>0x2</length>
         <used_space>0x0</used_space>
         <unused_space>0x2</unused_space>
         <attributes>RWIX</attributes>
         <usage_details>
         </usage_details>
      </memory_area>
      <memory_area display="no" color="green">
         <name>BOOT_RSVD</name>
         <page_id>0x1</page_id>
         <origin>0x2</origin>
         <length>0x4e</length>
         <used_space>0x0</used_space>
         <unused_space>0x4e</unused_space>
         <attributes>RWIX</attributes>
         <usage_details>
         </usage_details>
      </memory_area>
      <memory_area display="yes" color="green">
         <name>RAMM1</name>
         <page_id>0x1</page_id>
         <origin>0x400</origin>
         <length>0x400</length>
         <used_space>0x300</used_space>
         <unused_space>0x100</unused_space>
         <attributes>RWIX</attributes>
         <usage_details>
            <allocated_space>
               <start_address>0x400</start_address>
               <size>0x300</size>
               <logical_group_ref idref="lg-9"/>
            </allocated_space>
            <available_space>
               <start_address>0x700</start_address>
               <size>0x100</size>
            </available_space>
         </usage_details>
      </memory_area>
      <memory_area display="yes" color="green">
         <name>DEV_EMU</name>
         <page_id>0x1</page_id>
         <origin>0x880</origin>
         <length>0x180</length>
         <used_space>0xd0</used_space>
         <unused_space>0xb0</unused_space>
         <attributes>RWIX</attributes>
         <usage_details>
            <allocated_space>
               <start_address>0x880</start_address>
               <size>0xd0</size>
               <logical_group_ref idref="lg-1a"/>
            </allocated_space>
            <available_space>
               <start_address>0x950</start_address>
               <size>0xb0</size>
            </available_space>
         </usage_details>
      </memory_area>
      <memory_area display="no" color="green">
         <name>FLASH_REGS</name>
         <page_id>0x1</page_id>
         <origin>0xa80</origin>
         <length>0x60</length>
         <used_space>0x8</used_space>
         <unused_space>0x58</unused_space>
         <attributes>RWIX</attributes>
         <usage_details>
            <allocated_space>
               <start_address>0xa80</start_address>
               <size>0x8</size>
               <logical_group_ref idref="lg-1b"/>
            </allocated_space>
            <available_space>
               <start_address>0xa88</start_address>
               <size>0x58</size>
            </available_space>
         </usage_details>
      </memory_area>
      <memory_area display="no" color="green">
         <name>CSM</name>
         <page_id>0x1</page_id>
         <origin>0xae0</origin>
         <length>0x10</length>
         <used_space>0x10</used_space>
         <unused_space>0x0</unused_space>
         <attributes>RWIX</attributes>
         <usage_details>
            <allocated_space>
               <start_address>0xae0</start_address>
               <size>0x10</size>
               <logical_group_ref idref="lg-1c"/>
            </allocated_space>
         </usage_details>
      </memory_area>
      <memory_area display="no" color="green">
         <name>ADC_MIRROR</name>
         <page_id>0x1</page_id>
         <origin>0xb00</origin>
         <length>0x10</length>
         <used_space>0x10</used_space>
         <unused_space>0x0</unused_space>
         <attributes>RWIX</attributes>
         <usage_details>
            <allocated_space>
               <start_address>0xb00</start_address>
               <size>0x10</size>
               <logical_group_ref idref="lg-1d"/>
            </allocated_space>
         </usage_details>
      </memory_area>
      <memory_area display="no" color="green">
         <name>XINTF</name>
         <page_id>0x1</page_id>
         <origin>0xb20</origin>
         <length>0x20</length>
         <used_space>0x1e</used_space>
         <unused_space>0x2</unused_space>
         <attributes>RWIX</attributes>
         <usage_details>
            <allocated_space>
               <start_address>0xb20</start_address>
               <size>0x1e</size>
               <logical_group_ref idref="lg-1e"/>
            </allocated_space>
            <available_space>
               <start_address>0xb3e</start_address>
               <size>0x2</size>
            </available_space>
         </usage_details>
      </memory_area>
      <memory_area display="no" color="green">
         <name>CPU_TIMER0</name>
         <page_id>0x1</page_id>
         <origin>0xc00</origin>
         <length>0x8</length>
         <used_space>0x8</used_space>
         <unused_space>0x0</unused_space>
         <attributes>RWIX</attributes>
         <usage_details>
            <allocated_space>
               <start_address>0xc00</start_address>
               <size>0x8</size>
               <logical_group_ref idref="lg-1f"/>
            </allocated_space>
         </usage_details>
      </memory_area>
      <memory_area display="no" color="green">
         <name>CPU_TIMER1</name>
         <page_id>0x1</page_id>
         <origin>0xc08</origin>
         <length>0x8</length>
         <used_space>0x8</used_space>
         <unused_space>0x0</unused_space>
         <attributes>RWIX</attributes>
         <usage_details>
            <allocated_space>
               <start_address>0xc08</start_address>
               <size>0x8</size>
               <logical_group_ref idref="lg-20"/>
            </allocated_space>
         </usage_details>
      </memory_area>
      <memory_area display="no" color="green">
         <name>CPU_TIMER2</name>
         <page_id>0x1</page_id>
         <origin>0xc10</origin>
         <length>0x8</length>
         <used_space>0x8</used_space>
         <unused_space>0x0</unused_space>
         <attributes>RWIX</attributes>
         <usage_details>
            <allocated_space>
               <start_address>0xc10</start_address>
               <size>0x8</size>
               <logical_group_ref idref="lg-21"/>
            </allocated_space>
         </usage_details>
      </memory_area>
      <memory_area display="no" color="green">
         <name>PIE_CTRL</name>
         <page_id>0x1</page_id>
         <origin>0xce0</origin>
         <length>0x20</length>
         <used_space>0x1a</used_space>
         <unused_space>0x6</unused_space>
         <attributes>RWIX</attributes>
         <usage_details>
            <allocated_space>
               <start_address>0xce0</start_address>
               <size>0x1a</size>
               <logical_group_ref idref="lg-22"/>
            </allocated_space>
            <available_space>
               <start_address>0xcfa</start_address>
               <size>0x6</size>
            </available_space>
         </usage_details>
      </memory_area>
      <memory_area display="yes" color="green">
         <name>PIE_VECT</name>
         <page_id>0x1</page_id>
         <origin>0xd00</origin>
         <length>0x100</length>
         <used_space>0x100</used_space>
         <unused_space>0x0</unused_space>
         <attributes>RWIX</attributes>
         <usage_details>
            <allocated_space>
               <start_address>0xd00</start_address>
               <size>0x100</size>
               <logical_group_ref idref="lg-19"/>
            </allocated_space>
         </usage_details>
      </memory_area>
      <memory_area display="yes" color="green">
         <name>DMA</name>
         <page_id>0x1</page_id>
         <origin>0x1000</origin>
         <length>0x200</length>
         <used_space>0xe0</used_space>
         <unused_space>0x120</unused_space>
         <attributes>RWIX</attributes>
         <usage_details>
            <allocated_space>
               <start_address>0x1000</start_address>
               <size>0xe0</size>
               <logical_group_ref idref="lg-23"/>
            </allocated_space>
            <available_space>
               <start_address>0x10e0</start_address>
               <size>0x120</size>
            </available_space>
         </usage_details>
      </memory_area>
      <memory_area display="no" color="green">
         <name>MCBSPA</name>
         <page_id>0x1</page_id>
         <origin>0x5000</origin>
         <length>0x40</length>
         <used_space>0x25</used_space>
         <unused_space>0x1b</unused_space>
         <attributes>RWIX</attributes>
         <usage_details>
            <allocated_space>
               <start_address>0x5000</start_address>
               <size>0x25</size>
               <logical_group_ref idref="lg-24"/>
            </allocated_space>
            <available_space>
               <start_address>0x5025</start_address>
               <size>0x1b</size>
            </available_space>
         </usage_details>
      </memory_area>
      <memory_area display="no" color="green">
         <name>MCBSPB</name>
         <page_id>0x1</page_id>
         <origin>0x5040</origin>
         <length>0x40</length>
         <used_space>0x25</used_space>
         <unused_space>0x1b</unused_space>
         <attributes>RWIX</attributes>
         <usage_details>
            <allocated_space>
               <start_address>0x5040</start_address>
               <size>0x25</size>
               <logical_group_ref idref="lg-25"/>
            </allocated_space>
            <available_space>
               <start_address>0x5065</start_address>
               <size>0x1b</size>
            </available_space>
         </usage_details>
      </memory_area>
      <memory_area display="no" color="green">
         <name>ECANA</name>
         <page_id>0x1</page_id>
         <origin>0x6000</origin>
         <length>0x40</length>
         <used_space>0x34</used_space>
         <unused_space>0xc</unused_space>
         <attributes>RWIX</attributes>
         <usage_details>
            <allocated_space>
               <start_address>0x6000</start_address>
               <size>0x34</size>
               <logical_group_ref idref="lg-26"/>
            </allocated_space>
            <available_space>
               <start_address>0x6034</start_address>
               <size>0xc</size>
            </available_space>
         </usage_details>
      </memory_area>
      <memory_area display="no" color="green">
         <name>ECANA_LAM</name>
         <page_id>0x1</page_id>
         <origin>0x6040</origin>
         <length>0x40</length>
         <used_space>0x40</used_space>
         <unused_space>0x0</unused_space>
         <attributes>RWIX</attributes>
         <usage_details>
            <allocated_space>
               <start_address>0x6040</start_address>
               <size>0x40</size>
               <logical_group_ref idref="lg-27"/>
            </allocated_space>
         </usage_details>
      </memory_area>
      <memory_area display="no" color="green">
         <name>ECANA_MOTS</name>
         <page_id>0x1</page_id>
         <origin>0x6080</origin>
         <length>0x40</length>
         <used_space>0x40</used_space>
         <unused_space>0x0</unused_space>
         <attributes>RWIX</attributes>
         <usage_details>
            <allocated_space>
[...]
      </symbol>
      <symbol id="sm-12e">
         <name>_EPwm4Regs</name>
         <value>0x68c0</value>
         <object_component_ref idref="oc-73"/>
      </symbol>
      <symbol id="sm-12f">
         <name>_ECap5Regs</name>
         <value>0x6a80</value>
         <object_component_ref idref="oc-6b"/>
      </symbol>
      <symbol id="sm-130">
         <name>_CpuTimer1Regs</name>
         <value>0xc08</value>
         <object_component_ref idref="oc-59"/>
      </symbol>
      <symbol id="sm-131">
         <name>_SysCtrlRegs</name>
         <value>0x7010</value>
         <object_component_ref idref="oc-6a"/>
      </symbol>
      <symbol id="sm-132">
         <name>_EPwm5Regs</name>
         <value>0x6900</value>
         <object_component_ref idref="oc-70"/>
      </symbol>
      <symbol id="sm-133">
         <name>_SpiaRegs</name>
         <value>0x7040</value>
         <object_component_ref idref="oc-5b"/>
      </symbol>
      <symbol id="sm-134">
         <name>_ECanaMOTSRegs</name>
         <value>0x6080</value>
         <object_component_ref idref="oc-7c"/>
      </symbol>
      <symbol id="sm-135">
         <name>_ECap6Regs</name>
         <value>0x6aa0</value>
         <object_component_ref idref="oc-6c"/>
      </symbol>
      <symbol id="sm-136">
         <name>_DmaRegs</name>
         <value>0x1000</value>
         <object_component_ref idref="oc-82"/>
      </symbol>
      <symbol id="sm-137">
         <name>_FlashRegs</name>
         <value>0xa80</value>
         <object_component_ref idref="oc-57"/>
      </symbol>
      <symbol id="sm-138">
         <name>_CpuTimer0Regs</name>
         <value>0xc00</value>
         <object_component_ref idref="oc-58"/>
      </symbol>
      <symbol id="sm-139">
         <name>_DevEmuRegs</name>
         <value>0x880</value>
         <object_component_ref idref="oc-81"/>
      </symbol>
      <symbol id="sm-13a">
         <name>_McbspbRegs</name>
         <value>0x5040</value>
         <object_component_ref idref="oc-74"/>
      </symbol>
      <symbol id="sm-13b">
         <name>_EPwm6Regs</name>
         <value>0x6940</value>
         <object_component_ref idref="oc-71"/>
      </symbol>
      <symbol id="sm-13c">
         <name>_SciaRegs</name>
         <value>0x7050</value>
         <object_component_ref idref="oc-5e"/>
      </symbol>
      <symbol id="sm-13d">
         <name>_GpioDataRegs</name>
         <value>0x6fc0</value>
         <object_component_ref idref="oc-69"/>
      </symbol>
      <symbol id="sm-13e">
         <name>_CsmPwl</name>
         <value>0x33fff8</value>
         <object_component_ref idref="oc-56"/>
      </symbol>
      <symbol id="sm-13f">
         <name>_AdcRegs</name>
         <value>0x7100</value>
         <object_component_ref idref="oc-63"/>
      </symbol>
      <symbol id="sm-140">
         <name>_XIntruptRegs</name>
         <value>0x7070</value>
         <object_component_ref idref="oc-61"/>
      </symbol>
      <symbol id="sm-141">
         <name>_CpuTimer2Regs</name>
         <value>0xc10</value>
         <object_component_ref idref="oc-55"/>
      </symbol>
      <symbol id="sm-142">
         <name>_PieCtrlRegs</name>
         <value>0xce0</value>
         <object_component_ref idref="oc-62"/>
      </symbol>
      <symbol id="sm-143">
         <name>_ECanbMOTSRegs</name>
         <value>0x6280</value>
         <object_component_ref idref="oc-7a"/>
      </symbol>
      <symbol id="sm-144">
         <name>_ECanaRegs</name>
         <value>0x6000</value>
         <object_component_ref idref="oc-77"/>
      </symbol>
      <symbol id="sm-145">
         <name>_AdcMirror</name>
         <value>0xb00</value>
         <object_component_ref idref="oc-60"/>
      </symbol>
      <symbol id="sm-146">
         <name>_ECanbMboxes</name>
         <value>0x6300</value>
         <object_component_ref idref="oc-83"/>
      </symbol>
      <symbol id="sm-147">
         <name>_XintfRegs</name>
         <value>0xb20</value>
         <object_component_ref idref="oc-64"/>
      </symbol>
      <symbol id="sm-148">
         <name>_ScicRegs</name>
         <value>0x7770</value>
         <object_component_ref idref="oc-5d"/>
      </symbol>
      <symbol id="sm-149">
         <name>_ECap1Regs</name>
         <value>0x6a00</value>
         <object_component_ref idref="oc-67"/>
      </symbol>
      <symbol id="sm-14a">
         <name>_EQep1Regs</name>
         <value>0x6b00</value>
         <object_component_ref idref="oc-7e"/>
      </symbol>
      <symbol id="sm-14b">
         <name>_McbspaRegs</name>
         <value>0x5000</value>
         <object_component_ref idref="oc-75"/>
      </symbol>
      <symbol id="sm-14c">
         <name>_EPwm1Regs</name>
         <value>0x6800</value>
         <object_component_ref idref="oc-72"/>
      </symbol>
      <symbol id="sm-14d">
         <name>_ECanbRegs</name>
         <value>0x6200</value>
         <object_component_ref idref="oc-78"/>
      </symbol>
      <symbol id="sm-14e">
         <name>_ScibRegs</name>
         <value>0x7750</value>
         <object_component_ref idref="oc-5c"/>
      </symbol>
      <symbol id="sm-14f">
         <name>_ECap2Regs</name>
         <value>0x6a20</value>
         <object_component_ref idref="oc-68"/>
      </symbol>
      <symbol id="sm-150">
         <name>_GpioIntRegs</name>
         <value>0x6fe0</value>
         <object_component_ref idref="oc-5a"/>
      </symbol>
      <symbol id="sm-151">
         <name>_EQep2Regs</name>
         <value>0x6b40</value>
         <object_component_ref idref="oc-7f"/>
      </symbol>
      <symbol id="sm-152">
         <name>_PartIdRegs</name>
         <value>0x380090</value>
         <object_component_ref idref="oc-54"/>
      </symbol>
      <symbol id="sm-153">
         <name>_EPwm2Regs</name>
         <value>0x6840</value>
         <object_component_ref idref="oc-6d"/>
      </symbol>
      <symbol id="sm-154">
         <name>_ECanaMboxes</name>
         <value>0x6100</value>
         <object_component_ref idref="oc-84"/>
      </symbol>
      <symbol id="sm-155">
         <name>_ECap3Regs</name>
         <value>0x6a40</value>
         <object_component_ref idref="oc-65"/>
      </symbol>
      <symbol id="sm-156">
         <name>_ECanaMOTORegs</name>
         <value>0x60c0</value>
         <object_component_ref idref="oc-79"/>
      </symbol>
      <symbol id="sm-157">
         <name>_EPwm3Regs</name>
         <value>0x6880</value>
         <object_component_ref idref="oc-6e"/>
      </symbol>
      <symbol id="sm-158">
         <name>_ECanbLAMRegs</name>
         <value>0x6240</value>
         <object_component_ref idref="oc-80"/>
      </symbol>
      <symbol id="sm-159">
         <name>_I2caRegs</name>
         <value>0x7900</value>
         <object_component_ref idref="oc-6f"/>
      </symbol>
      <symbol id="sm-168">
         <name>_watchdog_timer_setup</name>
         <value>0x9014</value>
         <object_component_ref idref="oc-cb"/>
      </symbol>
      <symbol id="sm-169">
         <name>_test_prog_1_loop</name>
         <value>0x9052</value>
         <object_component_ref idref="oc-cb"/>
      </symbol>
      <symbol id="sm-16a">
         <name>_test_prog_1_setup</name>
         <value>0x903a</value>
         <object_component_ref idref="oc-cb"/>
      </symbol>
      <symbol id="sm-16b">
         <name>_dsp_clock_setup</name>
         <value>0x9005</value>
         <object_component_ref idref="oc-cb"/>
      </symbol>
      <symbol id="sm-16c">
         <name>_fun_1</name>
         <value>0x9000</value>
         <object_component_ref idref="oc-cb"/>
      </symbol>
      <symbol id="sm-16d">
         <name>_watchdog_timer_reset</name>
         <value>0x901c</value>
         <object_component_ref idref="oc-cb"/>
      </symbol>
      <symbol id="sm-16e">
         <name>_delay_loop</name>
         <value>0x9026</value>
         <object_component_ref idref="oc-cb"/>
      </symbol>
      <symbol id="sm-180">
         <name>_main</name>
         <value>0x9123</value>
         <object_component_ref idref="oc-c8"/>
      </symbol>
      <symbol id="sm-181">
         <name>_rez</name>
         <value>0xc004</value>
         <object_component_ref idref="oc-8e"/>
      </symbol>
      <symbol id="sm-182">
         <name>_c</name>
         <value>0xc002</value>
         <object_component_ref idref="oc-8e"/>
      </symbol>
      <symbol id="sm-183">
         <name>_b</name>
         <value>0xc006</value>
         <object_component_ref idref="oc-8e"/>
      </symbol>
      <symbol id="sm-184">
         <name>_a</name>
         <value>0xc000</value>
         <object_component_ref idref="oc-8e"/>
      </symbol>
      <symbol id="sm-18f">
         <name>__IQ18div</name>
         <value>0x918c</value>
         <object_component_ref idref="oc-93"/>
      </symbol>
      <symbol id="sm-193">
         <name>_IQ4mpyRndSatTable</name>
         <value>0x3feb20</value>
         <object_component_ref idref="oc-97"/>
      </symbol>
      <symbol id="sm-194">
         <name>_IQ5mpyRndSatTable</name>
         <value>0x3feb14</value>
         <object_component_ref idref="oc-97"/>
      </symbol>
      <symbol id="sm-195">
         <name>_IQatan2Table</name>
         <value>0x3fe862</value>
         <object_component_ref idref="oc-97"/>
      </symbol>
      <symbol id="sm-196">
         <name>_IQisqrtTableEnd</name>
         <value>0x3fe824</value>
         <object_component_ref idref="oc-97"/>
      </symbol>
      <symbol id="sm-197">
         <name>_IQ8mpyRndSatTable</name>
         <value>0x3feaf0</value>
         <object_component_ref idref="oc-97"/>
      </symbol>
      <symbol id="sm-198">
         <name>_IQ9mpyRndSatTable</name>
         <value>0x3feae4</value>
         <object_component_ref idref="oc-97"/>
      </symbol>
      <symbol id="sm-199">
         <name>_IQsqrtTable</name>
         <value>0x3fe722</value>
         <object_component_ref idref="oc-97"/>
      </symbol>
      <symbol id="sm-19a">
         <name>_IQcosTableEnd</name>
         <value>0x3fe502</value>
         <object_component_ref idref="oc-97"/>
      </symbol>
      <symbol id="sm-19b">
         <name>_IQatan2HalfPITable</name>
         <value>0x3fe824</value>
         <object_component_ref idref="oc-97"/>
      </symbol>
      <symbol id="sm-19c">
         <name>_IQisqrtTable</name>
         <value>0x3fe722</value>
         <object_component_ref idref="oc-97"/>
      </symbol>
      <symbol id="sm-19d">
         <name>_IQsqrtRoundSatTable</name>
         <value>0x3fe712</value>
         <object_component_ref idref="oc-97"/>
      </symbol>
      <symbol id="sm-19e">
         <name>_IQsqrtTableEnd</name>
         <value>0x3fe824</value>
         <object_component_ref idref="oc-97"/>
      </symbol>
      <symbol id="sm-19f">
         <name>_IQ30mpyRndSatTable</name>
         <value>0x3fe9e8</value>
         <object_component_ref idref="oc-97"/>
      </symbol>
      <symbol id="sm-1a0">
         <name>_IQ17mpyRndSatTable</name>
         <value>0x3fea84</value>
         <object_component_ref idref="oc-97"/>
      </symbol>
      <symbol id="sm-1a1">
         <name>_IQ16mpyRndSatTable</name>
         <value>0x3fea90</value>
         <object_component_ref idref="oc-97"/>
      </symbol>
      <symbol id="sm-1a2">
         <name>_IQ15mpyRndSatTable</name>
         <value>0x3fea9c</value>
         <object_component_ref idref="oc-97"/>
      </symbol>
      <symbol id="sm-1a3">
         <name>_IQ14mpyRndSatTable</name>
         <value>0x3feaa8</value>
         <object_component_ref idref="oc-97"/>
      </symbol>
      <symbol id="sm-1a4">
         <name>_IQ13mpyRndSatTable</name>
         <value>0x3feab4</value>
         <object_component_ref idref="oc-97"/>
      </symbol>
      <symbol id="sm-1a5">
         <name>_IQmpyRndSatTable</name>
         <value>0x3fe9e8</value>
         <object_component_ref idref="oc-97"/>
      </symbol>
      <symbol id="sm-1a6">
         <name>_IQ12mpyRndSatTable</name>
         <value>0x3feac0</value>
         <object_component_ref idref="oc-97"/>
      </symbol>
      <symbol id="sm-1a7">
         <name>_IQdivRoundSatTable</name>
         <value>0x3fe502</value>
         <object_component_ref idref="oc-97"/>
      </symbol>
      <symbol id="sm-1a8">
         <name>_IQisqrtRoundSatTable</name>
         <value>0x3fe712</value>
         <object_component_ref idref="oc-97"/>
      </symbol>
      <symbol id="sm-1a9">
         <name>_IQ11mpyRndSatTable</name>
         <value>0x3feacc</value>
         <object_component_ref idref="oc-97"/>
      </symbol>
      <symbol id="sm-1aa">
         <name>_IQcosTable</name>
         <value>0x3fe100</value>
         <object_component_ref idref="oc-97"/>
      </symbol>
      <symbol id="sm-1ab">
         <name>_IQ10mpyRndSatTable</name>
         <value>0x3fead8</value>
         <object_component_ref idref="oc-97"/>
      </symbol>
      <symbol id="sm-1ac">
         <name>_IQmpyRndSatTableEnd</name>
         <value>0x3feb50</value>
         <object_component_ref idref="oc-97"/>
      </symbol>
      <symbol id="sm-1ad">
         <name>_IQ19mpyRndSatTable</name>
         <value>0x3fea6c</value>
         <object_component_ref idref="oc-97"/>
      </symbol>
      <symbol id="sm-1ae">
         <name>_IQ27mpyRndSatTable</name>
         <value>0x3fea0c</value>
         <object_component_ref idref="oc-97"/>
      </symbol>
      <symbol id="sm-1af">
         <name>_IQ18mpyRndSatTable</name>
         <value>0x3fea78</value>
         <object_component_ref idref="oc-97"/>
      </symbol>
      <symbol id="sm-1b0">
         <name>_IQ26mpyRndSatTable</name>
         <value>0x3fea18</value>
         <object_component_ref idref="oc-97"/>
      </symbol>
      <symbol id="sm-1b1">
         <name>_IQ25mpyRndSatTable</name>
         <value>0x3fea24</value>
         <object_component_ref idref="oc-97"/>
      </symbol>
      <symbol id="sm-1b2">
         <name>_IQsinTable</name>
         <value>0x3fe000</value>
         <object_component_ref idref="oc-97"/>
      </symbol>
      <symbol id="sm-1b3">
         <name>_IQ24mpyRndSatTable</name>
         <value>0x3fea30</value>
         <object_component_ref idref="oc-97"/>
      </symbol>
      <symbol id="sm-1b4">
         <name>_IQdivTableEnd</name>
         <value>0x3fe712</value>
         <object_component_ref idref="oc-97"/>
      </symbol>
      <symbol id="sm-1b5">
         <name>_IQ23mpyRndSatTable</name>
         <value>0x3fea3c</value>
         <object_component_ref idref="oc-97"/>
      </symbol>
      <symbol id="sm-1b6">
         <name>_IQ22mpyRndSatTable</name>
         <value>0x3fea48</value>
         <object_component_ref idref="oc-97"/>
      </symbol>
      <symbol id="sm-1b7">
         <name>_IQ21mpyRndSatTable</name>
         <value>0x3fea54</value>
         <object_component_ref idref="oc-97"/>
      </symbol>
      <symbol id="sm-1b8">
         <name>_IQ20mpyRndSatTable</name>
         <value>0x3fea60</value>
         <object_component_ref idref="oc-97"/>
      </symbol>
      <symbol id="sm-1b9">
         <name>_IQsinTableEnd</name>
         <value>0x3fe400</value>
         <object_component_ref idref="oc-97"/>
      </symbol>
      <symbol id="sm-1ba">
         <name>_IQdivTable</name>
         <value>0x3fe510</value>
         <object_component_ref idref="oc-97"/>
      </symbol>
      <symbol id="sm-1bb">
         <name>_IQ2mpyRndSatTable</name>
         <value>0x3feb38</value>
         <object_component_ref idref="oc-97"/>
      </symbol>
      <symbol id="sm-1bc">
         <name>_IQ3mpyRndSatTable</name>
         <value>0x3feb2c</value>
         <object_component_ref idref="oc-97"/>
      </symbol>
      <symbol id="sm-1bd">
         <name>_IQ1mpyRndSatTable</name>
         <value>0x3feb44</value>
         <object_component_ref idref="oc-97"/>
      </symbol>
      <symbol id="sm-1be">
         <name>_IQ29mpyRndSatTable</name>
         <value>0x3fe9f4</value>
         <object_component_ref idref="oc-97"/>
      </symbol>
      <symbol id="sm-1bf">
         <name>_IQ6mpyRndSatTable</name>
         <value>0x3feb08</value>
         <object_component_ref idref="oc-97"/>
      </symbol>
      <symbol id="sm-1c0">
         <name>_IQatan2TableEnd</name>
         <value>0x3fe9e8</value>
         <object_component_ref idref="oc-97"/>
      </symbol>
      <symbol id="sm-1c1">
         <name>_IQ28mpyRndSatTable</name>
         <value>0x3fea00</value>
         <object_component_ref idref="oc-97"/>
      </symbol>
      <symbol id="sm-1c2">
         <name>_IQ7mpyRndSatTable</name>
         <value>0x3feafc</value>
         <object_component_ref idref="oc-97"/>
      </symbol>
      <symbol id="sm-1dd">
         <name>_c_int00</name>
         <value>0x905e</value>
         <object_component_ref idref="oc-4c"/>
      </symbol>
      <symbol id="sm-1de">
         <name>__stack</name>
         <value>0x400</value>
         <object_component_ref idref="oc-98"/>
      </symbol>
      <symbol id="sm-1f4">
         <name>_copy_in</name>
         <value>0x90b4</value>
         <object_component_ref idref="oc-c4"/>
      </symbol>
      <symbol id="sm-203">
         <name>_ppcopy</name>
         <value>0x9145</value>
         <object_component_ref idref="oc-a3"/>
      </symbol>
      <symbol id="sm-204">
         <name>_dpcopy</name>
         <value>0x9145</value>
         <object_component_ref idref="oc-a3"/>
      </symbol>
      <symbol id="sm-205">
         <name>_pdcopy</name>
         <value>0x9145</value>
         <object_component_ref idref="oc-a3"/>
      </symbol>
      <symbol id="sm-206">
         <name>_ddcopy</name>
         <value>0x9145</value>
         <object_component_ref idref="oc-a3"/>
      </symbol>
      <symbol id="sm-21b">
         <name>C$$EXIT</name>
         <value>0x90fa</value>
         <object_component_ref idref="oc-c7"/>
      </symbol>
      <symbol id="sm-21c">
         <name>_exit</name>
         <value>0x90fc</value>
         <object_component_ref idref="oc-c7"/>
      </symbol>
      <symbol id="sm-21d">
         <name>___TI_cleanup_ptr</name>
         <value>0xc00a</value>
         <object_component_ref idref="oc-aa"/>
      </symbol>
      <symbol id="sm-21e">
         <name>___TI_enable_exit_profile_output</name>
         <value>0xc008</value>
         <object_component_ref idref="oc-aa"/>
      </symbol>
      <symbol id="sm-21f">
         <name>_abort</name>
         <value>0x90fa</value>
         <object_component_ref idref="oc-c7"/>
      </symbol>
      <symbol id="sm-220">
         <name>___TI_dtors_ptr</name>
         <value>0xc00c</value>
         <object_component_ref idref="oc-aa"/>
      </symbol>
      <symbol id="sm-22d">
         <name>__system_pre_init</name>
         <value>0x9189</value>
         <object_component_ref idref="oc-c3"/>
      </symbol>
      <symbol id="sm-23a">
         <name>__system_post_cinit</name>
         <value>0x918b</value>
         <object_component_ref idref="oc-c5"/>
      </symbol>
      <symbol id="sm-24f">
         <name>__unlock</name>
         <value>0xc010</value>
         <object_component_ref idref="oc-ce"/>
      </symbol>
      <symbol id="sm-250">
         <name>__lock</name>
         <value>0xc00e</value>
         <object_component_ref idref="oc-c9"/>
      </symbol>
      <symbol id="sm-251">
         <name>__register_lock</name>
         <value>0x917c</value>
         <object_component_ref idref="oc-cc"/>
      </symbol>
      <symbol id="sm-252">
         <name>__nop</name>
         <value>0x9180</value>
         <object_component_ref idref="oc-cc"/>
      </symbol>
      <symbol id="sm-253">
         <name>__register_unlock</name>
         <value>0x9178</value>
         <object_component_ref idref="oc-cc"/>
      </symbol>
      <symbol id="sm-263">
         <name>__args_main</name>
         <value>0x915f</value>
         <object_component_ref idref="oc-c6"/>
      </symbol>
   </symbol_table>
   <title>Link successful</title>
</link_info>
